Microchip MPLAB XC8 Compiler V1.38 ()

Linker command line:

-W-3 --edf=C:\Program Files (x86)\Microchip\xc8\v1.38\dat\en_msgs.txt -cs \
  -h+dist/default/debug\AX1.X.debug.sym \
  --cmf=dist/default/debug\AX1.X.debug.cmf -z -Q18F46K80 \
  -oC:\Users\UTILIS~1\AppData\Local\Temp\skdn0.2 \
  -Mdist/default/debug/AX1.X.debug.map -E1 -ver=XC8 -ASTACK=0E0h-0e40h \
  -pstack=STACK -ACODE=00h-0FFFFh -ACONST=00h-0FFFFh \
  -ASMALLCONST=0F00h-0FFFhx241 -AMEDIUMCONST=0F00h-0FFFFh -ACOMRAM=01h-05Fh \
  -AABS1=00h-0E40h -ABIGRAM=01h-0E40h \
  -ARAM=060h-0FFh,0100h-01FFhx13,0E00h-0E40h -ABANK0=060h-0FFh \
  -ABANK1=0100h-01FFh -ABANK2=0200h-02FFh -ABANK3=0300h-03FFh \
  -ABANK4=0400h-04FFh -ABANK5=0500h-05FFh -ABANK6=0600h-06FFh \
  -ABANK7=0700h-07FFh -ABANK8=0800h-08FFh -ABANK9=0900h-09FFh \
  -ABANK10=0A00h-0AFFh -ABANK11=0B00h-0BFFh -ABANK12=0C00h-0CFFh \
  -ABANK13=0D00h-0DFFh -ABANK14=0E00h-0E40h \
  -ASFR=0E41h-0EFFh,0F00h-0F5Fh,0F60h-0FFCh \
  -preset_vec=00h,intcode=08h,intcodelo,powerup,init,end_init \
  -pramtop=0F00h -psmallconst=SMALLCONST -pmediumconst=MEDIUMCONST \
  -pconst=CONST -AFARRAM=00h-00h -ACONFIG=0300000h-030000Dh -pconfig=CONFIG \
  -AIDLOC=0200000h-0200007h -pidloc=IDLOC -AEEDATA=0F00000h-0F003FFh \
  -peeprom_data=EEDATA \
  -prdata=COMRAM,nvrram=COMRAM,nvbit=COMRAM,rbss=COMRAM,rbit=COMRAM \
  -pfarbss=FARRAM,fardata=FARRAM,nvFARRAM=FARRAM \
  -pintsave_regs=BIGRAM,bigbss=BIGRAM,bigdata=BIGRAM -pbss=RAM \
  -pidata=CODE,irdata=CODE,ibigdata=CODE,ifardata=CODE -prparam=COMRAM \
  C:\Users\UTILIS~1\AppData\Local\Temp\skdn0.obj \
  dist/default/debug\AX1.X.debug.obj 

Object code version is 3.11

Machine type is 18F46K80

Call graph: (short form)




                Name                               Link     Load   Length Selector   Space Scale
C:\Users\UTILIS~1\AppData\Local\Temp\skdn0.obj
                end_init                             8A       8A        4        4       0
                reset_vec                             0        0        6        0       0
                idloc                            200000   200000        8   200000       0
                config                           300000   300000        E   300000       0
dist/default/debug\AX1.X.debug.obj
                intcode                               8        8       82        4       0
                temp                                 2E       2E        1        1       1
                text12                              3D2      3D2       2C        4       0
                text11                              366      366       3E        4       0
                text9                               448      448       16        4       0
                text8                               432      432       16        4       0
                text7                               418      418       1A        4       0
                text6                               470      470        6        4       0
                text5                               45E      45E       12        4       0
                text4                               3A4      3A4       2E        4       0
                text3                               3FE      3FE       1A        4       0
                text2                               1A8      1A8       84        4       0
                text1                               2AC      2AC       6E        4       0
                text0                                8E       8E      11A        4       0
                cstackCOMRAM                          1        1       24        1       1
                dataBANK0                            60       60       80       60       1
                dataCOMRAM                           2D       2D        1        1       1
                bssCOMRAM                            25       25        8        1       1
                cinit                               31A      31A       4C        4       0
                idataBANK0                          22C      22C       80        4       0
                idataCOMRAM                         476      476        1        4       0

TOTAL           Name                               Link     Load   Length     Space
        CLASS   STACK          

        CLASS   CODE           
                end_init                             8A       8A        4         0
                intcode                               8        8       82         0
                reset_vec                             0        0        6         0
                text12                              3D2      3D2       2C         0
                text11                              366      366       3E         0
                text9                               448      448       16         0
                text8                               432      432       16         0
                text7                               418      418       1A         0
                text6                               470      470        6         0
                text5                               45E      45E       12         0
                text4                               3A4      3A4       2E         0
                text3                               3FE      3FE       1A         0
                text2                               1A8      1A8       84         0
                text1                               2AC      2AC       6E         0
                text0                                8E       8E      11A         0
                cinit                               31A      31A       4C         0
                idataBANK0                          22C      22C       80         0
                idataCOMRAM                         476      476        1         0

        CLASS   CONST          

        CLASS   SMALLCONST     

        CLASS   MEDIUMCONST    

        CLASS   COMRAM         
                temp                                 2E       2E        1         1
                cstackCOMRAM                          1        1       24         1
                dataCOMRAM                           2D       2D        1         1
                bssCOMRAM                            25       25        8         1

        CLASS   ABS1           

        CLASS   BIGRAM         

        CLASS   RAM            

        CLASS   BANK0          
                dataBANK0                            60       60       80         1

        CLASS   BANK1          

        CLASS   BANK2          

        CLASS   BANK3          

        CLASS   BANK4          

        CLASS   BANK5          

        CLASS   BANK6          

        CLASS   BANK7          

        CLASS   BANK8          

        CLASS   BANK9          

        CLASS   BANK10         

        CLASS   BANK11         

        CLASS   BANK12         

        CLASS   BANK13         

        CLASS   BANK14         

        CLASS   SFR            

        CLASS   FARRAM         

        CLASS   CONFIG         
                config                           300000   300000        E         0

        CLASS   IDLOC          
                idloc                            200000   200000        8         0

        CLASS   EEDATA         



SEGMENTS        Name                           Load    Length   Top    Selector   Space  Class

                reset_vec                      000000  000006  000006         0       0  CODE    
                cstackCOMRAM                   000001  00002E  00002F         1       1  COMRAM  
                intcode                        000008  00046F  000477         4       0  CODE    
                dataBANK0                      000060  000080  0000E0        60       1  BANK0   
                idloc                          200000  000008  200008    200000       0  IDLOC   
                config                         300000  00000E  30000E    300000       0  CONFIG  


UNUSED ADDRESS RANGES

        Name                Unused          Largest block    Delta
        BANK0            0000E0-0000FF               20
        BANK1            000100-0001FF              100
        BANK10           000A00-000AFF              100
        BANK11           000B00-000BFF              100
        BANK12           000C00-000CFF              100
        BANK13           000D00-000DFF              100
        BANK14           000E00-000E40               41
        BANK2            000200-0002FF              100
        BANK3            000300-0003FF              100
        BANK4            000400-0004FF              100
        BANK5            000500-0005FF              100
        BANK6            000600-0006FF              100
        BANK7            000700-0007FF              100
        BANK8            000800-0008FF              100
        BANK9            000900-0009FF              100
        BIGRAM           00002F-00005F               31
                         0000E0-000E40              D61
        CODE             000006-000007                2
                         000477-00FFFF             FB89
        COMRAM           00002F-00005F               31
        CONST            000006-000007                2
                         000477-00FFFF             FB89
        EEDATA           F00000-F003FF              400
        MEDIUMCONST      000F00-00FFFF             F100
        RAM              0000E0-000E40              100
        SFR              000E41-000FFC               BF
        SMALLCONST       000F00-00FFFF              100
        STACK            0000E0-000E40              D61

                                  Symbol Table

?___awdiv                            cstackCOMRAM 000012
I2C_ISR@i2c_data                     cstackCOMRAM 000003
I2C_StatusCallback@data              cstackCOMRAM 000002
I2C_StatusCallback@i2c_bus_state     cstackCOMRAM 000001
I2C_StatusCallbackOld@EEPROM_Buffer  dataBANK0    000060
I2C_StatusCallbackOld@eepromAddress  bssCOMRAM    00002B
I2C_StatusCallbackOld@slaveWriteType bssCOMRAM    00002C
_BAUDCON1                            (abs)        000FA7
_BAUDCON2                            (abs)        000FB9
_EUSART1_Initialize                  text9        000448
_EUSART2_Initialize                  text8        000432
_GIE                                 (abs)        007F97
_I2C_ISR                             text11       000366
_I2C_Initialize                      text7        000418
_I2C_StatusCallback                  text12       0003D2
_I2C_slaveWriteData                  dataCOMRAM   00002D
_INTCONbits                          (abs)        000FF2
_INTERRUPT_Initialize                text6        000470
_INTERRUPT_InterruptManager          intcode      000008
_IPEN                                (abs)        007E87
_IPR1bits                            (abs)        000F9F
_LATA                                (abs)        000F89
_LATB                                (abs)        000F8A
_LATB0                               (abs)        007C50
_LATB2                               (abs)        007C52
_LATB3                               (abs)        007C53
_LATC                                (abs)        000F8B
_LATC0                               (abs)        007C58
_LATC1                               (abs)        007C59
_LATC2                               (abs)        007C5A
_LATD                                (abs)        000F8C
_LATD0                               (abs)        007C60
_LATD1                               (abs)        007C61
_LATD2                               (abs)        007C62
_LATD3                               (abs)        007C63
_LATE                                (abs)        000F8D
_OSCCON                              (abs)        000FD3
_OSCCON2                             (abs)        000FD2
_OSCILLATOR_Initialize               text5        00045E
_OSCTUNE                             (abs)        000F9B
_PEIE                                (abs)        007F96
_PIE1bits                            (abs)        000F9D
_PIN_MANAGER_Initialize              text4        0003A4
_PIR1bits                            (abs)        000F9E
_PIR3bits                            (abs)        000FA4
_PORTCbits                           (abs)        000F82
_RCREG1                              (abs)        000FAE
_RCREG2                              (abs)        000F7A
_RCSTA1                              (abs)        000FAB
_RCSTA1bits                          (abs)        000FAB
_RCSTA2                              (abs)        000FA6
_RCSTA2bits                          (abs)        000FA6
_REFOCON                             (abs)        000F9A
_SPBRG1                              (abs)        000FAF
_SPBRG2                              (abs)        000F7B
_SPBRGH1                             (abs)        000F7D
_SPBRGH2                             (abs)        000F7C
_SSPADD                              (abs)        000FC8
_SSPBUF                              (abs)        000FC9
_SSPCON1                             (abs)        000FC6
_SSPCON1bits                         (abs)        000FC6
_SSPCON2                             (abs)        000FC5
_SSPIE                               (abs)        007CEB
_SSPIF                               (abs)        007CF3
_SSPSTAT                             (abs)        000FC7
_SSPSTATbits                         (abs)        000FC7
_SYSTEM_Initialize                   text3        0003FE
_TRISA                               (abs)        000F92
_TRISB                               (abs)        000F93
_TRISC                               (abs)        000F94
_TRISC0                              (abs)        007CA0
_TRISC1                              (abs)        007CA1
_TRISC3                              (abs)        007CA3
_TRISC4                              (abs)        007CA4
_TRISD                               (abs)        000F95
_TRISE                               (abs)        000F96
_TXREG1                              (abs)        000FAD
_TXREG2                              (abs)        000F79
_TXSTA1                              (abs)        000FAC
_TXSTA2                              (abs)        000FBA
_WPUB                                (abs)        000F5B
__CFG_BBSIZ$BB2K                     (abs)        000000
__CFG_BOREN$SBORDIS                  (abs)        000000
__CFG_BORPWR$ZPBORMV                 (abs)        000000
__CFG_BORV$3                         (abs)        000000
__CFG_CANMX$PORTB                    (abs)        000000
__CFG_CP0$OFF                        (abs)        000000
__CFG_CP1$OFF                        (abs)        000000
__CFG_CP2$OFF                        (abs)        000000
__CFG_CP3$OFF                        (abs)        000000
__CFG_CPB$OFF                        (abs)        000000
__CFG_CPD$OFF                        (abs)        000000
__CFG_EBTR0$OFF                      (abs)        000000
__CFG_EBTR1$OFF                      (abs)        000000
__CFG_EBTR2$OFF                      (abs)        000000
__CFG_EBTR3$OFF                      (abs)        000000
__CFG_EBTRB$OFF                      (abs)        000000
__CFG_FCMEN$OFF                      (abs)        000000
__CFG_FOSC$HS2                       (abs)        000000
__CFG_IESO$OFF                       (abs)        000000
__CFG_INTOSCSEL$HIGH                 (abs)        000000
__CFG_MCLRE$ON                       (abs)        000000
__CFG_MSSPMSK$MSK7                   (abs)        000000
__CFG_PLLCFG$OFF                     (abs)        000000
__CFG_PWRTEN$OFF                     (abs)        000000
__CFG_RETEN$OFF                      (abs)        000000
__CFG_SOSCSEL$DIG                    (abs)        000000
__CFG_STVREN$ON                      (abs)        000000
__CFG_WDTEN$OFF                      (abs)        000000
__CFG_WDTPS$1048576                  (abs)        000000
__CFG_WRT0$OFF                       (abs)        000000
__CFG_WRT1$OFF                       (abs)        000000
__CFG_WRT2$OFF                       (abs)        000000
__CFG_WRT3$OFF                       (abs)        000000
__CFG_WRTB$OFF                       (abs)        000000
__CFG_WRTC$OFF                       (abs)        000000
__CFG_WRTD$OFF                       (abs)        000000
__CFG_XINST$OFF                      (abs)        000000
__HRAM                               (abs)        000000
__Habs1                              abs1         000000
__Hbank0                             bank0        000000
__Hbank1                             bank1        000000
__Hbank10                            bank10       000000
__Hbank11                            bank11       000000
__Hbank12                            bank12       000000
__Hbank13                            bank13       000000
__Hbank14                            bank14       000000
__Hbank2                             bank2        000000
__Hbank3                             bank3        000000
__Hbank4                             bank4        000000
__Hbank5                             bank5        000000
__Hbank6                             bank6        000000
__Hbank7                             bank7        000000
__Hbank8                             bank8        000000
__Hbank9                             bank9        000000
__Hbigbss                            bigbss       000000
__Hbigdata                           bigdata      000000
__Hbigram                            bigram       000000
__Hbss                               bss          000000
__HbssCOMRAM                         bssCOMRAM    000000
__Hcinit                             cinit        000000
__Hclrtext                           clrtext      000000
__Hcomram                            comram       000000
__Hconfig                            config       30000E
__Hconst                             const        000000
__HcstackCOMRAM                      cstackCOMRAM 000000
__Hdata                              data         000000
__HdataBANK0                         dataBANK0    000000
__HdataCOMRAM                        dataCOMRAM   000000
__Heeprom_data                       eeprom_data  000000
__Hend_init                          end_init     00008E
__Hfarbss                            farbss       000000
__Hfardata                           fardata      000000
__Hibigdata                          ibigdata     000000
__Hidata                             idata        000000
__HidataBANK0                        idataBANK0   000000
__HidataCOMRAM                       idataCOMRAM  000000
__Hidloc                             idloc        200008
__Hifardata                          ifardata     000000
__Hinit                              init         00008A
__Hintcode                           intcode      00008A
__Hintcode_body                      intcode_body 000000
__Hintcodelo                         intcodelo    00008A
__Hintentry                          intentry     000000
__Hintret                            intret       000000
__Hintsave_regs                      intsave_regs 000000
__Hirdata                            irdata       000000
__Hmediumconst                       mediumconst  000000
__HnvFARRAM                          nvFARRAM     000000
__Hnvbit                             nvbit        000000
__Hnvrram                            nvrram       000000
__Hparam                             rparam       000000
__Hpowerup                           powerup      00008A
__Hram                               ram          000000
__Hramtop                            ramtop       000F00
__Hrbit                              rbit         000000
__Hrbss                              rbss         000000
__Hrdata                             rdata        000000
__Hreset_vec                         reset_vec    000006
__Hrparam                            rparam       000000
__Hsfr                               sfr          000000
__Hsmallconst                        smallconst   000000
__Hspace_0                           (abs)        30000E
__Hspace_1                           (abs)        0000E0
__Hspace_2                           (abs)        000000
__Hstack                             stack        000000
__Hstruct                            struct       000000
__Htemp                              temp         00002F
__Htext                              text         000000
__Htext0                             text0        000000
__Htext1                             text1        000000
__Htext11                            text11       000000
__Htext12                            text12       000000
__Htext2                             text2        000000
__Htext3                             text3        000000
__Htext4                             text4        000000
__Htext5                             text5        000000
__Htext6                             text6        000000
__Htext7                             text7        000000
__Htext8                             text8        000000
__Htext9                             text9        000000
__LRAM                               (abs)        000001
__Labs1                              abs1         000000
__Lbank0                             bank0        000000
__Lbank1                             bank1        000000
__Lbank10                            bank10       000000
__Lbank11                            bank11       000000
__Lbank12                            bank12       000000
__Lbank13                            bank13       000000
__Lbank14                            bank14       000000
__Lbank2                             bank2        000000
__Lbank3                             bank3        000000
__Lbank4                             bank4        000000
__Lbank5                             bank5        000000
__Lbank6                             bank6        000000
__Lbank7                             bank7        000000
__Lbank8                             bank8        000000
__Lbank9                             bank9        000000
__Lbigbss                            bigbss       000000
__Lbigdata                           bigdata      000000
__Lbigram                            bigram       000000
__Lbss                               bss          000000
__LbssCOMRAM                         bssCOMRAM    000000
__Lcinit                             cinit        000000
__Lclrtext                           clrtext      000000
__Lcomram                            comram       000000
__Lconfig                            config       300000
__Lconst                             const        000000
__LcstackCOMRAM                      cstackCOMRAM 000000
__Ldata                              data         000000
__LdataBANK0                         dataBANK0    000000
__LdataCOMRAM                        dataCOMRAM   000000
__Leeprom_data                       eeprom_data  000000
__Lend_init                          end_init     00008A
__Lfarbss                            farbss       000000
__Lfardata                           fardata      000000
__Libigdata                          ibigdata     000000
__Lidata                             idata        000000
__LidataBANK0                        idataBANK0   000000
__LidataCOMRAM                       idataCOMRAM  000000
__Lidloc                             idloc        200000
__Lifardata                          ifardata     000000
__Linit                              init         00008A
__Lintcode                           intcode      000008
__Lintcode_body                      intcode_body 000000
__Lintcodelo                         intcodelo    00008A
__Lintentry                          intentry     000000
__Lintret                            intret       000000
__Lintsave_regs                      intsave_regs 000000
__Lirdata                            irdata       000000
__Lmediumconst                       mediumconst  000000
__LnvFARRAM                          nvFARRAM     000000
__Lnvbit                             nvbit        000000
__Lnvrram                            nvrram       000000
__Lparam                             rparam       000000
__Lpowerup                           powerup      00008A
__Lram                               ram          000000
__Lramtop                            ramtop       000F00
__Lrbit                              rbit         000000
__Lrbss                              rbss         000000
__Lrdata                             rdata        000000
__Lreset_vec                         reset_vec    000000
__Lrparam                            rparam       000000
__Lsfr                               sfr          000000
__Lsmallconst                        smallconst   000000
__Lspace_0                           (abs)        000000
__Lspace_1                           (abs)        000000
__Lspace_2                           (abs)        000000
__Lstack                             stack        000000
__Lstruct                            struct       000000
__Ltemp                              temp         00002E
__Ltext                              text         000000
__Ltext0                             text0        000000
__Ltext1                             text1        000000
__Ltext11                            text11       000000
__Ltext12                            text12       000000
__Ltext2                             text2        000000
__Ltext3                             text3        000000
__Ltext4                             text4        000000
__Ltext5                             text5        000000
__Ltext6                             text6        000000
__Ltext7                             text7        000000
__Ltext8                             text8        000000
__Ltext9                             text9        000000
__S0                                 (abs)        30000E
__S1                                 (abs)        0000E0
__S2                                 (abs)        000000
___awdiv                             text2        0001A8
___awdiv@counter                     cstackCOMRAM 000016
___awdiv@dividend                    cstackCOMRAM 000012
___awdiv@divisor                     cstackCOMRAM 000014
___awdiv@quotient                    cstackCOMRAM 000018
___awdiv@sign                        cstackCOMRAM 000017
___inthi_sp                          stack        000000
___intlo_sp                          stack        000000
___param_bank                        (abs)        000010
___rparam_used                       (abs)        000001
___sp                                stack        000000
__accesstop                          (abs)        000060
__activetblptr                       (abs)        000002
__end_of_EUSART1_Initialize          text9        00045E
__end_of_EUSART2_Initialize          text8        000448
__end_of_I2C_ISR                     text11       0003A4
__end_of_I2C_Initialize              text7        000432
__end_of_I2C_StatusCallback          text12       0003FE
__end_of_INTERRUPT_Initialize        text6        000476
__end_of_INTERRUPT_InterruptManager  intcode      00008A
__end_of_OSCILLATOR_Initialize       text5        000470
__end_of_PIN_MANAGER_Initialize      text4        0003D2
__end_of_SYSTEM_Initialize           text3        000418
__end_of___awdiv                     text2        00022C
__end_of__initialization             cinit        000358
__end_of_delay_ms                    text1        00031A
__end_of_main                        text0        0001A8
__initialization                     cinit        00031A
__mediumconst                        mediumconst  000000
__pbssCOMRAM                         bssCOMRAM    000025
__pcinit                             cinit        00031A
__pcstackCOMRAM                      cstackCOMRAM 000001
__pdataBANK0                         dataBANK0    000060
__pdataCOMRAM                        dataCOMRAM   00002D
__pidataBANK0                        idataBANK0   00022C
__pidataCOMRAM                       idataCOMRAM  000476
__pintcode                           intcode      000008
__ptext0                             text0        00008E
__ptext1                             text1        0002AC
__ptext11                            text11       000366
__ptext12                            text12       0003D2
__ptext2                             text2        0001A8
__ptext3                             text3        0003FE
__ptext4                             text4        0003A4
__ptext5                             text5        00045E
__ptext6                             text6        000470
__ptext7                             text7        000418
__ptext8                             text8        000432
__ptext9                             text9        000448
__ramtop                             ramtop       000F00
__size_of_EUSART1_Initialize         (abs)        000000
__size_of_EUSART2_Initialize         (abs)        000000
__size_of_I2C_ISR                    (abs)        000000
__size_of_I2C_Initialize             (abs)        000000
__size_of_I2C_StatusCallback         (abs)        000000
__size_of_INTERRUPT_Initialize       (abs)        000000
__size_of_INTERRUPT_InterruptManager (abs)        000000
__size_of_OSCILLATOR_Initialize      (abs)        000000
__size_of_PIN_MANAGER_Initialize     (abs)        000000
__size_of_SYSTEM_Initialize          (abs)        000000
__size_of___awdiv                    (abs)        000000
__size_of_delay_ms                   (abs)        000000
__size_of_main                       (abs)        000000
__smallconst                         smallconst   000000
_address                             bssCOMRAM    000025
_data                                bssCOMRAM    000027
_delay_ms                            text1        0002AC
_main                                text0        00008E
_n                                   bssCOMRAM    000029
btemp                                temp         00002E
delay_ms@i                           cstackCOMRAM 00001F
delay_ms@ms                          cstackCOMRAM 00001A
delay_ms@n                           cstackCOMRAM 00001D
end_of_initialization                cinit        000358
int$flags                            temp         00002E
intlevel0                            text         000000
intlevel1                            text         000000
intlevel2                            text         000000
intlevel3                            text         000000
main@delay                           cstackCOMRAM 000023
main@i                               cstackCOMRAM 000021
stackhi                              (abs)        000E40
stacklo                              (abs)        0000E0
start                                init         00008A
start_initialization                 cinit        00031A


FUNCTION INFORMATION:

 *************** function _main *****************
 Defined at:
		line 64 in file "main.c"
 Parameters:    Size  Location     Type
		None
 Auto vars:     Size  Location     Type
  i               2   32[COMRAM] int 
  delay           2   34[COMRAM] int 
 Return value:  Size  Location     Type
                  1    wreg      void 
 Registers used:
		wreg, status,2, status,0, cstack
 Tracked objects:
		On entry : 
		On exit  : 
		Unchanged: 
 Data sizes:     COMRAM   BANK0   BANK1   BANK2   BANK3   BANK4   BANK5   BANK6   BANK7   BANK8   BANK9  BANK10  BANK11  BANK12  BANK13  BANK14
      Params:         0       0       0       0       0       0       0       0       0       0       0       0       0       0       0       0
      Locals:         4       0       0       0       0       0       0       0       0       0       0       0       0       0       0       0
      Temps:          0       0       0       0       0       0       0       0       0       0       0       0       0       0       0       0
      Totals:         4       0       0       0       0       0       0       0       0       0       0       0       0       0       0       0
Total ram usage:        4 bytes
 Hardware stack levels required when called:    5
 This function calls:
		_SYSTEM_Initialize
		_delay_ms
 This function is called by:
		Startup code after reset
 This function uses a non-reentrant model


 *************** function _delay_ms *****************
 Defined at:
		line 48 in file "main.c"
 Parameters:    Size  Location     Type
  ms              2   25[COMRAM] int 
 Auto vars:     Size  Location     Type
  i               2   30[COMRAM] int 
  n               2   28[COMRAM] int 
 Return value:  Size  Location     Type
                  1    wreg      void 
 Registers used:
		wreg, status,2, status,0, cstack
 Tracked objects:
		On entry : 
		On exit  : 
		Unchanged: 
 Data sizes:     COMRAM   BANK0   BANK1   BANK2   BANK3   BANK4   BANK5   BANK6   BANK7   BANK8   BANK9  BANK10  BANK11  BANK12  BANK13  BANK14
      Params:         2       0       0       0       0       0       0       0       0       0       0       0       0       0       0       0
      Locals:         4       0       0       0       0       0       0       0       0       0       0       0       0       0       0       0
      Temps:          1       0       0       0       0       0       0       0       0       0       0       0       0       0       0       0
      Totals:         7       0       0       0       0       0       0       0       0       0       0       0       0       0       0       0
Total ram usage:        7 bytes
 Hardware stack levels used:    1
 Hardware stack levels required when called:    4
 This function calls:
		___awdiv
 This function is called by:
		_main
 This function uses a non-reentrant model


 *************** function ___awdiv *****************
 Defined at:
		line 8 in file "C:\Program Files (x86)\Microchip\xc8\v1.38\sources\common\awdiv.c"
 Parameters:    Size  Location     Type
  dividend        2   17[COMRAM] int 
  divisor         2   19[COMRAM] int 
 Auto vars:     Size  Location     Type
  quotient        2   23[COMRAM] int 
  sign            1   22[COMRAM] unsigned char 
  counter         1   21[COMRAM] unsigned char 
 Return value:  Size  Location     Type
                  2   17[COMRAM] int 
 Registers used:
		wreg, status,2, status,0
 Tracked objects:
		On entry : 
		On exit  : 
		Unchanged: 
 Data sizes:     COMRAM   BANK0   BANK1   BANK2   BANK3   BANK4   BANK5   BANK6   BANK7   BANK8   BANK9  BANK10  BANK11  BANK12  BANK13  BANK14
      Params:         4       0       0       0       0       0       0       0       0       0       0       0       0       0       0       0
      Locals:         4       0       0       0       0       0       0       0       0       0       0       0       0       0       0       0
      Temps:          0       0       0       0       0       0       0       0       0       0       0       0       0       0       0       0
      Totals:         8       0       0       0       0       0       0       0       0       0       0       0       0       0       0       0
Total ram usage:        8 bytes
 Hardware stack levels used:    1
 Hardware stack levels required when called:    3
 This function calls:
		Nothing
 This function is called by:
		_delay_ms
 This function uses a non-reentrant model


 *************** function _SYSTEM_Initialize *****************
 Defined at:
		line 111 in file "mcc_generated_files/mcc.c"
 Parameters:    Size  Location     Type
		None
 Auto vars:     Size  Location     Type
		None
 Return value:  Size  Location     Type
                  1    wreg      void 
 Registers used:
		wreg, status,2, cstack
 Tracked objects:
		On entry : 
		On exit  : 
		Unchanged: 
 Data sizes:     COMRAM   BANK0   BANK1   BANK2   BANK3   BANK4   BANK5   BANK6   BANK7   BANK8   BANK9  BANK10  BANK11  BANK12  BANK13  BANK14
      Params:         0       0       0       0       0       0       0       0       0       0       0       0       0       0       0       0
      Locals:         0       0       0       0       0       0       0       0       0       0       0       0       0       0       0       0
      Temps:          0       0       0       0       0       0       0       0       0       0       0       0       0       0       0       0
      Totals:         0       0       0       0       0       0       0       0       0       0       0       0       0       0       0       0
Total ram usage:        0 bytes
 Hardware stack levels used:    1
 Hardware stack levels required when called:    4
 This function calls:
		_EUSART1_Initialize
		_EUSART2_Initialize
		_I2C_Initialize
		_INTERRUPT_Initialize
		_OSCILLATOR_Initialize
		_PIN_MANAGER_Initialize
 This function is called by:
		_main
 This function uses a non-reentrant model


 *************** function _PIN_MANAGER_Initialize *****************
 Defined at:
		line 49 in file "mcc_generated_files/pin_manager.c"
 Parameters:    Size  Location     Type
		None
 Auto vars:     Size  Location     Type
		None
 Return value:  Size  Location     Type
                  1    wreg      void 
 Registers used:
		wreg, status,2
 Tracked objects:
		On entry : 
		On exit  : 
		Unchanged: 
 Data sizes:     COMRAM   BANK0   BANK1   BANK2   BANK3   BANK4   BANK5   BANK6   BANK7   BANK8   BANK9  BANK10  BANK11  BANK12  BANK13  BANK14
      Params:         0       0       0       0       0       0       0       0       0       0       0       0       0       0       0       0
      Locals:         0       0       0       0       0       0       0       0       0       0       0       0       0       0       0       0
      Temps:          0       0       0       0       0       0       0       0       0       0       0       0       0       0       0       0
      Totals:         0       0       0       0       0       0       0       0       0       0       0       0       0       0       0       0
Total ram usage:        0 bytes
 Hardware stack levels used:    1
 Hardware stack levels required when called:    3
 This function calls:
		Nothing
 This function is called by:
		_SYSTEM_Initialize
 This function uses a non-reentrant model


 *************** function _OSCILLATOR_Initialize *****************
 Defined at:
		line 122 in file "mcc_generated_files/mcc.c"
 Parameters:    Size  Location     Type
		None
 Auto vars:     Size  Location     Type
		None
 Return value:  Size  Location     Type
                  1    wreg      void 
 Registers used:
		wreg, status,2
 Tracked objects:
		On entry : 
		On exit  : 
		Unchanged: 
 Data sizes:     COMRAM   BANK0   BANK1   BANK2   BANK3   BANK4   BANK5   BANK6   BANK7   BANK8   BANK9  BANK10  BANK11  BANK12  BANK13  BANK14
      Params:         0       0       0       0       0       0       0       0       0       0       0       0       0       0       0       0
      Locals:         0       0       0       0       0       0       0       0       0       0       0       0       0       0       0       0
      Temps:          0       0       0       0       0       0       0       0       0       0       0       0       0       0       0       0
      Totals:         0       0       0       0       0       0       0       0       0       0       0       0       0       0       0       0
Total ram usage:        0 bytes
 Hardware stack levels used:    1
 Hardware stack levels required when called:    3
 This function calls:
		Nothing
 This function is called by:
		_SYSTEM_Initialize
 This function uses a non-reentrant model


 *************** function _INTERRUPT_Initialize *****************
 Defined at:
		line 51 in file "mcc_generated_files/interrupt_manager.c"
 Parameters:    Size  Location     Type
		None
 Auto vars:     Size  Location     Type
		None
 Return value:  Size  Location     Type
                  1    wreg      void 
 Registers used:
		None
 Tracked objects:
		On entry : 
		On exit  : 
		Unchanged: 
 Data sizes:     COMRAM   BANK0   BANK1   BANK2   BANK3   BANK4   BANK5   BANK6   BANK7   BANK8   BANK9  BANK10  BANK11  BANK12  BANK13  BANK14
      Params:         0       0       0       0       0       0       0       0       0       0       0       0       0       0       0       0
      Locals:         0       0       0       0       0       0       0       0       0       0       0       0       0       0       0       0
      Temps:          0       0       0       0       0       0       0       0       0       0       0       0       0       0       0       0
      Totals:         0       0       0       0       0       0       0       0       0       0       0       0       0       0       0       0
Total ram usage:        0 bytes
 Hardware stack levels used:    1
 Hardware stack levels required when called:    3
 This function calls:
		Nothing
 This function is called by:
		_SYSTEM_Initialize
 This function uses a non-reentrant model


 *************** function _I2C_Initialize *****************
 Defined at:
		line 78 in file "mcc_generated_files/i2c.c"
 Parameters:    Size  Location     Type
		None
 Auto vars:     Size  Location     Type
		None
 Return value:  Size  Location     Type
                  1    wreg      void 
 Registers used:
		wreg, status,2
 Tracked objects:
		On entry : 
		On exit  : 
		Unchanged: 
 Data sizes:     COMRAM   BANK0   BANK1   BANK2   BANK3   BANK4   BANK5   BANK6   BANK7   BANK8   BANK9  BANK10  BANK11  BANK12  BANK13  BANK14
      Params:         0       0       0       0       0       0       0       0       0       0       0       0       0       0       0       0
      Locals:         0       0       0       0       0       0       0       0       0       0       0       0       0       0       0       0
      Temps:          0       0       0       0       0       0       0       0       0       0       0       0       0       0       0       0
      Totals:         0       0       0       0       0       0       0       0       0       0       0       0       0       0       0       0
Total ram usage:        0 bytes
 Hardware stack levels used:    1
 Hardware stack levels required when called:    3
 This function calls:
		Nothing
 This function is called by:
		_SYSTEM_Initialize
 This function uses a non-reentrant model


 *************** function _EUSART2_Initialize *****************
 Defined at:
		line 55 in file "mcc_generated_files/eusart2.c"
 Parameters:    Size  Location     Type
		None
 Auto vars:     Size  Location     Type
		None
 Return value:  Size  Location     Type
                  1    wreg      void 
 Registers used:
		wreg, status,2
 Tracked objects:
		On entry : 
		On exit  : 
		Unchanged: 
 Data sizes:     COMRAM   BANK0   BANK1   BANK2   BANK3   BANK4   BANK5   BANK6   BANK7   BANK8   BANK9  BANK10  BANK11  BANK12  BANK13  BANK14
      Params:         0       0       0       0       0       0       0       0       0       0       0       0       0       0       0       0
      Locals:         0       0       0       0       0       0       0       0       0       0       0       0       0       0       0       0
      Temps:          0       0       0       0       0       0       0       0       0       0       0       0       0       0       0       0
      Totals:         0       0       0       0       0       0       0       0       0       0       0       0       0       0       0       0
Total ram usage:        0 bytes
 Hardware stack levels used:    1
 Hardware stack levels required when called:    3
 This function calls:
		Nothing
 This function is called by:
		_SYSTEM_Initialize
 This function uses a non-reentrant model


 *************** function _EUSART1_Initialize *****************
 Defined at:
		line 55 in file "mcc_generated_files/eusart1.c"
 Parameters:    Size  Location     Type
		None
 Auto vars:     Size  Location     Type
		None
 Return value:  Size  Location     Type
                  1    wreg      void 
 Registers used:
		wreg, status,2
 Tracked objects:
		On entry : 
		On exit  : 
		Unchanged: 
 Data sizes:     COMRAM   BANK0   BANK1   BANK2   BANK3   BANK4   BANK5   BANK6   BANK7   BANK8   BANK9  BANK10  BANK11  BANK12  BANK13  BANK14
      Params:         0       0       0       0       0       0       0       0       0       0       0       0       0       0       0       0
      Locals:         0       0       0       0       0       0       0       0       0       0       0       0       0       0       0       0
      Temps:          0       0       0       0       0       0       0       0       0       0       0       0       0       0       0       0
      Totals:         0       0       0       0       0       0       0       0       0       0       0       0       0       0       0       0
Total ram usage:        0 bytes
 Hardware stack levels used:    1
 Hardware stack levels required when called:    3
 This function calls:
		Nothing
 This function is called by:
		_SYSTEM_Initialize
 This function uses a non-reentrant model


 *************** function _INTERRUPT_InterruptManager *****************
 Defined at:
		line 63 in file "mcc_generated_files/interrupt_manager.c"
 Parameters:    Size  Location     Type
		None
 Auto vars:     Size  Location     Type
		None
 Return value:  Size  Location     Type
                  1    wreg      void 
 Registers used:
		wreg, status,2, status,0, cstack
 Tracked objects:
		On entry : 
		On exit  : 
		Unchanged: 
 Data sizes:     COMRAM   BANK0   BANK1   BANK2   BANK3   BANK4   BANK5   BANK6   BANK7   BANK8   BANK9  BANK10  BANK11  BANK12  BANK13  BANK14
      Params:         0       0       0       0       0       0       0       0       0       0       0       0       0       0       0       0
      Locals:         0       0       0       0       0       0       0       0       0       0       0       0       0       0       0       0
      Temps:         14       0       0       0       0       0       0       0       0       0       0       0       0       0       0       0
      Totals:        14       0       0       0       0       0       0       0       0       0       0       0       0       0       0       0
Total ram usage:       14 bytes
 Hardware stack levels used:    1
 Hardware stack levels required when called:    2
 This function calls:
		_I2C_ISR
 This function is called by:
		Interrupt level 2
 This function uses a non-reentrant model


 *************** function _I2C_ISR *****************
 Defined at:
		line 98 in file "mcc_generated_files/i2c.c"
 Parameters:    Size  Location     Type
		None
 Auto vars:     Size  Location     Type
  i2c_data        1    2[COMRAM] unsigned char 
 Return value:  Size  Location     Type
                  1    wreg      void 
 Registers used:
		wreg, status,2, status,0, cstack
 Tracked objects:
		On entry : 
		On exit  : 
		Unchanged: 
 Data sizes:     COMRAM   BANK0   BANK1   BANK2   BANK3   BANK4   BANK5   BANK6   BANK7   BANK8   BANK9  BANK10  BANK11  BANK12  BANK13  BANK14
      Params:         0       0       0       0       0       0       0       0       0       0       0       0       0       0       0       0
      Locals:         1       0       0       0       0       0       0       0       0       0       0       0       0       0       0       0
      Temps:          0       0       0       0       0       0       0       0       0       0       0       0       0       0       0       0
      Totals:         1       0       0       0       0       0       0       0       0       0       0       0       0       0       0       0
Total ram usage:        1 bytes
 Hardware stack levels used:    1
 Hardware stack levels required when called:    1
 This function calls:
		_I2C_StatusCallback
 This function is called by:
		_INTERRUPT_InterruptManager
 This function uses a non-reentrant model


 *************** function _I2C_StatusCallback *****************
 Defined at:
		line 211 in file "mcc_generated_files/i2c.c"
 Parameters:    Size  Location     Type
  i2c_bus_stat    1    wreg     enum E19105
 Auto vars:     Size  Location     Type
  i2c_bus_stat    1    0[COMRAM] enum E19105
  data            1    1[COMRAM] unsigned char 
 Return value:  Size  Location     Type
                  1    wreg      void 
 Registers used:
		wreg, status,2, status,0
 Tracked objects:
		On entry : 
		On exit  : 
		Unchanged: 
 Data sizes:     COMRAM   BANK0   BANK1   BANK2   BANK3   BANK4   BANK5   BANK6   BANK7   BANK8   BANK9  BANK10  BANK11  BANK12  BANK13  BANK14
      Params:         0       0       0       0       0       0       0       0       0       0       0       0       0       0       0       0
      Locals:         2       0       0       0       0       0       0       0       0       0       0       0       0       0       0       0
      Temps:          0       0       0       0       0       0       0       0       0       0       0       0       0       0       0       0
      Totals:         2       0       0       0       0       0       0       0       0       0       0       0       0       0       0       0
Total ram usage:        2 bytes
 Hardware stack levels used:    1
 This function calls:
		Nothing
 This function is called by:
		_I2C_ISR
 This function uses a non-reentrant model



MODULE INFORMATION

Module		Function		Class		Link	Load	Size
mcc_generated_files/eusart2.c
		_EUSART2_Initialize		CODE           	0432	0000	23

mcc_generated_files/eusart2.c estimated size: 23

mcc_generated_files/interrupt_manager.c
		_INTERRUPT_Initialize		CODE           	0470	0000	7
		_INTERRUPT_InterruptManager		CODE           	0008	0000	131

mcc_generated_files/interrupt_manager.c estimated size: 138

mcc_generated_files/i2c.c
		_I2C_StatusCallback		CODE           	03D2	0000	45
		_I2C_ISR       		CODE           	0366	0000	63
		_I2C_Initialize		CODE           	0418	0000	27

mcc_generated_files/i2c.c estimated size: 135

mcc_generated_files/pin_manager.c
		_PIN_MANAGER_Initialize		CODE           	03A4	0000	47

mcc_generated_files/pin_manager.c estimated size: 47

C:\Program Files (x86)\Microchip\xc8\v1.38\sources\common\awdiv.c
		___awdiv       		CODE           	01A8	0000	133

C:\Program Files (x86)\Microchip\xc8\v1.38\sources\common\awdiv.c estimated size: 133

shared
		__initialization		CODE           	031A	0000	63

shared estimated size: 63

mcc_generated_files/eusart1.c
		_EUSART1_Initialize		CODE           	0448	0000	23

mcc_generated_files/eusart1.c estimated size: 23

mcc_generated_files/mcc.c
		_OSCILLATOR_Initialize		CODE           	045E	0000	19
		_SYSTEM_Initialize		CODE           	03FE	0000	27

mcc_generated_files/mcc.c estimated size: 46

main.c
		_main          		CODE           	008E	0000	283
		_delay_ms      		CODE           	02AC	0000	111

main.c estimated size: 394

