Microchip MPLAB XC8 Compiler V1.41 ()

Linker command line:

-W-3 --edf=C:\Program Files (x86)\Microchip\xc8\v1.41\dat\en_msgs.txt -cs \
  -h+dist/default/production\AX1.X.production.sym \
  --cmf=dist/default/production\AX1.X.production.cmf -z -Q18F46K80 \
  -oC:\Users\UTILIS~1\AppData\Local\Temp\su34.2 \
  -Mdist/default/production/AX1.X.production.map -E1 -ver=XC8 \
  -ASTACK=0EAh-0e40h -pstack=STACK -ACODE=00h-0FFFFh -ACONST=00h-0FFFFh \
  -ASMALLCONST=0F00h-0FFFhx241 -AMEDIUMCONST=0F00h-0FFFFh -ACOMRAM=01h-05Fh \
  -AABS1=00h-0E40h -ABIGRAM=01h-0E40h \
  -ARAM=060h-0FFh,0100h-01FFhx13,0E00h-0E40h -ABANK0=060h-0FFh \
  -ABANK1=0100h-01FFh -ABANK2=0200h-02FFh -ABANK3=0300h-03FFh \
  -ABANK4=0400h-04FFh -ABANK5=0500h-05FFh -ABANK6=0600h-06FFh \
  -ABANK7=0700h-07FFh -ABANK8=0800h-08FFh -ABANK9=0900h-09FFh \
  -ABANK10=0A00h-0AFFh -ABANK11=0B00h-0BFFh -ABANK12=0C00h-0CFFh \
  -ABANK13=0D00h-0DFFh -ABANK14=0E00h-0E40h \
  -ASFR=0E41h-0EFFh,0F00h-0F5Fh,0F60h-0FFFh \
  -preset_vec=00h,intcode=08h,intcodelo,powerup,init -pramtop=0F00h \
  -psmallconst=SMALLCONST -pmediumconst=MEDIUMCONST -pconst=CONST \
  -AFARRAM=00h-00h -ACONFIG=0300000h-030000Dh -pconfig=CONFIG \
  -AIDLOC=0200000h-0200007h -pidloc=IDLOC -AEEDATA=0F00000h-0F003FFh \
  -peeprom_data=EEDATA \
  -prdata=COMRAM,nvrram=COMRAM,nvbit=COMRAM,rbss=COMRAM,rbit=COMRAM \
  -pfarbss=FARRAM,fardata=FARRAM,nvFARRAM=FARRAM \
  -pintsave_regs=BIGRAM,bigbss=BIGRAM,bigdata=BIGRAM -pbss=RAM \
  -pidata=CODE,irdata=CODE,ibigdata=CODE,ifardata=CODE -prparam=COMRAM \
  C:\Users\UTILIS~1\AppData\Local\Temp\su34.obj \
  dist/default/production\AX1.X.production.obj 

Object code version is 3.11

Machine type is 18F46K80

Call graph: (short form)




                Name                               Link     Load   Length Selector   Space Scale
C:\Users\UTILIS~1\AppData\Local\Temp\su34.obj
                init                                 96       96        4        4       0
                reset_vec                             0        0        4        0       0
                idloc                            200000   200000        8   200000       0
                config                           300000   300000        E   300000       0
dist/default/production\AX1.X.production.obj
                intcode                               8        8       8E        4       0
                temp                                 5F       5F        1        1       1
                smallconst                          F00      F00       74      780       0
                text39                             22D4     22D4        4      7BA       0
                text38                             20D6     20D6       3C      7BA       0
                text37                             227E     227E       10      7BA       0
                text36                             22B6     22B6        C      7BA       0
                text35                             16FE     16FE      13C      7BA       0
                text34                             2034     2034       62      7BA       0
                text33                             1F56     1F56       78      7BA       0
                text32                             1C2E     1C2E       98      7BA       0
                text31                             1D54     1D54       8C      7BA       0
                text30                             21BC     21BC       30      7BA       0
                text29                             1582     1582      17C      7BA       0
                text28                             1EDC     1EDC       7A      7BA       0
                text27                             1E62     1E62       7A      7BA       0
                text26                             183A     183A      134      7BA       0
                text25                             1DE0     1DE0       82      7BA       0
                text24                             1FCE     1FCE       66      7BA       0
                text23                             22AA     22AA        C      7BA       0
                text22                             22C2     22C2        A      7BA       0
                text21                             13C8     13C8      1BA      7BA       0
                text20                             1AE8     1AE8       AC      7BA       0
                text18                             2096     2096       40      7BA       0
                text17                             2228     2228       18      7BA       0
                text16                             2256     2256       16      7BA       0
                text15                             2240     2240       16      7BA       0
                text14                             220E     220E       1A      7BA       0
                text13                             22D0     22D0        4      7BA       0
                text12                             226C     226C       12      7BA       0
                text11                             214C     214C       3A      7BA       0
                text10                             22CC     22CC        4      7BA       0
                text9                              2112     2112       3A      7BA       0
                text8                              21EC     21EC       22      7BA       0
                text7                              196E     196E       BE      7BA       0
                text6                              1CC6     1CC6       8E      7BA       0
                text5                              1A2C     1A2C       BC      7BA       0
                text4                              1B94     1B94       9A      7BA       0
                text3                              229C     229C        E      7BA       0
                text2                              228E     228E        E      7BA       0
                text1                              11C4     11C4      204      7BA       0
                text0                               F74      F74      250      7BA       0
                cstackCOMRAM                          1        1       5D        1       1
                cstackBANK0                          A6       A6       41       60       1
                dataBANK0                            E7       E7        3       60       1
                bssBANK0                             60       60       46       60       1
                bssCOMRAM                            5E       5E        1        1       1
                cinit                              2186     2186       36      7BA       0
                idataBANK0                         22D8     22D8        3      7BA       0

TOTAL           Name                               Link     Load   Length     Space
        CLASS   STACK          

        CLASS   CODE           
                intcode                               8        8       8E         0
                init                                 96       96        4         0
                reset_vec                             0        0        4         0
                text39                             22D4     22D4        4         0
                text38                             20D6     20D6       3C         0
                text37                             227E     227E       10         0
                text36                             22B6     22B6        C         0
                text35                             16FE     16FE      13C         0
                text34                             2034     2034       62         0
                text33                             1F56     1F56       78         0
                text32                             1C2E     1C2E       98         0
                text31                             1D54     1D54       8C         0
                text30                             21BC     21BC       30         0
                text29                             1582     1582      17C         0
                text28                             1EDC     1EDC       7A         0
                text27                             1E62     1E62       7A         0
                text26                             183A     183A      134         0
                text25                             1DE0     1DE0       82         0
                text24                             1FCE     1FCE       66         0
                text23                             22AA     22AA        C         0
                text22                             22C2     22C2        A         0
                text21                             13C8     13C8      1BA         0
                text20                             1AE8     1AE8       AC         0
                text18                             2096     2096       40         0
                text17                             2228     2228       18         0
                text16                             2256     2256       16         0
                text15                             2240     2240       16         0
                text14                             220E     220E       1A         0
                text13                             22D0     22D0        4         0
                text12                             226C     226C       12         0
                text11                             214C     214C       3A         0
                text10                             22CC     22CC        4         0
                text9                              2112     2112       3A         0
                text8                              21EC     21EC       22         0
                text7                              196E     196E       BE         0
                text6                              1CC6     1CC6       8E         0
                text5                              1A2C     1A2C       BC         0
                text4                              1B94     1B94       9A         0
                text3                              229C     229C        E         0
                text2                              228E     228E        E         0
                text1                              11C4     11C4      204         0
                text0                               F74      F74      250         0
                cinit                              2186     2186       36         0
                idataBANK0                         22D8     22D8        3         0

        CLASS   CONST          

        CLASS   SMALLCONST     
                smallconst                          F00      F00       74         0

        CLASS   MEDIUMCONST    

        CLASS   COMRAM         
                temp                                 5F       5F        1         1
                cstackCOMRAM                          1        1       5D         1
                bssCOMRAM                            5E       5E        1         1

        CLASS   ABS1           

        CLASS   BIGRAM         

        CLASS   RAM            

        CLASS   BANK0          
                cstackBANK0                          A6       A6       41         1
                dataBANK0                            E7       E7        3         1
                bssBANK0                             60       60       46         1

        CLASS   BANK1          

        CLASS   BANK2          

        CLASS   BANK3          

        CLASS   BANK4          

        CLASS   BANK5          

        CLASS   BANK6          

        CLASS   BANK7          

        CLASS   BANK8          

        CLASS   BANK9          

        CLASS   BANK10         

        CLASS   BANK11         

        CLASS   BANK12         

        CLASS   BANK13         

        CLASS   BANK14         

        CLASS   SFR            

        CLASS   FARRAM         

        CLASS   CONFIG         
                config                           300000   300000        E         0

        CLASS   IDLOC          
                idloc                            200000   200000        8         0

        CLASS   EEDATA         



SEGMENTS        Name                           Load    Length   Top    Selector   Space  Class

                reset_vec                      000000  000004  000004         0       0  CODE    
                cstackCOMRAM                   000001  00005F  000060         1       1  COMRAM  
                intcode                        000008  000092  00009A         4       0  CODE    
                bssBANK0                       000060  00008A  0000EA        60       1  BANK0   
                smallconst                     000F00  000074  000F74       780       0  SMALLCON
                text0                          000F74  001367  0022DB       7BA       0  CODE    
                idloc                          200000  000008  200008    200000       0  IDLOC   
                config                         300000  00000E  30000E    300000       0  CONFIG  


UNUSED ADDRESS RANGES

        Name                Unused          Largest block    Delta
        BANK0            0000EA-0000FF               16
        BANK1            000100-0001FF              100
        BANK10           000A00-000AFF              100
        BANK11           000B00-000BFF              100
        BANK12           000C00-000CFF              100
        BANK13           000D00-000DFF              100
        BANK14           000E00-000E40               41
        BANK2            000200-0002FF              100
        BANK3            000300-0003FF              100
        BANK4            000400-0004FF              100
        BANK5            000500-0005FF              100
        BANK6            000600-0006FF              100
        BANK7            000700-0007FF              100
        BANK8            000800-0008FF              100
        BANK9            000900-0009FF              100
        BIGRAM           0000EA-000E40              D57
        CODE             000004-000007                4
                         00009A-000EFF              E66
                         0022DB-00FFFF             DD25
        CONST            000004-000007                4
                         00009A-000EFF              E66
                         0022DB-00FFFF             DD25
        EEDATA           F00000-F003FF              400
        MEDIUMCONST      0022DB-00FFFF             DD25
        RAM              0000EA-000E40              100
        SFR              000E41-000FFF               BF
        SMALLCONST       0022DB-00FFFF              100
        STACK            0000EA-000E40              D57

                                  Symbol Table

?_ADC_GetConversion                  cstackBANK0  0000B4
?___awdiv                            cstackBANK0  0000B4
?___lldiv                            cstackBANK0  0000B4
?___llmod                            cstackBANK0  0000C1
?_getAddressSize                     cstackCOMRAM 000001
?_pingAX                             cstackCOMRAM 000018
?_printf                             cstackBANK0  0000CA
?_readAXData                         cstackCOMRAM 000018
?_writeAXData                        cstackCOMRAM 000018
?i2_ADC_GetConversion                cstackCOMRAM 000001
?i2___lldiv                          cstackCOMRAM 000001
?i2___llmod                          cstackCOMRAM 00000E
?i2_printf                           cstackCOMRAM 000017
ADC_GetConversion@channel            cstackBANK0  0000B8
EUSART1_Write@txData                 cstackCOMRAM 000001
EUSART2_Write@txData                 cstackBANK0  0000B4
_ADCON0                              (abs)        000FC2
_ADCON0bits                          (abs)        000FC2
_ADCON1                              (abs)        000FC1
_ADCON2                              (abs)        000FC0
_ADC_GetConversion                   text18       002096
_ADC_ISR                             text39       0022D4
_ADC_Initialize                      text17       002228
_ADRESH                              (abs)        000FC4
_ADRESL                              (abs)        000FC3
_ANCON0                              (abs)        000F5D
_ANCON1                              (abs)        000F5C
_BAUDCON1                            (abs)        000FA7
_BAUDCON2                            (abs)        000FB9
_BCLIF                               (abs)        007D0B
_EUSART1_Initialize                  text16       002256
_EUSART1_Read                        text37       00227E
_EUSART1_Write                       text36       0022B6
_EUSART2_Initialize                  text15       002240
_EUSART2_Write                       text3        00229C
_I2C_ISR                             text20       001AE8
_I2C_Initialize                      text14       00220E
_I2C_slaveWriteData                  dataBANK0    0000E9
_INTCONbits                          (abs)        000FF2
_INTERRUPT_Initialize                text13       0022D0
_INTERRUPT_InterruptManager          intcode      000008
_LATA                                (abs)        000F89
_LATB                                (abs)        000F8A
_LATBbits                            (abs)        000F8A
_LATC                                (abs)        000F8B
_LATCbits                            (abs)        000F8B
_LATD                                (abs)        000F8C
_LATDbits                            (abs)        000F8C
_LATE                                (abs)        000F8D
_OSCCON                              (abs)        000FD3
_OSCCON2                             (abs)        000FD2
_OSCILLATOR_Initialize               text12       00226C
_OSCTUNE                             (abs)        000F9B
_PIE1bits                            (abs)        000F9D
_PIN_MANAGER_Initialize              text11       00214C
_PIR1bits                            (abs)        000F9E
_PIR3bits                            (abs)        000FA4
_PORTCbits                           (abs)        000F82
_RCONbits                            (abs)        000FD0
_RCREG1                              (abs)        000FAE
_RCREG2                              (abs)        000F7A
_RCSTA1                              (abs)        000FAB
_RCSTA1bits                          (abs)        000FAB
_RCSTA2                              (abs)        000FA6
_RCSTA2bits                          (abs)        000FA6
_REFOCON                             (abs)        000F9A
_SPBRG1                              (abs)        000FAF
_SPBRG2                              (abs)        000F7B
_SPBRGH1                             (abs)        000F7D
_SPBRGH2                             (abs)        000F7C
_SSPADD                              (abs)        000FC8
_SSPBUF                              (abs)        000FC9
_SSPCON1                             (abs)        000FC6
_SSPCON1bits                         (abs)        000FC6
_SSPCON2                             (abs)        000FC5
_SSPIF                               (abs)        007CF3
_SSPSTAT                             (abs)        000FC7
_SSPSTATbits                         (abs)        000FC7
_SYSTEM_Initialize                   text8        0021EC
_T1CON                               (abs)        000FCD
_T1CONbits                           (abs)        000FCD
_T1GCON                              (abs)        000FAA
_T1GCONbits                          (abs)        000FAA
_TMR1H                               (abs)        000FCF
_TMR1L                               (abs)        000FCE
_TMR1_Initialize                     text9        002112
_TMR1_InterruptHandler               bssBANK0     00009A
_TMR1_StartTimer                     text10       0022CC
_TRISA                               (abs)        000F92
_TRISB                               (abs)        000F93
_TRISC                               (abs)        000F94
_TRISD                               (abs)        000F95
_TRISE                               (abs)        000F96
_TXREG1                              (abs)        000FAD
_TXREG2                              (abs)        000F79
_TXSTA1                              (abs)        000FAC
_TXSTA2                              (abs)        000FBA
_WPUB                                (abs)        000F5B
__CFG_BBSIZ$BB2K                     (abs)        000000
__CFG_BOREN$SBORDIS                  (abs)        000000
__CFG_BORPWR$ZPBORMV                 (abs)        000000
__CFG_BORV$3                         (abs)        000000
__CFG_CANMX$PORTB                    (abs)        000000
__CFG_CP0$OFF                        (abs)        000000
__CFG_CP1$OFF                        (abs)        000000
__CFG_CP2$OFF                        (abs)        000000
__CFG_CP3$OFF                        (abs)        000000
__CFG_CPB$OFF                        (abs)        000000
__CFG_CPD$OFF                        (abs)        000000
__CFG_EBTR0$OFF                      (abs)        000000
__CFG_EBTR1$OFF                      (abs)        000000
__CFG_EBTR2$OFF                      (abs)        000000
__CFG_EBTR3$OFF                      (abs)        000000
__CFG_EBTRB$OFF                      (abs)        000000
__CFG_FCMEN$OFF                      (abs)        000000
__CFG_FOSC$HS2                       (abs)        000000
__CFG_IESO$OFF                       (abs)        000000
__CFG_INTOSCSEL$HIGH                 (abs)        000000
__CFG_MCLRE$ON                       (abs)        000000
__CFG_MSSPMSK$MSK7                   (abs)        000000
__CFG_PLLCFG$ON                      (abs)        000000
__CFG_PWRTEN$OFF                     (abs)        000000
__CFG_RETEN$OFF                      (abs)        000000
__CFG_SOSCSEL$DIG                    (abs)        000000
__CFG_STVREN$ON                      (abs)        000000
__CFG_WDTEN$OFF                      (abs)        000000
__CFG_WDTPS$1048576                  (abs)        000000
__CFG_WRT0$OFF                       (abs)        000000
__CFG_WRT1$OFF                       (abs)        000000
__CFG_WRT2$OFF                       (abs)        000000
__CFG_WRT3$OFF                       (abs)        000000
__CFG_WRTB$OFF                       (abs)        000000
__CFG_WRTC$OFF                       (abs)        000000
__CFG_WRTD$OFF                       (abs)        000000
__CFG_XINST$OFF                      (abs)        000000
__HRAM                               (abs)        000000
__Habs1                              abs1         000000
__Hbank0                             bank0        000000
__Hbank1                             bank1        000000
__Hbank10                            bank10       000000
__Hbank11                            bank11       000000
__Hbank12                            bank12       000000
__Hbank13                            bank13       000000
__Hbank14                            bank14       000000
__Hbank2                             bank2        000000
__Hbank3                             bank3        000000
__Hbank4                             bank4        000000
__Hbank5                             bank5        000000
__Hbank6                             bank6        000000
__Hbank7                             bank7        000000
__Hbank8                             bank8        000000
__Hbank9                             bank9        000000
__Hbigbss                            bigbss       000000
__Hbigdata                           bigdata      000000
__Hbigram                            bigram       000000
__Hbss                               bss          000000
__HbssBANK0                          bssBANK0     000000
__HbssCOMRAM                         bssCOMRAM    000000
__Hcinit                             cinit        000000
__Hclrtext                           clrtext      000000
__Hcomram                            comram       000000
__Hconfig                            config       30000E
__Hconst                             const        000000
__HcstackBANK0                       cstackBANK0  000000
__HcstackCOMRAM                      cstackCOMRAM 000000
__Hdata                              data         000000
__HdataBANK0                         dataBANK0    000000
__Heeprom_data                       eeprom_data  000000
__Hfarbss                            farbss       000000
__Hfardata                           fardata      000000
__Hibigdata                          ibigdata     000000
__Hidata                             idata        000000
__HidataBANK0                        idataBANK0   000000
__Hidloc                             idloc        200008
__Hifardata                          ifardata     000000
__Hinit                              init         00009A
__Hintcode                           intcode      000096
__Hintcode_body                      intcode_body 000000
__Hintcodelo                         intcodelo    000096
__Hintentry                          intentry     000000
__Hintret                            intret       000000
__Hintsave_regs                      intsave_regs 000000
__Hirdata                            irdata       000000
__Hmediumconst                       mediumconst  000000
__HnvFARRAM                          nvFARRAM     000000
__Hnvbit                             nvbit        000000
__Hnvrram                            nvrram       000000
__Hparam                             rparam       000000
__Hpowerup                           powerup      000096
__Hram                               ram          000000
__Hramtop                            ramtop       000F00
__Hrbit                              rbit         000000
__Hrbss                              rbss         000000
__Hrdata                             rdata        000000
__Hreset_vec                         reset_vec    000004
__Hrparam                            rparam       000000
__Hsfr                               sfr          000000
__Hsmallconst                        smallconst   000F74
__Hspace_0                           (abs)        30000E
__Hspace_1                           (abs)        0000EA
__Hspace_2                           (abs)        000000
__Hstack                             stack        000000
__Hstruct                            struct       000000
__Htemp                              temp         000060
__Htext                              text         000000
__Htext0                             text0        000000
__Htext1                             text1        000000
__Htext10                            text10       000000
__Htext11                            text11       000000
__Htext12                            text12       000000
__Htext13                            text13       000000
__Htext14                            text14       000000
__Htext15                            text15       000000
__Htext16                            text16       000000
__Htext17                            text17       000000
__Htext18                            text18       000000
__Htext2                             text2        000000
__Htext20                            text20       000000
__Htext21                            text21       000000
__Htext22                            text22       000000
__Htext23                            text23       000000
__Htext24                            text24       000000
__Htext25                            text25       000000
__Htext26                            text26       000000
__Htext27                            text27       000000
__Htext28                            text28       000000
__Htext29                            text29       000000
__Htext3                             text3        000000
__Htext30                            text30       000000
__Htext31                            text31       000000
__Htext32                            text32       000000
__Htext33                            text33       000000
__Htext34                            text34       000000
__Htext35                            text35       000000
__Htext36                            text36       000000
__Htext37                            text37       000000
__Htext38                            text38       000000
__Htext39                            text39       000000
__Htext4                             text4        000000
__Htext5                             text5        000000
__Htext6                             text6        000000
__Htext7                             text7        000000
__Htext8                             text8        000000
__Htext9                             text9        000000
__LRAM                               (abs)        000001
__Labs1                              abs1         000000
__Lbank0                             bank0        000000
__Lbank1                             bank1        000000
__Lbank10                            bank10       000000
__Lbank11                            bank11       000000
__Lbank12                            bank12       000000
__Lbank13                            bank13       000000
__Lbank14                            bank14       000000
__Lbank2                             bank2        000000
__Lbank3                             bank3        000000
__Lbank4                             bank4        000000
__Lbank5                             bank5        000000
__Lbank6                             bank6        000000
__Lbank7                             bank7        000000
__Lbank8                             bank8        000000
__Lbank9                             bank9        000000
__Lbigbss                            bigbss       000000
__Lbigdata                           bigdata      000000
__Lbigram                            bigram       000000
__Lbss                               bss          000000
__LbssBANK0                          bssBANK0     000000
__LbssCOMRAM                         bssCOMRAM    000000
__Lcinit                             cinit        000000
__Lclrtext                           clrtext      000000
__Lcomram                            comram       000000
__Lconfig                            config       300000
__Lconst                             const        000000
__LcstackBANK0                       cstackBANK0  000000
__LcstackCOMRAM                      cstackCOMRAM 000000
__Ldata                              data         000000
__LdataBANK0                         dataBANK0    000000
__Leeprom_data                       eeprom_data  000000
__Lfarbss                            farbss       000000
__Lfardata                           fardata      000000
__Libigdata                          ibigdata     000000
__Lidata                             idata        000000
__LidataBANK0                        idataBANK0   000000
__Lidloc                             idloc        200000
__Lifardata                          ifardata     000000
__Linit                              init         000096
__Lintcode                           intcode      000008
__Lintcode_body                      intcode_body 000000
__Lintcodelo                         intcodelo    000096
__Lintentry                          intentry     000000
__Lintret                            intret       000000
__Lintsave_regs                      intsave_regs 000000
__Lirdata                            irdata       000000
__Lmediumconst                       mediumconst  000000
__LnvFARRAM                          nvFARRAM     000000
__Lnvbit                             nvbit        000000
__Lnvrram                            nvrram       000000
__Lparam                             rparam       000000
__Lpowerup                           powerup      000096
__Lram                               ram          000000
__Lramtop                            ramtop       000F00
__Lrbit                              rbit         000000
__Lrbss                              rbss         000000
__Lrdata                             rdata        000000
__Lreset_vec                         reset_vec    000000
__Lrparam                            rparam       000000
__Lsfr                               sfr          000000
__Lsmallconst                        smallconst   000F00
__Lspace_0                           (abs)        000000
__Lspace_1                           (abs)        000000
__Lspace_2                           (abs)        000000
__Lstack                             stack        000000
__Lstruct                            struct       000000
__Ltemp                              temp         00005F
__Ltext                              text         000000
__Ltext0                             text0        000000
__Ltext1                             text1        000000
__Ltext10                            text10       000000
__Ltext11                            text11       000000
__Ltext12                            text12       000000
__Ltext13                            text13       000000
__Ltext14                            text14       000000
__Ltext15                            text15       000000
__Ltext16                            text16       000000
__Ltext17                            text17       000000
__Ltext18                            text18       000000
__Ltext2                             text2        000000
__Ltext20                            text20       000000
__Ltext21                            text21       000000
__Ltext22                            text22       000000
__Ltext23                            text23       000000
__Ltext24                            text24       000000
__Ltext25                            text25       000000
__Ltext26                            text26       000000
__Ltext27                            text27       000000
__Ltext28                            text28       000000
__Ltext29                            text29       000000
__Ltext3                             text3        000000
__Ltext30                            text30       000000
__Ltext31                            text31       000000
__Ltext32                            text32       000000
__Ltext33                            text33       000000
__Ltext34                            text34       000000
__Ltext35                            text35       000000
__Ltext36                            text36       000000
__Ltext37                            text37       000000
__Ltext38                            text38       000000
__Ltext39                            text39       000000
__Ltext4                             text4        000000
__Ltext5                             text5        000000
__Ltext6                             text6        000000
__Ltext7                             text7        000000
__Ltext8                             text8        000000
__Ltext9                             text9        000000
__S0                                 (abs)        30000E
__S1                                 (abs)        0000EA
__S2                                 (abs)        000000
___awdiv                             text7        00196E
___awdiv@counter                     cstackBANK0  0000B8
___awdiv@dividend                    cstackBANK0  0000B4
___awdiv@divisor                     cstackBANK0  0000B6
___awdiv@quotient                    cstackBANK0  0000BA
___awdiv@sign                        cstackBANK0  0000B9
___inthi_sp                          stack        000000
___intlo_sp                          stack        000000
___lldiv                             text5        001A2C
___lldiv@counter                     cstackBANK0  0000C0
___lldiv@dividend                    cstackBANK0  0000B4
___lldiv@divisor                     cstackBANK0  0000B8
___lldiv@quotient                    cstackBANK0  0000BC
___llmod                             text4        001B94
___llmod@counter                     cstackBANK0  0000C9
___llmod@dividend                    cstackBANK0  0000C1
___llmod@divisor                     cstackBANK0  0000C5
___param_bank                        (abs)        000000
___rparam_used                       (abs)        000001
___sp                                stack        000000
__accesstop                          (abs)        000060
__activetblptr                       (abs)        000003
__end_of_ADC_GetConversion           text18       0020D6
__end_of_ADC_ISR                     text39       0022D8
__end_of_ADC_Initialize              text17       002240
__end_of_EUSART1_Initialize          text16       00226C
__end_of_EUSART1_Read                text37       00228E
__end_of_EUSART1_Write               text36       0022C2
__end_of_EUSART2_Initialize          text15       002256
__end_of_EUSART2_Write               text3        0022AA
__end_of_I2C_ISR                     text20       001B94
__end_of_I2C_Initialize              text14       002228
__end_of_INTERRUPT_Initialize        text13       0022D4
__end_of_INTERRUPT_InterruptManager  intcode      000096
__end_of_OSCILLATOR_Initialize       text12       00227E
__end_of_PIN_MANAGER_Initialize      text11       002186
__end_of_SYSTEM_Initialize           text8        00220E
__end_of_TMR1_Initialize             text9        00214C
__end_of_TMR1_StartTimer             text10       0022D0
__end_of___awdiv                     text7        001A2C
__end_of___lldiv                     text5        001AE8
__end_of___llmod                     text4        001C2E
__end_of__initialization             cinit        0021B2
__end_of_clearState                  text38       002112
__end_of_delay_ms                    text6        001D54
__end_of_dpowers                     smallconst   000F29
__end_of_getAddressSize              text33       001FCE
__end_of_getByteToSend               text29       0016FE
__end_of_handleByteReceived          text26       00196E
__end_of_main                        text0        0011C4
__end_of_pingAX                      text34       002096
__end_of_printf                      text1        0013C8
__end_of_putch                       text2        00229C
__end_of_readAXData                  text32       001CC6
__end_of_sendAX                      text35       00183A
__end_of_setLedOff                   text28       001F56
__end_of_setLedOn                    text27       001EDC
__end_of_writeAXData                 text31       001DE0
__end_ofi2_ADC_GetConversion         text30       0021EC
__end_ofi2_EUSART2_Write             text23       0022B6
__end_ofi2___lldiv                   text25       001E62
__end_ofi2___llmod                   text24       002034
__end_ofi2_printf                    text21       001582
__end_ofi2_putch                     text22       0022CC
__initialization                     cinit        002186
__mediumconst                        mediumconst  000000
__pbssBANK0                          bssBANK0     000060
__pbssCOMRAM                         bssCOMRAM    00005E
__pcinit                             cinit        002186
__pcstackBANK0                       cstackBANK0  0000A6
__pcstackCOMRAM                      cstackCOMRAM 000001
__pdataBANK0                         dataBANK0    0000E7
__pidataBANK0                        idataBANK0   0022D8
__pintcode                           intcode      000008
__psmallconst                        smallconst   000F00
__ptext0                             text0        000F74
__ptext1                             text1        0011C4
__ptext10                            text10       0022CC
__ptext11                            text11       00214C
__ptext12                            text12       00226C
__ptext13                            text13       0022D0
__ptext14                            text14       00220E
__ptext15                            text15       002240
__ptext16                            text16       002256
__ptext17                            text17       002228
__ptext18                            text18       002096
__ptext2                             text2        00228E
__ptext20                            text20       001AE8
__ptext21                            text21       0013C8
__ptext22                            text22       0022C2
__ptext23                            text23       0022AA
__ptext24                            text24       001FCE
__ptext25                            text25       001DE0
__ptext26                            text26       00183A
__ptext27                            text27       001E62
__ptext28                            text28       001EDC
__ptext29                            text29       001582
__ptext3                             text3        00229C
__ptext30                            text30       0021BC
__ptext31                            text31       001D54
__ptext32                            text32       001C2E
__ptext33                            text33       001F56
__ptext34                            text34       002034
__ptext35                            text35       0016FE
__ptext36                            text36       0022B6
__ptext37                            text37       00227E
__ptext38                            text38       0020D6
__ptext39                            text39       0022D4
__ptext4                             text4        001B94
__ptext5                             text5        001A2C
__ptext6                             text6        001CC6
__ptext7                             text7        00196E
__ptext8                             text8        0021EC
__ptext9                             text9        002112
__ramtop                             ramtop       000F00
__size_of_ADC_GetConversion          (abs)        000000
__size_of_ADC_ISR                    (abs)        000000
__size_of_ADC_Initialize             (abs)        000000
__size_of_EUSART1_Initialize         (abs)        000000
__size_of_EUSART1_Read               (abs)        000000
__size_of_EUSART1_Write              (abs)        000000
__size_of_EUSART2_Initialize         (abs)        000000
__size_of_EUSART2_Write              (abs)        000000
__size_of_I2C_ISR                    (abs)        000000
__size_of_I2C_Initialize             (abs)        000000
__size_of_INTERRUPT_Initialize       (abs)        000000
__size_of_INTERRUPT_InterruptManager (abs)        000000
__size_of_OSCILLATOR_Initialize      (abs)        000000
__size_of_PIN_MANAGER_Initialize     (abs)        000000
__size_of_SYSTEM_Initialize          (abs)        000000
__size_of_TMR1_Initialize            (abs)        000000
__size_of_TMR1_StartTimer            (abs)        000000
__size_of___awdiv                    (abs)        000000
__size_of___lldiv                    (abs)        000000
__size_of___llmod                    (abs)        000000
__size_of_clearState                 (abs)        000000
__size_of_delay_ms                   (abs)        000000
__size_of_getAddressSize             (abs)        000000
__size_of_getByteToSend              (abs)        000000
__size_of_handleByteReceived         (abs)        000000
__size_of_main                       (abs)        000000
__size_of_pingAX                     (abs)        000000
__size_of_printf                     (abs)        000000
__size_of_putch                      (abs)        000000
__size_of_readAXData                 (abs)        000000
__size_of_sendAX                     (abs)        000000
__size_of_setLedOff                  (abs)        000000
__size_of_setLedOn                   (abs)        000000
__size_of_writeAXData                (abs)        000000
__size_ofi2_ADC_GetConversion        (abs)        000000
__size_ofi2_EUSART2_Write            (abs)        000000
__size_ofi2___lldiv                  (abs)        000000
__size_ofi2___llmod                  (abs)        000000
__size_ofi2_printf                   (abs)        000000
__size_ofi2_putch                    (abs)        000000
__smallconst                         smallconst   000F00
_adc_values                          bssBANK0     000080
_bytesSent                           bssBANK0     000094
_clearState                          text38       0020D6
_currentCommand                      dataBANK0    0000E7
_dataToSend                          bssBANK0     000060
_delay_ms                            text6        001CC6
_dpowers                             smallconst   000F01
_first                               dataBANK0    0000E8
_getAddressSize                      text33       001F56
_getByteToSend                       text29       001582
_handleByteReceived                  text26       00183A
_index_i2c                           bssBANK0     00009E
_junk                                bssBANK0     0000A5
_main                                text0        000F74
_nbBytesToSend                       bssBANK0     000096
_parameter1                          bssCOMRAM    00005E
_parameter2                          bssBANK0     0000A4
_parameter3                          bssBANK0     0000A3
_parameter4                          bssBANK0     0000A2
_parameter5                          bssBANK0     0000A1
_parameter6                          bssBANK0     0000A0
_pingAX                              text34       002034
_printf                              text1        0011C4
_putch                               text2        00228E
_readAXData                          text32       001C2E
_readIndex                           bssBANK0     000098
_sendAX                              text35       0016FE
_setLedOff                           text28       001EDC
_setLedOn                            text27       001E62
_timer1ReloadVal                     bssBANK0     00009C
_writeAXData                         text31       001D54
btemp                                temp         00005F
delay_ms@i                           cstackBANK0  0000C1
delay_ms@ms                          cstackBANK0  0000BC
delay_ms@n                           cstackBANK0  0000BF
end_of_initialization                cinit        0021B2
getAddressSize@address               cstackCOMRAM 000001
getByteToSend@d                      cstackCOMRAM 000059
getByteToSend@error                  cstackCOMRAM 000051
getByteToSend@error_1438             cstackCOMRAM 000053
getByteToSend@value                  cstackCOMRAM 00005A
getByteToSend@value_1440             cstackCOMRAM 00005C
getByteToSend@xhigh                  cstackCOMRAM 000056
getByteToSend@xhigh_1442             cstackCOMRAM 000058
getByteToSend@xlow                   cstackCOMRAM 000055
getByteToSend@xlow_1441              cstackCOMRAM 000057
handleByteReceived@data              cstackCOMRAM 000007
handleByteReceived@i                 cstackCOMRAM 000005
i2ADC_GetConversion@channel          cstackCOMRAM 000005
i2EUSART2_Write@txData               cstackCOMRAM 000001
i2_ADC_GetConversion                 text30       0021BC
i2_EUSART2_Write                     text23       0022AA
i2___lldiv                           text25       001DE0
i2___lldiv@counter                   cstackCOMRAM 00000D
i2___lldiv@dividend                  cstackCOMRAM 000001
i2___lldiv@divisor                   cstackCOMRAM 000005
i2___lldiv@quotient                  cstackCOMRAM 000009
i2___llmod                           text24       001FCE
i2___llmod@counter                   cstackCOMRAM 000016
i2___llmod@dividend                  cstackCOMRAM 00000E
i2___llmod@divisor                   cstackCOMRAM 000012
i2_printf                            text21       0013C8
i2_putch                             text22       0022C2
i2printf@ap                          cstackCOMRAM 00001D
i2printf@c                           cstackCOMRAM 000024
i2printf@f                           cstackCOMRAM 000017
i2printf@flag                        cstackCOMRAM 00001F
i2printf@prec                        cstackCOMRAM 00001B
i2printf@val                         cstackCOMRAM 000020
i2putch@txData                       cstackCOMRAM 000002
int$flags                            temp         00005F
intlevel0                            text         000000
intlevel1                            text         000000
intlevel2                            text         000000
intlevel3                            text         000000
main@adc                             cstackBANK0  0000E1
main@adc_1272                        cstackBANK0  0000E3
main@delay                           cstackBANK0  0000E5
main@i                               cstackBANK0  0000DD
main@i_1270                          cstackBANK0  0000DF
pingAX@error                         cstackCOMRAM 000049
pingAX@id                            cstackCOMRAM 000018
pingAX@instruction                   cstackCOMRAM 000047
pingAX@length                        cstackCOMRAM 000045
pingAX@nbParameters                  cstackCOMRAM 000043
pingAX@packet                        cstackCOMRAM 00002F
pingAX@result                        cstackCOMRAM 00001B
printf@ap                            cstackBANK0  0000D4
printf@c                             cstackBANK0  0000DB
printf@f                             cstackBANK0  0000CA
printf@flag                          cstackBANK0  0000D6
printf@prec                          cstackBANK0  0000D2
printf@val                           cstackBANK0  0000D7
putch@txData                         cstackBANK0  0000B5
readAXData@address                   cstackCOMRAM 00001A
readAXData@error                     cstackCOMRAM 000032
readAXData@id                        cstackCOMRAM 000018
readAXData@instruction               cstackCOMRAM 00004C
readAXData@length                    cstackCOMRAM 00004A
readAXData@nbParameters              cstackCOMRAM 000048
readAXData@packet                    cstackCOMRAM 000034
readAXData@result                    cstackCOMRAM 00001E
readAXData@size                      cstackCOMRAM 00004E
sendAX@buffer                        cstackCOMRAM 000002
sendAX@checksum                      cstackCOMRAM 000017
sendAX@i                             cstackCOMRAM 00000D
sendAX@i_1375                        cstackCOMRAM 00000F
sendAX@i_1378                        cstackCOMRAM 000011
sendAX@i_1381                        cstackCOMRAM 000015
sendAX@packetSize                    cstackCOMRAM 000004
sendAX@parametersToRead              cstackCOMRAM 000008
sendAX@r0                            cstackCOMRAM 000013
sendAX@result                        cstackCOMRAM 000006
sendAX@stop                          cstackCOMRAM 00000B
setLedOff@led                        cstackCOMRAM 000001
setLedOn@led                         cstackCOMRAM 000001
stackhi                              (abs)        000E40
stacklo                              (abs)        0000EA
start                                init         000096
start_initialization                 cinit        002186
writeAXData@address                  cstackCOMRAM 00001A
writeAXData@data                     cstackCOMRAM 00001C
writeAXData@error                    cstackCOMRAM 00004B
writeAXData@id                       cstackCOMRAM 000018
writeAXData@instruction              cstackCOMRAM 000049
writeAXData@length                   cstackCOMRAM 000047
writeAXData@packet                   cstackCOMRAM 000033
writeAXData@result                   cstackCOMRAM 00001F
writeAXData@size                     cstackCOMRAM 00004D


FUNCTION INFORMATION:

 *************** function _main *****************
 Defined at:
		line 52 in file "main.c"
 Parameters:    Size  Location     Type
		None
 Auto vars:     Size  Location     Type
  adc             2   61[BANK0 ] int 
  i               2   57[BANK0 ] int 
  i               2   55[BANK0 ] int 
  adc             2   59[BANK0 ] int 
  delay           2   63[BANK0 ] int 
 Return value:  Size  Location     Type
                  1    wreg      void 
 Registers used:
		wreg, fsr2l, fsr2h, status,2, status,0, tblptrl, tblptrh, tblptru, prodl, prodh, cstack
 Tracked objects:
		On entry : 
		On exit  : 
		Unchanged: 
 Data sizes:     COMRAM   BANK0   BANK1   BANK2   BANK3   BANK4   BANK5   BANK6   BANK7   BANK8   BANK9  BANK10  BANK11  BANK12  BANK13  BANK14
      Params:         0       0       0       0       0       0       0       0       0       0       0       0       0       0       0       0
      Locals:         0      10       0       0       0       0       0       0       0       0       0       0       0       0       0       0
      Temps:          0       1       0       0       0       0       0       0       0       0       0       0       0       0       0       0
      Totals:         0      11       0       0       0       0       0       0       0       0       0       0       0       0       0       0
Total ram usage:       11 bytes
 Hardware stack levels required when called:    9
 This function calls:
		_ADC_GetConversion
		_SYSTEM_Initialize
		_delay_ms
		_printf
 This function is called by:
		Startup code after reset
 This function uses a non-reentrant model


 *************** function _printf *****************
 Defined at:
		line 464 in file "C:\Program Files (x86)\Microchip\xc8\v1.41\sources\common\doprnt.c"
 Parameters:    Size  Location     Type
  f               2   36[BANK0 ] PTR const unsigned char 
		 -> STR_5(15), STR_4(18), STR_3(17), STR_2(13), 
		 -> STR_1(10), 
 Auto vars:     Size  Location     Type
  val             4   49[BANK0 ] unsigned long 
  tmpval          4    0        struct .
  cp              3    0        PTR const unsigned char 
  ap              2   46[BANK0 ] PTR void [1]
		 -> ?i2_printf(2), ?_printf(2), 
  prec            2   44[BANK0 ] int 
  len             2    0        unsigned int 
  c               1   53[BANK0 ] char 
  flag            1   48[BANK0 ] unsigned char 
 Return value:  Size  Location     Type
                  2   36[BANK0 ] int 
 Registers used:
		wreg, fsr2l, fsr2h, status,2, status,0, tblptrl, tblptrh, tblptru, prodl, prodh, cstack
 Tracked objects:
		On entry : 
		On exit  : 
		Unchanged: 
 Data sizes:     COMRAM   BANK0   BANK1   BANK2   BANK3   BANK4   BANK5   BANK6   BANK7   BANK8   BANK9  BANK10  BANK11  BANK12  BANK13  BANK14
      Params:         0       6       0       0       0       0       0       0       0       0       0       0       0       0       0       0
      Locals:         0      10       0       0       0       0       0       0       0       0       0       0       0       0       0       0
      Temps:          0       2       0       0       0       0       0       0       0       0       0       0       0       0       0       0
      Totals:         0      18       0       0       0       0       0       0       0       0       0       0       0       0       0       0
Total ram usage:       18 bytes
 Hardware stack levels used:    1
 Hardware stack levels required when called:    8
 This function calls:
		___lldiv
		___llmod
		_putch
 This function is called by:
		_main
 This function uses a non-reentrant model


 *************** function _putch *****************
 Defined at:
		line 110 in file "mcc_generated_files/eusart2.c"
 Parameters:    Size  Location     Type
  txData          1    wreg     unsigned char 
 Auto vars:     Size  Location     Type
  txData          1   15[BANK0 ] unsigned char 
 Return value:  Size  Location     Type
                  1    wreg      void 
 Registers used:
		wreg, status,2, cstack
 Tracked objects:
		On entry : 
		On exit  : 
		Unchanged: 
 Data sizes:     COMRAM   BANK0   BANK1   BANK2   BANK3   BANK4   BANK5   BANK6   BANK7   BANK8   BANK9  BANK10  BANK11  BANK12  BANK13  BANK14
      Params:         0       0       0       0       0       0       0       0       0       0       0       0       0       0       0       0
      Locals:         0       1       0       0       0       0       0       0       0       0       0       0       0       0       0       0
      Temps:          0       0       0       0       0       0       0       0       0       0       0       0       0       0       0       0
      Totals:         0       1       0       0       0       0       0       0       0       0       0       0       0       0       0       0
Total ram usage:        1 bytes
 Hardware stack levels used:    1
 Hardware stack levels required when called:    7
 This function calls:
		_EUSART2_Write
 This function is called by:
		_printf
 This function uses a non-reentrant model


 *************** function _EUSART2_Write *****************
 Defined at:
		line 96 in file "mcc_generated_files/eusart2.c"
 Parameters:    Size  Location     Type
  txData          1    wreg     unsigned char 
 Auto vars:     Size  Location     Type
  txData          1   14[BANK0 ] unsigned char 
 Return value:  Size  Location     Type
                  1    wreg      void 
 Registers used:
		wreg
 Tracked objects:
		On entry : 
		On exit  : 
		Unchanged: 
 Data sizes:     COMRAM   BANK0   BANK1   BANK2   BANK3   BANK4   BANK5   BANK6   BANK7   BANK8   BANK9  BANK10  BANK11  BANK12  BANK13  BANK14
      Params:         0       0       0       0       0       0       0       0       0       0       0       0       0       0       0       0
      Locals:         0       1       0       0       0       0       0       0       0       0       0       0       0       0       0       0
      Temps:          0       0       0       0       0       0       0       0       0       0       0       0       0       0       0       0
      Totals:         0       1       0       0       0       0       0       0       0       0       0       0       0       0       0       0
Total ram usage:        1 bytes
 Hardware stack levels used:    1
 Hardware stack levels required when called:    6
 This function calls:
		Nothing
 This function is called by:
		_putch
 This function uses a non-reentrant model


 *************** function ___llmod *****************
 Defined at:
		line 8 in file "C:\Program Files (x86)\Microchip\xc8\v1.41\sources\common\llmod.c"
 Parameters:    Size  Location     Type
  dividend        4   27[BANK0 ] unsigned long 
  divisor         4   31[BANK0 ] unsigned long 
 Auto vars:     Size  Location     Type
  counter         1   35[BANK0 ] unsigned char 
 Return value:  Size  Location     Type
                  4   27[BANK0 ] unsigned long 
 Registers used:
		wreg, status,2, status,0
 Tracked objects:
		On entry : 
		On exit  : 
		Unchanged: 
 Data sizes:     COMRAM   BANK0   BANK1   BANK2   BANK3   BANK4   BANK5   BANK6   BANK7   BANK8   BANK9  BANK10  BANK11  BANK12  BANK13  BANK14
      Params:         0       8       0       0       0       0       0       0       0       0       0       0       0       0       0       0
      Locals:         0       1       0       0       0       0       0       0       0       0       0       0       0       0       0       0
      Temps:          0       0       0       0       0       0       0       0       0       0       0       0       0       0       0       0
      Totals:         0       9       0       0       0       0       0       0       0       0       0       0       0       0       0       0
Total ram usage:        9 bytes
 Hardware stack levels used:    1
 Hardware stack levels required when called:    6
 This function calls:
		Nothing
 This function is called by:
		_printf
 This function uses a non-reentrant model


 *************** function ___lldiv *****************
 Defined at:
		line 8 in file "C:\Program Files (x86)\Microchip\xc8\v1.41\sources\common\lldiv.c"
 Parameters:    Size  Location     Type
  dividend        4   14[BANK0 ] unsigned long 
  divisor         4   18[BANK0 ] unsigned long 
 Auto vars:     Size  Location     Type
  quotient        4   22[BANK0 ] unsigned long 
  counter         1   26[BANK0 ] unsigned char 
 Return value:  Size  Location     Type
                  4   14[BANK0 ] unsigned long 
 Registers used:
		wreg, status,2, status,0
 Tracked objects:
		On entry : 
		On exit  : 
		Unchanged: 
 Data sizes:     COMRAM   BANK0   BANK1   BANK2   BANK3   BANK4   BANK5   BANK6   BANK7   BANK8   BANK9  BANK10  BANK11  BANK12  BANK13  BANK14
      Params:         0       8       0       0       0       0       0       0       0       0       0       0       0       0       0       0
      Locals:         0       5       0       0       0       0       0       0       0       0       0       0       0       0       0       0
      Temps:          0       0       0       0       0       0       0       0       0       0       0       0       0       0       0       0
      Totals:         0      13       0       0       0       0       0       0       0       0       0       0       0       0       0       0
Total ram usage:       13 bytes
 Hardware stack levels used:    1
 Hardware stack levels required when called:    6
 This function calls:
		Nothing
 This function is called by:
		_printf
 This function uses a non-reentrant model


 *************** function _delay_ms *****************
 Defined at:
		line 13 in file "ax.c"
 Parameters:    Size  Location     Type
  ms              2   22[BANK0 ] int 
 Auto vars:     Size  Location     Type
  i               2   27[BANK0 ] int 
  n               2   25[BANK0 ] int 
 Return value:  Size  Location     Type
                  1    wreg      void 
 Registers used:
		wreg, status,2, status,0, cstack
 Tracked objects:
		On entry : 
		On exit  : 
		Unchanged: 
 Data sizes:     COMRAM   BANK0   BANK1   BANK2   BANK3   BANK4   BANK5   BANK6   BANK7   BANK8   BANK9  BANK10  BANK11  BANK12  BANK13  BANK14
      Params:         0       2       0       0       0       0       0       0       0       0       0       0       0       0       0       0
      Locals:         0       4       0       0       0       0       0       0       0       0       0       0       0       0       0       0
      Temps:          0       1       0       0       0       0       0       0       0       0       0       0       0       0       0       0
      Totals:         0       7       0       0       0       0       0       0       0       0       0       0       0       0       0       0
Total ram usage:        7 bytes
 Hardware stack levels used:    1
 Hardware stack levels required when called:    7
 This function calls:
		___awdiv
 This function is called by:
		_main
 This function uses a non-reentrant model


 *************** function ___awdiv *****************
 Defined at:
		line 8 in file "C:\Program Files (x86)\Microchip\xc8\v1.41\sources\common\awdiv.c"
 Parameters:    Size  Location     Type
  dividend        2   14[BANK0 ] int 
  divisor         2   16[BANK0 ] int 
 Auto vars:     Size  Location     Type
  quotient        2   20[BANK0 ] int 
  sign            1   19[BANK0 ] unsigned char 
  counter         1   18[BANK0 ] unsigned char 
 Return value:  Size  Location     Type
                  2   14[BANK0 ] int 
 Registers used:
		wreg, status,2, status,0
 Tracked objects:
		On entry : 
		On exit  : 
		Unchanged: 
 Data sizes:     COMRAM   BANK0   BANK1   BANK2   BANK3   BANK4   BANK5   BANK6   BANK7   BANK8   BANK9  BANK10  BANK11  BANK12  BANK13  BANK14
      Params:         0       4       0       0       0       0       0       0       0       0       0       0       0       0       0       0
      Locals:         0       4       0       0       0       0       0       0       0       0       0       0       0       0       0       0
      Temps:          0       0       0       0       0       0       0       0       0       0       0       0       0       0       0       0
      Totals:         0       8       0       0       0       0       0       0       0       0       0       0       0       0       0       0
Total ram usage:        8 bytes
 Hardware stack levels used:    1
 Hardware stack levels required when called:    6
 This function calls:
		Nothing
 This function is called by:
		_delay_ms
 This function uses a non-reentrant model


 *************** function _SYSTEM_Initialize *****************
 Defined at:
		line 111 in file "mcc_generated_files/mcc.c"
 Parameters:    Size  Location     Type
		None
 Auto vars:     Size  Location     Type
		None
 Return value:  Size  Location     Type
                  1    wreg      void 
 Registers used:
		wreg, status,2, status,0, cstack
 Tracked objects:
		On entry : 
		On exit  : 
		Unchanged: 
 Data sizes:     COMRAM   BANK0   BANK1   BANK2   BANK3   BANK4   BANK5   BANK6   BANK7   BANK8   BANK9  BANK10  BANK11  BANK12  BANK13  BANK14
      Params:         0       0       0       0       0       0       0       0       0       0       0       0       0       0       0       0
      Locals:         0       0       0       0       0       0       0       0       0       0       0       0       0       0       0       0
      Temps:          0       0       0       0       0       0       0       0       0       0       0       0       0       0       0       0
      Totals:         0       0       0       0       0       0       0       0       0       0       0       0       0       0       0       0
Total ram usage:        0 bytes
 Hardware stack levels used:    1
 Hardware stack levels required when called:    8
 This function calls:
		_ADC_Initialize
		_EUSART1_Initialize
		_EUSART2_Initialize
		_I2C_Initialize
		_INTERRUPT_Initialize
		_OSCILLATOR_Initialize
		_PIN_MANAGER_Initialize
		_TMR1_Initialize
 This function is called by:
		_main
 This function uses a non-reentrant model


 *************** function _TMR1_Initialize *****************
 Defined at:
		line 63 in file "mcc_generated_files/tmr1.c"
 Parameters:    Size  Location     Type
		None
 Auto vars:     Size  Location     Type
		None
 Return value:  Size  Location     Type
                  1    wreg      void 
 Registers used:
		wreg, status,2, status,0, cstack
 Tracked objects:
		On entry : 
		On exit  : 
		Unchanged: 
 Data sizes:     COMRAM   BANK0   BANK1   BANK2   BANK3   BANK4   BANK5   BANK6   BANK7   BANK8   BANK9  BANK10  BANK11  BANK12  BANK13  BANK14
      Params:         0       0       0       0       0       0       0       0       0       0       0       0       0       0       0       0
      Locals:         0       0       0       0       0       0       0       0       0       0       0       0       0       0       0       0
      Temps:          0       2       0       0       0       0       0       0       0       0       0       0       0       0       0       0
      Totals:         0       2       0       0       0       0       0       0       0       0       0       0       0       0       0       0
Total ram usage:        2 bytes
 Hardware stack levels used:    1
 Hardware stack levels required when called:    7
 This function calls:
		_TMR1_StartTimer
 This function is called by:
		_SYSTEM_Initialize
 This function uses a non-reentrant model


 *************** function _TMR1_StartTimer *****************
 Defined at:
		line 89 in file "mcc_generated_files/tmr1.c"
 Parameters:    Size  Location     Type
		None
 Auto vars:     Size  Location     Type
		None
 Return value:  Size  Location     Type
                  1    wreg      void 
 Registers used:
		None
 Tracked objects:
		On entry : 
		On exit  : 
		Unchanged: 
 Data sizes:     COMRAM   BANK0   BANK1   BANK2   BANK3   BANK4   BANK5   BANK6   BANK7   BANK8   BANK9  BANK10  BANK11  BANK12  BANK13  BANK14
      Params:         0       0       0       0       0       0       0       0       0       0       0       0       0       0       0       0
      Locals:         0       0       0       0       0       0       0       0       0       0       0       0       0       0       0       0
      Temps:          0       0       0       0       0       0       0       0       0       0       0       0       0       0       0       0
      Totals:         0       0       0       0       0       0       0       0       0       0       0       0       0       0       0       0
Total ram usage:        0 bytes
 Hardware stack levels used:    1
 Hardware stack levels required when called:    6
 This function calls:
		Nothing
 This function is called by:
		_TMR1_Initialize
 This function uses a non-reentrant model


 *************** function _PIN_MANAGER_Initialize *****************
 Defined at:
		line 51 in file "mcc_generated_files/pin_manager.c"
 Parameters:    Size  Location     Type
		None
 Auto vars:     Size  Location     Type
		None
 Return value:  Size  Location     Type
                  1    wreg      void 
 Registers used:
		wreg, status,2
 Tracked objects:
		On entry : 
		On exit  : 
		Unchanged: 
 Data sizes:     COMRAM   BANK0   BANK1   BANK2   BANK3   BANK4   BANK5   BANK6   BANK7   BANK8   BANK9  BANK10  BANK11  BANK12  BANK13  BANK14
      Params:         0       0       0       0       0       0       0       0       0       0       0       0       0       0       0       0
      Locals:         0       0       0       0       0       0       0       0       0       0       0       0       0       0       0       0
      Temps:          0       0       0       0       0       0       0       0       0       0       0       0       0       0       0       0
      Totals:         0       0       0       0       0       0       0       0       0       0       0       0       0       0       0       0
Total ram usage:        0 bytes
 Hardware stack levels used:    1
 Hardware stack levels required when called:    6
 This function calls:
		Nothing
 This function is called by:
		_SYSTEM_Initialize
 This function uses a non-reentrant model


 *************** function _OSCILLATOR_Initialize *****************
 Defined at:
		line 124 in file "mcc_generated_files/mcc.c"
 Parameters:    Size  Location     Type
		None
 Auto vars:     Size  Location     Type
		None
 Return value:  Size  Location     Type
                  1    wreg      void 
 Registers used:
		wreg, status,2
 Tracked objects:
		On entry : 
		On exit  : 
		Unchanged: 
 Data sizes:     COMRAM   BANK0   BANK1   BANK2   BANK3   BANK4   BANK5   BANK6   BANK7   BANK8   BANK9  BANK10  BANK11  BANK12  BANK13  BANK14
      Params:         0       0       0       0       0       0       0       0       0       0       0       0       0       0       0       0
      Locals:         0       0       0       0       0       0       0       0       0       0       0       0       0       0       0       0
      Temps:          0       0       0       0       0       0       0       0       0       0       0       0       0       0       0       0
      Totals:         0       0       0       0       0       0       0       0       0       0       0       0       0       0       0       0
Total ram usage:        0 bytes
 Hardware stack levels used:    1
 Hardware stack levels required when called:    6
 This function calls:
		Nothing
 This function is called by:
		_SYSTEM_Initialize
 This function uses a non-reentrant model


 *************** function _INTERRUPT_Initialize *****************
 Defined at:
		line 51 in file "mcc_generated_files/interrupt_manager.c"
 Parameters:    Size  Location     Type
		None
 Auto vars:     Size  Location     Type
		None
 Return value:  Size  Location     Type
                  1    wreg      void 
 Registers used:
		None
 Tracked objects:
		On entry : 
		On exit  : 
		Unchanged: 
 Data sizes:     COMRAM   BANK0   BANK1   BANK2   BANK3   BANK4   BANK5   BANK6   BANK7   BANK8   BANK9  BANK10  BANK11  BANK12  BANK13  BANK14
      Params:         0       0       0       0       0       0       0       0       0       0       0       0       0       0       0       0
      Locals:         0       0       0       0       0       0       0       0       0       0       0       0       0       0       0       0
      Temps:          0       0       0       0       0       0       0       0       0       0       0       0       0       0       0       0
      Totals:         0       0       0       0       0       0       0       0       0       0       0       0       0       0       0       0
Total ram usage:        0 bytes
 Hardware stack levels used:    1
 Hardware stack levels required when called:    6
 This function calls:
		Nothing
 This function is called by:
		_SYSTEM_Initialize
 This function uses a non-reentrant model


 *************** function _I2C_Initialize *****************
 Defined at:
		line 79 in file "mcc_generated_files/i2c.c"
 Parameters:    Size  Location     Type
		None
 Auto vars:     Size  Location     Type
		None
 Return value:  Size  Location     Type
                  1    wreg      void 
 Registers used:
		wreg, status,2
 Tracked objects:
		On entry : 
		On exit  : 
		Unchanged: 
 Data sizes:     COMRAM   BANK0   BANK1   BANK2   BANK3   BANK4   BANK5   BANK6   BANK7   BANK8   BANK9  BANK10  BANK11  BANK12  BANK13  BANK14
      Params:         0       0       0       0       0       0       0       0       0       0       0       0       0       0       0       0
      Locals:         0       0       0       0       0       0       0       0       0       0       0       0       0       0       0       0
      Temps:          0       0       0       0       0       0       0       0       0       0       0       0       0       0       0       0
      Totals:         0       0       0       0       0       0       0       0       0       0       0       0       0       0       0       0
Total ram usage:        0 bytes
 Hardware stack levels used:    1
 Hardware stack levels required when called:    6
 This function calls:
		Nothing
 This function is called by:
		_SYSTEM_Initialize
 This function uses a non-reentrant model


 *************** function _EUSART2_Initialize *****************
 Defined at:
		line 55 in file "mcc_generated_files/eusart2.c"
 Parameters:    Size  Location     Type
		None
 Auto vars:     Size  Location     Type
		None
 Return value:  Size  Location     Type
                  1    wreg      void 
 Registers used:
		wreg, status,2
 Tracked objects:
		On entry : 
		On exit  : 
		Unchanged: 
 Data sizes:     COMRAM   BANK0   BANK1   BANK2   BANK3   BANK4   BANK5   BANK6   BANK7   BANK8   BANK9  BANK10  BANK11  BANK12  BANK13  BANK14
      Params:         0       0       0       0       0       0       0       0       0       0       0       0       0       0       0       0
      Locals:         0       0       0       0       0       0       0       0       0       0       0       0       0       0       0       0
      Temps:          0       0       0       0       0       0       0       0       0       0       0       0       0       0       0       0
      Totals:         0       0       0       0       0       0       0       0       0       0       0       0       0       0       0       0
Total ram usage:        0 bytes
 Hardware stack levels used:    1
 Hardware stack levels required when called:    6
 This function calls:
		Nothing
 This function is called by:
		_SYSTEM_Initialize
 This function uses a non-reentrant model


 *************** function _EUSART1_Initialize *****************
 Defined at:
		line 55 in file "mcc_generated_files/eusart1.c"
 Parameters:    Size  Location     Type
		None
 Auto vars:     Size  Location     Type
		None
 Return value:  Size  Location     Type
                  1    wreg      void 
 Registers used:
		wreg, status,2
 Tracked objects:
		On entry : 
		On exit  : 
		Unchanged: 
 Data sizes:     COMRAM   BANK0   BANK1   BANK2   BANK3   BANK4   BANK5   BANK6   BANK7   BANK8   BANK9  BANK10  BANK11  BANK12  BANK13  BANK14
      Params:         0       0       0       0       0       0       0       0       0       0       0       0       0       0       0       0
      Locals:         0       0       0       0       0       0       0       0       0       0       0       0       0       0       0       0
      Temps:          0       0       0       0       0       0       0       0       0       0       0       0       0       0       0       0
      Totals:         0       0       0       0       0       0       0       0       0       0       0       0       0       0       0       0
Total ram usage:        0 bytes
 Hardware stack levels used:    1
 Hardware stack levels required when called:    6
 This function calls:
		Nothing
 This function is called by:
		_SYSTEM_Initialize
 This function uses a non-reentrant model


 *************** function _ADC_Initialize *****************
 Defined at:
		line 58 in file "mcc_generated_files/adc.c"
 Parameters:    Size  Location     Type
		None
 Auto vars:     Size  Location     Type
		None
 Return value:  Size  Location     Type
                  1    wreg      void 
 Registers used:
		wreg, status,2
 Tracked objects:
		On entry : 
		On exit  : 
		Unchanged: 
 Data sizes:     COMRAM   BANK0   BANK1   BANK2   BANK3   BANK4   BANK5   BANK6   BANK7   BANK8   BANK9  BANK10  BANK11  BANK12  BANK13  BANK14
      Params:         0       0       0       0       0       0       0       0       0       0       0       0       0       0       0       0
      Locals:         0       0       0       0       0       0       0       0       0       0       0       0       0       0       0       0
      Temps:          0       0       0       0       0       0       0       0       0       0       0       0       0       0       0       0
      Totals:         0       0       0       0       0       0       0       0       0       0       0       0       0       0       0       0
Total ram usage:        0 bytes
 Hardware stack levels used:    1
 Hardware stack levels required when called:    6
 This function calls:
		Nothing
 This function is called by:
		_SYSTEM_Initialize
 This function uses a non-reentrant model


 *************** function _ADC_GetConversion *****************
 Defined at:
		line 106 in file "mcc_generated_files/adc.c"
 Parameters:    Size  Location     Type
  channel         1    wreg     enum E15092
 Auto vars:     Size  Location     Type
  channel         1   18[BANK0 ] enum E15092
 Return value:  Size  Location     Type
                  2   14[BANK0 ] unsigned int 
 Registers used:
		wreg, status,2, status,0
 Tracked objects:
		On entry : 
		On exit  : 
		Unchanged: 
 Data sizes:     COMRAM   BANK0   BANK1   BANK2   BANK3   BANK4   BANK5   BANK6   BANK7   BANK8   BANK9  BANK10  BANK11  BANK12  BANK13  BANK14
      Params:         0       2       0       0       0       0       0       0       0       0       0       0       0       0       0       0
[...]
      Params:         0       0       0       0       0       0       0       0       0       0       0       0       0       0       0       0
      Locals:        13       0       0       0       0       0       0       0       0       0       0       0       0       0       0       0
      Temps:          1       0       0       0       0       0       0       0       0       0       0       0       0       0       0       0
      Totals:        14       0       0       0       0       0       0       0       0       0       0       0       0       0       0       0
Total ram usage:       14 bytes
 Hardware stack levels used:    1
 Hardware stack levels required when called:    3
 This function calls:
		_clearState
		_pingAX
		_readAXData
		_writeAXData
		i2_ADC_GetConversion
 This function is called by:
		_I2C_ISR
		_I2C_ISR_bad
 This function uses a non-reentrant model


 *************** function i2_ADC_GetConversion *****************
 Defined at:
		line 106 in file "mcc_generated_files/adc.c"
 Parameters:    Size  Location     Type
  channel         1    wreg     enum E15092
 Auto vars:     Size  Location     Type
  channel         1    4[COMRAM] enum E15092
 Return value:  Size  Location     Type
                  2    0[COMRAM] unsigned int 
 Registers used:
		wreg, status,2, status,0
 Tracked objects:
		On entry : 
		On exit  : 
		Unchanged: 
 Data sizes:     COMRAM   BANK0   BANK1   BANK2   BANK3   BANK4   BANK5   BANK6   BANK7   BANK8   BANK9  BANK10  BANK11  BANK12  BANK13  BANK14
      Params:         2       0       0       0       0       0       0       0       0       0       0       0       0       0       0       0
      Locals:         1       0       0       0       0       0       0       0       0       0       0       0       0       0       0       0
      Temps:          2       0       0       0       0       0       0       0       0       0       0       0       0       0       0       0
      Totals:         5       0       0       0       0       0       0       0       0       0       0       0       0       0       0       0
Total ram usage:        5 bytes
 Hardware stack levels used:    1
 This function calls:
		Nothing
 This function is called by:
		_getByteToSend
 This function uses a non-reentrant model


 *************** function _writeAXData *****************
 Defined at:
		line 226 in file "ax.c"
 Parameters:    Size  Location     Type
  id              2   23[COMRAM] int 
  address         2   25[COMRAM] int 
  data            2   27[COMRAM] int 
 Auto vars:     Size  Location     Type
  packet         20   50[COMRAM] unsigned char [20]
  result         20   30[COMRAM] unsigned char [20]
  size            2   76[COMRAM] int 
  error           2   74[COMRAM] int 
  instruction     2   72[COMRAM] int 
  length          2   70[COMRAM] int 
 Return value:  Size  Location     Type
                  2   23[COMRAM] int 
 Registers used:
		wreg, fsr2l, fsr2h, status,2, status,0, cstack
 Tracked objects:
		On entry : 
		On exit  : 
		Unchanged: 
 Data sizes:     COMRAM   BANK0   BANK1   BANK2   BANK3   BANK4   BANK5   BANK6   BANK7   BANK8   BANK9  BANK10  BANK11  BANK12  BANK13  BANK14
      Params:         6       0       0       0       0       0       0       0       0       0       0       0       0       0       0       0
      Locals:        48       0       0       0       0       0       0       0       0       0       0       0       0       0       0       0
      Temps:          1       0       0       0       0       0       0       0       0       0       0       0       0       0       0       0
      Totals:        55       0       0       0       0       0       0       0       0       0       0       0       0       0       0       0
Total ram usage:       55 bytes
 Hardware stack levels used:    1
 Hardware stack levels required when called:    2
 This function calls:
		_getAddressSize
		_sendAX
 This function is called by:
		_getByteToSend
 This function uses a non-reentrant model


 *************** function _readAXData *****************
 Defined at:
		line 199 in file "ax.c"
 Parameters:    Size  Location     Type
  id              2   23[COMRAM] int 
  address         2   25[COMRAM] int 
 Auto vars:     Size  Location     Type
  packet         20   51[COMRAM] unsigned char [20]
  result         20   29[COMRAM] unsigned char [20]
  size            2   77[COMRAM] int 
  instruction     2   75[COMRAM] int 
  length          2   73[COMRAM] int 
  nbParameters    2   71[COMRAM] int 
  error           2   49[COMRAM] int 
 Return value:  Size  Location     Type
                  2   23[COMRAM] int 
 Registers used:
		wreg, fsr2l, fsr2h, status,2, status,0, cstack
 Tracked objects:
		On entry : 
		On exit  : 
		Unchanged: 
 Data sizes:     COMRAM   BANK0   BANK1   BANK2   BANK3   BANK4   BANK5   BANK6   BANK7   BANK8   BANK9  BANK10  BANK11  BANK12  BANK13  BANK14
      Params:         4       0       0       0       0       0       0       0       0       0       0       0       0       0       0       0
      Locals:        50       0       0       0       0       0       0       0       0       0       0       0       0       0       0       0
      Temps:          2       0       0       0       0       0       0       0       0       0       0       0       0       0       0       0
      Totals:        56       0       0       0       0       0       0       0       0       0       0       0       0       0       0       0
Total ram usage:       56 bytes
 Hardware stack levels used:    1
 Hardware stack levels required when called:    2
 This function calls:
		_getAddressSize
		_sendAX
 This function is called by:
		_getByteToSend
 This function uses a non-reentrant model


 *************** function _getAddressSize *****************
 Defined at:
		line 24 in file "ax.c"
 Parameters:    Size  Location     Type
  address         2    0[COMRAM] int 
 Auto vars:     Size  Location     Type
		None
 Return value:  Size  Location     Type
                  2    0[COMRAM] int 
 Registers used:
		wreg, status,2, status,0
 Tracked objects:
		On entry : 
		On exit  : 
		Unchanged: 
 Data sizes:     COMRAM   BANK0   BANK1   BANK2   BANK3   BANK4   BANK5   BANK6   BANK7   BANK8   BANK9  BANK10  BANK11  BANK12  BANK13  BANK14
      Params:         2       0       0       0       0       0       0       0       0       0       0       0       0       0       0       0
      Locals:         0       0       0       0       0       0       0       0       0       0       0       0       0       0       0       0
      Temps:          2       0       0       0       0       0       0       0       0       0       0       0       0       0       0       0
      Totals:         4       0       0       0       0       0       0       0       0       0       0       0       0       0       0       0
Total ram usage:        4 bytes
 Hardware stack levels used:    1
 This function calls:
		Nothing
 This function is called by:
		_readAXData
		_writeAXData
 This function uses a non-reentrant model


 *************** function _pingAX *****************
 Defined at:
		line 182 in file "ax.c"
 Parameters:    Size  Location     Type
  id              2   23[COMRAM] int 
 Auto vars:     Size  Location     Type
  packet         20   46[COMRAM] unsigned char [20]
  result         20   26[COMRAM] unsigned char [20]
  error           2   72[COMRAM] int 
  instruction     2   70[COMRAM] int 
  length          2   68[COMRAM] int 
  nbParameters    2   66[COMRAM] int 
 Return value:  Size  Location     Type
                  2   23[COMRAM] int 
 Registers used:
		wreg, fsr2l, fsr2h, status,2, status,0, cstack
 Tracked objects:
		On entry : 
		On exit  : 
		Unchanged: 
 Data sizes:     COMRAM   BANK0   BANK1   BANK2   BANK3   BANK4   BANK5   BANK6   BANK7   BANK8   BANK9  BANK10  BANK11  BANK12  BANK13  BANK14
      Params:         2       0       0       0       0       0       0       0       0       0       0       0       0       0       0       0
      Locals:        48       0       0       0       0       0       0       0       0       0       0       0       0       0       0       0
      Temps:          1       0       0       0       0       0       0       0       0       0       0       0       0       0       0       0
      Totals:        51       0       0       0       0       0       0       0       0       0       0       0       0       0       0       0
Total ram usage:       51 bytes
 Hardware stack levels used:    1
 Hardware stack levels required when called:    2
 This function calls:
		_sendAX
 This function is called by:
		_getByteToSend
 This function uses a non-reentrant model


 *************** function _sendAX *****************
 Defined at:
		line 131 in file "ax.c"
 Parameters:    Size  Location     Type
  buffer          2    1[COMRAM] PTR unsigned char 
		 -> writeAXData@packet(20), readAXData@packet(20), pingAX@packet(20), 
  packetSize      2    3[COMRAM] int 
  result          2    5[COMRAM] PTR unsigned char 
		 -> writeAXData@result(20), readAXData@result(20), pingAX@result(20), 
  parametersTo    2    7[COMRAM] int 
 Auto vars:     Size  Location     Type
  i               2   20[COMRAM] int 
  i               2   16[COMRAM] int 
  i               2   14[COMRAM] int 
  i               2   12[COMRAM] int 
  r0              2   18[COMRAM] int 
  stop            2   10[COMRAM] int 
  checksum        1   22[COMRAM] unsigned char 
 Return value:  Size  Location     Type
                  1    wreg      unsigned char 
 Registers used:
		wreg, fsr2l, fsr2h, status,2, status,0, cstack
 Tracked objects:
		On entry : 
		On exit  : 
		Unchanged: 
 Data sizes:     COMRAM   BANK0   BANK1   BANK2   BANK3   BANK4   BANK5   BANK6   BANK7   BANK8   BANK9  BANK10  BANK11  BANK12  BANK13  BANK14
      Params:         8       0       0       0       0       0       0       0       0       0       0       0       0       0       0       0
      Locals:        13       0       0       0       0       0       0       0       0       0       0       0       0       0       0       0
      Temps:          1       0       0       0       0       0       0       0       0       0       0       0       0       0       0       0
      Totals:        22       0       0       0       0       0       0       0       0       0       0       0       0       0       0       0
Total ram usage:       22 bytes
 Hardware stack levels used:    1
 Hardware stack levels required when called:    1
 This function calls:
		_EUSART1_Read
		_EUSART1_Write
 This function is called by:
		_pingAX
		_readAXData
		_writeAXData
 This function uses a non-reentrant model


 *************** function _EUSART1_Write *****************
 Defined at:
		line 96 in file "mcc_generated_files/eusart1.c"
 Parameters:    Size  Location     Type
  txData          1    wreg     unsigned char 
 Auto vars:     Size  Location     Type
  txData          1    0[COMRAM] unsigned char 
 Return value:  Size  Location     Type
                  1    wreg      void 
 Registers used:
		wreg
 Tracked objects:
		On entry : 
		On exit  : 
		Unchanged: 
 Data sizes:     COMRAM   BANK0   BANK1   BANK2   BANK3   BANK4   BANK5   BANK6   BANK7   BANK8   BANK9  BANK10  BANK11  BANK12  BANK13  BANK14
      Params:         0       0       0       0       0       0       0       0       0       0       0       0       0       0       0       0
      Locals:         1       0       0       0       0       0       0       0       0       0       0       0       0       0       0       0
      Temps:          0       0       0       0       0       0       0       0       0       0       0       0       0       0       0       0
      Totals:         1       0       0       0       0       0       0       0       0       0       0       0       0       0       0       0
Total ram usage:        1 bytes
 Hardware stack levels used:    1
 This function calls:
		Nothing
 This function is called by:
		_sendAX
 This function uses a non-reentrant model


 *************** function _EUSART1_Read *****************
 Defined at:
		line 77 in file "mcc_generated_files/eusart1.c"
 Parameters:    Size  Location     Type
		None
 Auto vars:     Size  Location     Type
		None
 Return value:  Size  Location     Type
                  1    wreg      unsigned char 
 Registers used:
		wreg, status,2
 Tracked objects:
		On entry : 
		On exit  : 
		Unchanged: 
 Data sizes:     COMRAM   BANK0   BANK1   BANK2   BANK3   BANK4   BANK5   BANK6   BANK7   BANK8   BANK9  BANK10  BANK11  BANK12  BANK13  BANK14
      Params:         0       0       0       0       0       0       0       0       0       0       0       0       0       0       0       0
      Locals:         0       0       0       0       0       0       0       0       0       0       0       0       0       0       0       0
      Temps:          0       0       0       0       0       0       0       0       0       0       0       0       0       0       0       0
      Totals:         0       0       0       0       0       0       0       0       0       0       0       0       0       0       0       0
Total ram usage:        0 bytes
 Hardware stack levels used:    1
 This function calls:
		Nothing
 This function is called by:
		_sendAX
 This function uses a non-reentrant model


 *************** function _clearState *****************
 Defined at:
		line 308 in file "ax.c"
 Parameters:    Size  Location     Type
		None
 Auto vars:     Size  Location     Type
		None
 Return value:  Size  Location     Type
                  1    wreg      void 
 Registers used:
		wreg, status,2
 Tracked objects:
		On entry : 
		On exit  : 
		Unchanged: 
 Data sizes:     COMRAM   BANK0   BANK1   BANK2   BANK3   BANK4   BANK5   BANK6   BANK7   BANK8   BANK9  BANK10  BANK11  BANK12  BANK13  BANK14
      Params:         0       0       0       0       0       0       0       0       0       0       0       0       0       0       0       0
      Locals:         0       0       0       0       0       0       0       0       0       0       0       0       0       0       0       0
      Temps:          0       0       0       0       0       0       0       0       0       0       0       0       0       0       0       0
      Totals:         0       0       0       0       0       0       0       0       0       0       0       0       0       0       0       0
Total ram usage:        0 bytes
 Hardware stack levels used:    1
 This function calls:
		Nothing
 This function is called by:
		_getByteToSend
 This function uses a non-reentrant model


 *************** function _ADC_ISR *****************
 Defined at:
		line 127 in file "mcc_generated_files/adc.c"
 Parameters:    Size  Location     Type
		None
 Auto vars:     Size  Location     Type
		None
 Return value:  Size  Location     Type
                  1    wreg      void 
 Registers used:
		None
 Tracked objects:
		On entry : 
		On exit  : 
		Unchanged: 
 Data sizes:     COMRAM   BANK0   BANK1   BANK2   BANK3   BANK4   BANK5   BANK6   BANK7   BANK8   BANK9  BANK10  BANK11  BANK12  BANK13  BANK14
      Params:         0       0       0       0       0       0       0       0       0       0       0       0       0       0       0       0
      Locals:         0       0       0       0       0       0       0       0       0       0       0       0       0       0       0       0
      Temps:          0       0       0       0       0       0       0       0       0       0       0       0       0       0       0       0
      Totals:         0       0       0       0       0       0       0       0       0       0       0       0       0       0       0       0
Total ram usage:        0 bytes
 Hardware stack levels used:    1
 This function calls:
		Nothing
 This function is called by:
		_INTERRUPT_InterruptManager
 This function uses a non-reentrant model



MODULE INFORMATION

Module		Function		Class		Link	Load	Size
C:\Program Files (x86)\Microchip\xc8\v1.41\sources\common\awdiv.c
		___awdiv       		CODE           	196E	0000	191

C:\Program Files (x86)\Microchip\xc8\v1.41\sources\common\awdiv.c estimated size: 191

C:\Program Files (x86)\Microchip\xc8\v1.41\sources\common\lldiv.c
		___lldiv       		CODE           	1A2C	0000	189

C:\Program Files (x86)\Microchip\xc8\v1.41\sources\common\lldiv.c estimated size: 189

C:\Program Files (x86)\Microchip\xc8\v1.41\sources\common\doprnt.c
		_printf        		CODE           	11C4	0000	517

C:\Program Files (x86)\Microchip\xc8\v1.41\sources\common\doprnt.c estimated size: 517

mcc_generated_files/eusart2.c
		_putch         		CODE           	228E	0000	15
		_EUSART2_Write 		CODE           	229C	0000	15
		_EUSART2_Initialize		CODE           	2240	0000	23

mcc_generated_files/eusart2.c estimated size: 53

mcc_generated_files/interrupt_manager.c
		_INTERRUPT_Initialize		CODE           	22D0	0000	5
		_INTERRUPT_InterruptManager		CODE           	0008	0000	143

mcc_generated_files/interrupt_manager.c estimated size: 148

mcc_generated_files/i2c.c
		_I2C_ISR       		CODE           	1AE8	0000	173
		_I2C_Initialize		CODE           	220E	0000	27

mcc_generated_files/i2c.c estimated size: 200

mcc_generated_files/pin_manager.c
		_PIN_MANAGER_Initialize		CODE           	214C	0000	59

mcc_generated_files/pin_manager.c estimated size: 59

mcc_generated_files/adc.c
		_ADC_Initialize		CODE           	2228	0000	25
		_ADC_GetConversion		CODE           	2096	0000	65
		_ADC_ISR       		CODE           	22D4	0000	5

mcc_generated_files/adc.c estimated size: 95

shared
		i2_printf      		CODE           	13C8	0000	443
		i2_putch       		CODE           	22C2	0000	11
		_dpowers       		SMALLCONST     	0F01	0000	41
		i2___lldiv     		CODE           	1DE0	0000	131
		__initialization		CODE           	2186	0000	45
		i2_EUSART2_Write		CODE           	22AA	0000	13
		i2___llmod     		CODE           	1FCE	0000	103
		i2_ADC_GetConversion		CODE           	21BC	0000	49

shared estimated size: 836

mcc_generated_files/eusart1.c
		_EUSART1_Initialize		CODE           	2256	0000	23
		_EUSART1_Read  		CODE           	227E	0000	17
		_EUSART1_Write 		CODE           	22B6	0000	13

mcc_generated_files/eusart1.c estimated size: 53

mcc_generated_files/mcc.c
		_OSCILLATOR_Initialize		CODE           	226C	0000	19
		_SYSTEM_Initialize		CODE           	21EC	0000	35

mcc_generated_files/mcc.c estimated size: 54

C:\Program Files (x86)\Microchip\xc8\v1.41\sources\common\llmod.c
		___llmod       		CODE           	1B94	0000	155

C:\Program Files (x86)\Microchip\xc8\v1.41\sources\common\llmod.c estimated size: 155

mcc_generated_files/tmr1.c
		_TMR1_Initialize		CODE           	2112	0000	59
		_TMR1_StartTimer		CODE           	22CC	0000	5

mcc_generated_files/tmr1.c estimated size: 64

ax.c
		_clearState    		CODE           	20D6	0000	61
		_setLedOn      		CODE           	1E62	0000	123
		_setLedOff     		CODE           	1EDC	0000	123
		_getAddressSize		CODE           	1F56	0000	121
		_sendAX        		CODE           	16FE	0000	317
		_getByteToSend 		CODE           	1582	0000	381
		_readAXData    		CODE           	1C2E	0000	153
		_pingAX        		CODE           	2034	0000	99
		_writeAXData   		CODE           	1D54	0000	141
		_handleByteReceived		CODE           	183A	0000	309
		_delay_ms      		CODE           	1CC6	0000	143

ax.c estimated size: 1971

main.c
		_main          		CODE           	0F74	0000	593

main.c estimated size: 593

