Microchip MPLAB XC8 Compiler V1.42 ()

Linker command line:

-W-3 --edf=C:\Program Files (x86)\Microchip\xc8\v1.42\dat\en_msgs.txt -cs \
  -h+dist/default/production\AX12-pic18f.production.sym \
  --cmf=dist/default/production\AX12-pic18f.production.cmf -z -Q18F46K80 \
  -oC:\Users\cho10\AppData\Local\Temp\s8rs.2 \
  -Mdist/default/production/AX12-pic18f.production.map -E1 -ver=XC8 \
  -ASTACK=0115h-0e40h -pstack=STACK -ACODE=00h-0FFFFh -ACONST=00h-0FFFFh \
  -ASMALLCONST=0F00h-0FFFhx241 -AMEDIUMCONST=0F00h-0FFFFh -ACOMRAM=01h-05Fh \
  -AABS1=00h-0E40h -ABIGRAM=01h-0E40h \
  -ARAM=060h-0FFh,0100h-01FFhx13,0E00h-0E40h -ABANK0=060h-0FFh \
  -ABANK1=0100h-01FFh -ABANK2=0200h-02FFh -ABANK3=0300h-03FFh \
  -ABANK4=0400h-04FFh -ABANK5=0500h-05FFh -ABANK6=0600h-06FFh \
  -ABANK7=0700h-07FFh -ABANK8=0800h-08FFh -ABANK9=0900h-09FFh \
  -ABANK10=0A00h-0AFFh -ABANK11=0B00h-0BFFh -ABANK12=0C00h-0CFFh \
  -ABANK13=0D00h-0DFFh -ABANK14=0E00h-0E40h \
  -ASFR=0E41h-0EFFh,0F00h-0F5Fh,0F60h-0FFFh \
  -preset_vec=00h,intcode=08h,intcodelo,powerup,init -pramtop=0F00h \
  -psmallconst=SMALLCONST -pmediumconst=MEDIUMCONST -pconst=CONST \
  -AFARRAM=00h-00h -ACONFIG=0300000h-030000Dh -pconfig=CONFIG \
  -AIDLOC=0200000h-0200007h -pidloc=IDLOC -AEEDATA=0F00000h-0F003FFh \
  -peeprom_data=EEDATA \
  -prdata=COMRAM,nvrram=COMRAM,nvbit=COMRAM,rbss=COMRAM,rbit=COMRAM \
  -pfarbss=FARRAM,fardata=FARRAM,nvFARRAM=FARRAM \
  -pintsave_regs=BIGRAM,bigbss=BIGRAM,bigdata=BIGRAM -pbss=RAM \
  -pidata=CODE,irdata=CODE,ibigdata=CODE,ifardata=CODE -prparam=COMRAM \
  C:\Users\cho10\AppData\Local\Temp\s8rs.obj \
  dist/default/production\AX12-pic18f.production.obj 

Object code version is 3.11

Machine type is 18F46K80

Call graph: (short form)




                Name                               Link     Load   Length Selector   Space Scale
C:\Users\cho10\AppData\Local\Temp\s8rs.obj
                init                                 96       96        4        4       0
                reset_vec                             0        0        4        0       0
                idloc                            200000   200000        8   200000       0
                config                           300000   300000        E   300000       0
dist/default/production\AX12-pic18f.production.obj
                intcode                               8        8       8E        4       0
                temp                                 5F       5F        1        1       1
                smallconst                          F00      F00       2A      780       0
                text34                             1D68     1D68        4      795       0
                text33                             1C34     1C34       30      795       0
                text32                             1C02     1C02       32      795       0
                text31                             1BCC     1BCC       36      795       0
                text30                             1D4A     1D4A        C      795       0
                text29                              F2A      F2A      26A      795       0
                text28                             1A66     1A66       74      795       0
                text27                             19EE     19EE       78      795       0
                text26                             1668     1668       B2      795       0
                text25                             17C6     17C6       A6      795       0
                text24                             1194     1194      19E      795       0
                text23                             1974     1974       7A      795       0
                text22                             18FA     18FA       7A      795       0
                text21                             14AA     14AA      100      795       0
                text20                             1D3E     1D3E        C      795       0
                text19                             1D56     1D56        A      795       0
                text18                             1C64     1C64       2C      795       0
                text17                             171A     171A       AC      795       0
                text15                             1CCC     1CCC       18      795       0
                text14                             1CFA     1CFA       16      795       0
                text13                             1CE4     1CE4       16      795       0
                text12                             1CB2     1CB2       1A      795       0
                text11                             1D64     1D64        4      795       0
                text10                             1D10     1D10       12      795       0
                text9                              1B26     1B26       3A      795       0
                text8                              1D60     1D60        4      795       0
                text7                              1B96     1B96       36      795       0
                text6                              1C90     1C90       22      795       0
                text5                              15AA     15AA       BE      795       0
                text4                              186C     186C       8E      795       0
                text3                              1D30     1D30        E      795       0
                text2                              1D22     1D22        E      795       0
                text1                              1B60     1B60       36      795       0
                text0                              1332     1332      178      795       0
                cstackCOMRAM                          1        1       55        1       1
                cstackBANK0                          9F       9F       32       60       1
                cstackBANK1                         100      100       15      100       1
                dataBANK0                            D1       D1        2       60       1
                bssBANK0                             60       60       3F       60       1
                dataCOMRAM                           5E       5E        1        1       1
                bssCOMRAM                            56       56        8        1       1
                cinit                              1ADA     1ADA       4C      795       0
                idataBANK0                         1D6C     1D6C        2      795       0
                idataCOMRAM                        1D6E     1D6E        1      795       0

TOTAL           Name                               Link     Load   Length     Space
        CLASS   STACK          

        CLASS   CODE           
                intcode                               8        8       8E         0
                init                                 96       96        4         0
                reset_vec                             0        0        4         0
                text34                             1D68     1D68        4         0
                text33                             1C34     1C34       30         0
                text32                             1C02     1C02       32         0
                text31                             1BCC     1BCC       36         0
                text30                             1D4A     1D4A        C         0
                text29                              F2A      F2A      26A         0
                text28                             1A66     1A66       74         0
                text27                             19EE     19EE       78         0
                text26                             1668     1668       B2         0
                text25                             17C6     17C6       A6         0
                text24                             1194     1194      19E         0
                text23                             1974     1974       7A         0
                text22                             18FA     18FA       7A         0
                text21                             14AA     14AA      100         0
                text20                             1D3E     1D3E        C         0
                text19                             1D56     1D56        A         0
                text18                             1C64     1C64       2C         0
                text17                             171A     171A       AC         0
                text15                             1CCC     1CCC       18         0
                text14                             1CFA     1CFA       16         0
                text13                             1CE4     1CE4       16         0
                text12                             1CB2     1CB2       1A         0
                text11                             1D64     1D64        4         0
                text10                             1D10     1D10       12         0
                text9                              1B26     1B26       3A         0
                text8                              1D60     1D60        4         0
                text7                              1B96     1B96       36         0
                text6                              1C90     1C90       22         0
                text5                              15AA     15AA       BE         0
                text4                              186C     186C       8E         0
                text3                              1D30     1D30        E         0
                text2                              1D22     1D22        E         0
                text1                              1B60     1B60       36         0
                text0                              1332     1332      178         0
                cinit                              1ADA     1ADA       4C         0
                idataBANK0                         1D6C     1D6C        2         0
                idataCOMRAM                        1D6E     1D6E        1         0

        CLASS   CONST          

        CLASS   SMALLCONST     
                smallconst                          F00      F00       2A         0

        CLASS   MEDIUMCONST    

        CLASS   COMRAM         
                temp                                 5F       5F        1         1
                cstackCOMRAM                          1        1       55         1
                dataCOMRAM                           5E       5E        1         1
                bssCOMRAM                            56       56        8         1

        CLASS   ABS1           

        CLASS   BIGRAM         

        CLASS   RAM            

        CLASS   BANK0          
                cstackBANK0                          9F       9F       32         1
                dataBANK0                            D1       D1        2         1
                bssBANK0                             60       60       3F         1

        CLASS   BANK1          
                cstackBANK1                         100      100       15         1

        CLASS   BANK2          

        CLASS   BANK3          

        CLASS   BANK4          

        CLASS   BANK5          

        CLASS   BANK6          

        CLASS   BANK7          

        CLASS   BANK8          

        CLASS   BANK9          

        CLASS   BANK10         

        CLASS   BANK11         

        CLASS   BANK12         

        CLASS   BANK13         

        CLASS   BANK14         

        CLASS   SFR            

        CLASS   FARRAM         

        CLASS   CONFIG         
                config                           300000   300000        E         0

        CLASS   IDLOC          
                idloc                            200000   200000        8         0

        CLASS   EEDATA         



SEGMENTS        Name                           Load    Length   Top    Selector   Space  Class

                reset_vec                      000000  000004  000004         0       0  CODE    
                cstackCOMRAM                   000001  00005F  000060         1       1  COMRAM  
                intcode                        000008  000092  00009A         4       0  CODE    
                bssBANK0                       000060  000073  0000D3        60       1  BANK0   
                cstackBANK1                    000100  000015  000115       100       1  BANK1   
                smallconst                     000F00  00002A  000F2A       780       0  SMALLCON
                text29                         000F2A  000E45  001D6F       795       0  CODE    
                idloc                          200000  000008  200008    200000       0  IDLOC   
                config                         300000  00000E  30000E    300000       0  CONFIG  


UNUSED ADDRESS RANGES

        Name                Unused          Largest block    Delta
        BANK0            0000D3-0000FF               2D
        BANK1            000115-0001FF               EB
        BANK10           000A00-000AFF              100
        BANK11           000B00-000BFF              100
        BANK12           000C00-000CFF              100
        BANK13           000D00-000DFF              100
        BANK14           000E00-000E40               41
        BANK2            000200-0002FF              100
        BANK3            000300-0003FF              100
        BANK4            000400-0004FF              100
        BANK5            000500-0005FF              100
        BANK6            000600-0006FF              100
        BANK7            000700-0007FF              100
        BANK8            000800-0008FF              100
        BANK9            000900-0009FF              100
        BIGRAM           0000D3-0000FF               2D
                         000115-000E40              D2C
        CODE             000004-000007                4
                         00009A-000EFF              E66
                         001D6F-00FFFF             E291
        CONST            000004-000007                4
                         00009A-000EFF              E66
                         001D6F-00FFFF             E291
        EEDATA           F00000-F003FF              400
        MEDIUMCONST      001D6F-00FFFF             E291
        RAM              0000D3-0000FF               2D
                         000115-000E40              100
        SFR              000E41-000FFF               BF
        SMALLCONST       001D6F-00FFFF              100
        STACK            000115-000E40              D2C

                                  Symbol Table

?_ADC_GetConversion                  cstackCOMRAM 000001
?___awdiv                            cstackBANK1  000100
?_getAddressSize                     cstackCOMRAM 000001
?_pingAX                             cstackCOMRAM 000030
?_printf                             cstackBANK1  000102
?_readAXData                         cstackCOMRAM 000030
?_writeAXData                        cstackCOMRAM 000030
?i2_printf                           cstackCOMRAM 000003
ADC_GetConversion@channel            cstackCOMRAM 000005
EUSART1_Read@i                       cstackCOMRAM 000001
EUSART1_Write@txData                 cstackCOMRAM 000001
EUSART2_Write@txData                 cstackBANK1  000100
_ADCON0                              (abs)        000FC2
_ADCON0bits                          (abs)        000FC2
_ADCON1                              (abs)        000FC1
_ADCON2                              (abs)        000FC0
_ADC_GetConversion                   text33       001C34
_ADC_ISR                             text34       001D68
_ADC_Initialize                      text15       001CCC
_ADRESH                              (abs)        000FC4
_ADRESL                              (abs)        000FC3
_ANCON0                              (abs)        000F5D
_ANCON1                              (abs)        000F5C
_BAUDCON1                            (abs)        000FA7
_BAUDCON2                            (abs)        000FB9
_BCLIF                               (abs)        007D0B
_EUSART1_Initialize                  text14       001CFA
_EUSART1_Read                        text31       001BCC
_EUSART1_Write                       text30       001D4A
_EUSART2_Initialize                  text13       001CE4
_EUSART2_Write                       text3        001D30
_I2C_ISR                             text17       00171A
_I2C_Initialize                      text12       001CB2
_I2C_slaveWriteData                  dataBANK0    0000D2
_INTCONbits                          (abs)        000FF2
_INTERRUPT_Initialize                text11       001D64
_INTERRUPT_InterruptManager          intcode      000008
_LATA                                (abs)        000F89
_LATB                                (abs)        000F8A
_LATBbits                            (abs)        000F8A
_LATC                                (abs)        000F8B
_LATCbits                            (abs)        000F8B
_LATD                                (abs)        000F8C
_LATDbits                            (abs)        000F8C
_LATE                                (abs)        000F8D
_OSCCON                              (abs)        000FD3
_OSCCON2                             (abs)        000FD2
_OSCILLATOR_Initialize               text10       001D10
_OSCTUNE                             (abs)        000F9B
_PIE1bits                            (abs)        000F9D
_PIN_MANAGER_Initialize              text9        001B26
_PIR1bits                            (abs)        000F9E
_PIR3bits                            (abs)        000FA4
_PORTCbits                           (abs)        000F82
_RCONbits                            (abs)        000FD0
_RCREG1                              (abs)        000FAE
_RCREG2                              (abs)        000F7A
_RCSTA1                              (abs)        000FAB
_RCSTA1bits                          (abs)        000FAB
_RCSTA2                              (abs)        000FA6
_RCSTA2bits                          (abs)        000FA6
_REFOCON                             (abs)        000F9A
_SPBRG1                              (abs)        000FAF
_SPBRG2                              (abs)        000F7B
_SPBRGH1                             (abs)        000F7D
_SPBRGH2                             (abs)        000F7C
_SSPADD                              (abs)        000FC8
_SSPBUF                              (abs)        000FC9
_SSPCON1                             (abs)        000FC6
_SSPCON1bits                         (abs)        000FC6
_SSPCON2                             (abs)        000FC5
_SSPIF                               (abs)        007CF3
_SSPSTAT                             (abs)        000FC7
_SSPSTATbits                         (abs)        000FC7
_SYSTEM_Initialize                   text6        001C90
_T1CON                               (abs)        000FCD
_T1CONbits                           (abs)        000FCD
_T1GCON                              (abs)        000FAA
_T1GCONbits                          (abs)        000FAA
_TMR1H                               (abs)        000FCF
_TMR1L                               (abs)        000FCE
_TMR1_Initialize                     text7        001B96
_TMR1_InterruptHandler               bssBANK0     000098
_TMR1_StartTimer                     text8        001D60
_TRISA                               (abs)        000F92
_TRISB                               (abs)        000F93
_TRISC                               (abs)        000F94
_TRISD                               (abs)        000F95
_TRISE                               (abs)        000F96
_TXREG1                              (abs)        000FAD
_TXREG2                              (abs)        000F79
_TXSTA1                              (abs)        000FAC
_TXSTA2                              (abs)        000FBA
_WPUB                                (abs)        000F5B
__CFG_BBSIZ$BB2K                     (abs)        000000
__CFG_BOREN$SBORDIS                  (abs)        000000
__CFG_BORPWR$ZPBORMV                 (abs)        000000
__CFG_BORV$3                         (abs)        000000
__CFG_CANMX$PORTB                    (abs)        000000
__CFG_CP0$OFF                        (abs)        000000
__CFG_CP1$OFF                        (abs)        000000
__CFG_CP2$OFF                        (abs)        000000
__CFG_CP3$OFF                        (abs)        000000
__CFG_CPB$OFF                        (abs)        000000
__CFG_CPD$OFF                        (abs)        000000
__CFG_EBTR0$OFF                      (abs)        000000
__CFG_EBTR1$OFF                      (abs)        000000
__CFG_EBTR2$OFF                      (abs)        000000
__CFG_EBTR3$OFF                      (abs)        000000
__CFG_EBTRB$OFF                      (abs)        000000
__CFG_FCMEN$OFF                      (abs)        000000
__CFG_FOSC$HS2                       (abs)        000000
__CFG_IESO$OFF                       (abs)        000000
__CFG_INTOSCSEL$HIGH                 (abs)        000000
__CFG_MCLRE$ON                       (abs)        000000
__CFG_MSSPMSK$MSK7                   (abs)        000000
__CFG_PLLCFG$ON                      (abs)        000000
__CFG_PWRTEN$OFF                     (abs)        000000
__CFG_RETEN$OFF                      (abs)        000000
__CFG_SOSCSEL$DIG                    (abs)        000000
__CFG_STVREN$ON                      (abs)        000000
__CFG_WDTEN$OFF                      (abs)        000000
__CFG_WDTPS$1048576                  (abs)        000000
__CFG_WRT0$OFF                       (abs)        000000
__CFG_WRT1$OFF                       (abs)        000000
__CFG_WRT2$OFF                       (abs)        000000
__CFG_WRT3$OFF                       (abs)        000000
__CFG_WRTB$OFF                       (abs)        000000
__CFG_WRTC$OFF                       (abs)        000000
__CFG_WRTD$OFF                       (abs)        000000
__CFG_XINST$OFF                      (abs)        000000
__HRAM                               (abs)        000000
__Habs1                              abs1         000000
__Hbank0                             bank0        000000
__Hbank1                             bank1        000000
__Hbank10                            bank10       000000
__Hbank11                            bank11       000000
__Hbank12                            bank12       000000
__Hbank13                            bank13       000000
__Hbank14                            bank14       000000
__Hbank2                             bank2        000000
__Hbank3                             bank3        000000
__Hbank4                             bank4        000000
__Hbank5                             bank5        000000
__Hbank6                             bank6        000000
__Hbank7                             bank7        000000
__Hbank8                             bank8        000000
__Hbank9                             bank9        000000
__Hbigbss                            bigbss       000000
__Hbigdata                           bigdata      000000
__Hbigram                            bigram       000000
__Hbss                               bss          000000
__HbssBANK0                          bssBANK0     000000
__HbssCOMRAM                         bssCOMRAM    000000
__Hcinit                             cinit        000000
__Hclrtext                           clrtext      000000
__Hcomram                            comram       000000
__Hconfig                            config       30000E
__Hconst                             const        000000
__HcstackBANK0                       cstackBANK0  000000
__HcstackBANK1                       cstackBANK1  000000
__HcstackCOMRAM                      cstackCOMRAM 000000
__Hdata                              data         000000
__HdataBANK0                         dataBANK0    000000
__HdataCOMRAM                        dataCOMRAM   000000
__Heeprom_data                       eeprom_data  000000
__Hfarbss                            farbss       000000
__Hfardata                           fardata      000000
__Hibigdata                          ibigdata     000000
__Hidata                             idata        000000
__HidataBANK0                        idataBANK0   000000
__HidataCOMRAM                       idataCOMRAM  000000
__Hidloc                             idloc        200008
__Hifardata                          ifardata     000000
__Hinit                              init         00009A
__Hintcode                           intcode      000096
__Hintcode_body                      intcode_body 000000
__Hintcodelo                         intcodelo    000096
__Hintentry                          intentry     000000
__Hintret                            intret       000000
__Hintsave_regs                      intsave_regs 000000
__Hirdata                            irdata       000000
__Hmediumconst                       mediumconst  000000
__HnvFARRAM                          nvFARRAM     000000
__Hnvbit                             nvbit        000000
__Hnvrram                            nvrram       000000
__Hparam                             rparam       000000
__Hpowerup                           powerup      000096
__Hram                               ram          000000
__Hramtop                            ramtop       000F00
__Hrbit                              rbit         000000
__Hrbss                              rbss         000000
__Hrdata                             rdata        000000
__Hreset_vec                         reset_vec    000004
__Hrparam                            rparam       000000
__Hsfr                               sfr          000000
__Hsmallconst                        smallconst   000F2A
__Hspace_0                           (abs)        30000E
__Hspace_1                           (abs)        000115
__Hspace_2                           (abs)        000000
__Hstack                             stack        000000
__Hstruct                            struct       000000
__Htemp                              temp         000060
__Htext                              text         000000
__Htext0                             text0        000000
__Htext1                             text1        000000
__Htext10                            text10       000000
__Htext11                            text11       000000
__Htext12                            text12       000000
__Htext13                            text13       000000
__Htext14                            text14       000000
__Htext15                            text15       000000
__Htext17                            text17       000000
__Htext18                            text18       000000
__Htext19                            text19       000000
__Htext2                             text2        000000
__Htext20                            text20       000000
__Htext21                            text21       000000
__Htext22                            text22       000000
__Htext23                            text23       000000
__Htext24                            text24       000000
__Htext25                            text25       000000
__Htext26                            text26       000000
__Htext27                            text27       000000
__Htext28                            text28       000000
__Htext29                            text29       000000
__Htext3                             text3        000000
__Htext30                            text30       000000
__Htext31                            text31       000000
__Htext32                            text32       000000
__Htext33                            text33       000000
__Htext34                            text34       000000
__Htext4                             text4        000000
__Htext5                             text5        000000
__Htext6                             text6        000000
__Htext7                             text7        000000
__Htext8                             text8        000000
__Htext9                             text9        000000
__LRAM                               (abs)        000001
__Labs1                              abs1         000000
__Lbank0                             bank0        000000
__Lbank1                             bank1        000000
__Lbank10                            bank10       000000
__Lbank11                            bank11       000000
__Lbank12                            bank12       000000
__Lbank13                            bank13       000000
__Lbank14                            bank14       000000
__Lbank2                             bank2        000000
__Lbank3                             bank3        000000
__Lbank4                             bank4        000000
__Lbank5                             bank5        000000
__Lbank6                             bank6        000000
__Lbank7                             bank7        000000
__Lbank8                             bank8        000000
__Lbank9                             bank9        000000
__Lbigbss                            bigbss       000000
__Lbigdata                           bigdata      000000
__Lbigram                            bigram       000000
__Lbss                               bss          000000
__LbssBANK0                          bssBANK0     000000
__LbssCOMRAM                         bssCOMRAM    000000
__Lcinit                             cinit        000000
__Lclrtext                           clrtext      000000
__Lcomram                            comram       000000
__Lconfig                            config       300000
__Lconst                             const        000000
__LcstackBANK0                       cstackBANK0  000000
__LcstackBANK1                       cstackBANK1  000000
__LcstackCOMRAM                      cstackCOMRAM 000000
__Ldata                              data         000000
__LdataBANK0                         dataBANK0    000000
__LdataCOMRAM                        dataCOMRAM   000000
__Leeprom_data                       eeprom_data  000000
__Lfarbss                            farbss       000000
__Lfardata                           fardata      000000
__Libigdata                          ibigdata     000000
__Lidata                             idata        000000
__LidataBANK0                        idataBANK0   000000
__LidataCOMRAM                       idataCOMRAM  000000
__Lidloc                             idloc        200000
__Lifardata                          ifardata     000000
__Linit                              init         000096
__Lintcode                           intcode      000008
__Lintcode_body                      intcode_body 000000
__Lintcodelo                         intcodelo    000096
__Lintentry                          intentry     000000
__Lintret                            intret       000000
__Lintsave_regs                      intsave_regs 000000
__Lirdata                            irdata       000000
__Lmediumconst                       mediumconst  000000
__LnvFARRAM                          nvFARRAM     000000
__Lnvbit                             nvbit        000000
__Lnvrram                            nvrram       000000
__Lparam                             rparam       000000
__Lpowerup                           powerup      000096
__Lram                               ram          000000
__Lramtop                            ramtop       000F00
__Lrbit                              rbit         000000
__Lrbss                              rbss         000000
__Lrdata                             rdata        000000
__Lreset_vec                         reset_vec    000000
__Lrparam                            rparam       000000
__Lsfr                               sfr          000000
__Lsmallconst                        smallconst   000F00
__Lspace_0                           (abs)        000000
__Lspace_1                           (abs)        000000
__Lspace_2                           (abs)        000000
__Lstack                             stack        000000
__Lstruct                            struct       000000
__Ltemp                              temp         00005F
__Ltext                              text         000000
__Ltext0                             text0        000000
__Ltext1                             text1        000000
__Ltext10                            text10       000000
__Ltext11                            text11       000000
__Ltext12                            text12       000000
__Ltext13                            text13       000000
__Ltext14                            text14       000000
__Ltext15                            text15       000000
__Ltext17                            text17       000000
__Ltext18                            text18       000000
__Ltext19                            text19       000000
__Ltext2                             text2        000000
__Ltext20                            text20       000000
__Ltext21                            text21       000000
__Ltext22                            text22       000000
__Ltext23                            text23       000000
__Ltext24                            text24       000000
__Ltext25                            text25       000000
__Ltext26                            text26       000000
__Ltext27                            text27       000000
__Ltext28                            text28       000000
__Ltext29                            text29       000000
__Ltext3                             text3        000000
__Ltext30                            text30       000000
__Ltext31                            text31       000000
__Ltext32                            text32       000000
__Ltext33                            text33       000000
__Ltext34                            text34       000000
__Ltext4                             text4        000000
__Ltext5                             text5        000000
__Ltext6                             text6        000000
__Ltext7                             text7        000000
__Ltext8                             text8        000000
__Ltext9                             text9        000000
__S0                                 (abs)        30000E
__S1                                 (abs)        000115
__S2                                 (abs)        000000
___awdiv                             text5        0015AA
___awdiv@counter                     cstackBANK1  000104
___awdiv@dividend                    cstackBANK1  000100
___awdiv@divisor                     cstackBANK1  000102
___awdiv@quotient                    cstackBANK1  000106
___awdiv@sign                        cstackBANK1  000105
___inthi_sp                          stack        000000
___intlo_sp                          stack        000000
___param_bank                        (abs)        000000
___rparam_used                       (abs)        000001
___sp                                stack        000000
__accesstop                          (abs)        000060
__activetblptr                       (abs)        000003
__end_of_ADC_GetConversion           text33       001C64
__end_of_ADC_ISR                     text34       001D6C
__end_of_ADC_Initialize              text15       001CE4
__end_of_EUSART1_Initialize          text14       001D10
__end_of_EUSART1_Read                text31       001C02
__end_of_EUSART1_Write               text30       001D56
__end_of_EUSART2_Initialize          text13       001CFA
__end_of_EUSART2_Write               text3        001D3E
__end_of_I2C_ISR                     text17       0017C6
__end_of_I2C_Initialize              text12       001CCC
__end_of_INTERRUPT_Initialize        text11       001D68
__end_of_INTERRUPT_InterruptManager  intcode      000096
__end_of_OSCILLATOR_Initialize       text10       001D22
__end_of_PIN_MANAGER_Initialize      text9        001B60
__end_of_SYSTEM_Initialize           text6        001CB2
__end_of_TMR1_Initialize             text7        001BCC
__end_of_TMR1_StartTimer             text8        001D64
__end_of___awdiv                     text5        001668
__end_of__initialization             cinit        001B1C
__end_of_clearState                  text32       001C34
__end_of_delay_ms                    text4        0018FA
__end_of_getAddressSize              text27       001A66
__end_of_getByteToSend               text24       001332
__end_of_handleByteReceived          text21       0015AA
__end_of_main                        text0        0014AA
__end_of_pingAX                      text28       001ADA
__end_of_printf                      text1        001B96
__end_of_putch                       text2        001D30
__end_of_readAXData                  text26       00171A
__end_of_sendAX                      text29       001194
__end_of_setLedOff                   text23       0019EE
__end_of_setLedOn                    text22       001974
__end_of_writeAXData                 text25       00186C
__end_ofi2_EUSART2_Write             text20       001D4A
__end_ofi2_printf                    text18       001C90
__end_ofi2_putch                     text19       001D60
__initialization                     cinit        001ADA
__mediumconst                        mediumconst  000000
__pbssBANK0                          bssBANK0     000060
__pbssCOMRAM                         bssCOMRAM    000056
__pcinit                             cinit        001ADA
__pcstackBANK0                       cstackBANK0  00009F
__pcstackBANK1                       cstackBANK1  000100
__pcstackCOMRAM                      cstackCOMRAM 000001
__pdataBANK0                         dataBANK0    0000D1
__pdataCOMRAM                        dataCOMRAM   00005E
__pidataBANK0                        idataBANK0   001D6C
__pidataCOMRAM                       idataCOMRAM  001D6E
__pintcode                           intcode      000008
__psmallconst                        smallconst   000F00
__ptext0                             text0        001332
__ptext1                             text1        001B60
__ptext10                            text10       001D10
__ptext11                            text11       001D64
__ptext12                            text12       001CB2
__ptext13                            text13       001CE4
__ptext14                            text14       001CFA
__ptext15                            text15       001CCC
__ptext17                            text17       00171A
__ptext18                            text18       001C64
__ptext19                            text19       001D56
__ptext2                             text2        001D22
__ptext20                            text20       001D3E
__ptext21                            text21       0014AA
__ptext22                            text22       0018FA
__ptext23                            text23       001974
__ptext24                            text24       001194
__ptext25                            text25       0017C6
__ptext26                            text26       001668
__ptext27                            text27       0019EE
__ptext28                            text28       001A66
__ptext29                            text29       000F2A
__ptext3                             text3        001D30
__ptext30                            text30       001D4A
__ptext31                            text31       001BCC
__ptext32                            text32       001C02
__ptext33                            text33       001C34
__ptext34                            text34       001D68
__ptext4                             text4        00186C
__ptext5                             text5        0015AA
__ptext6                             text6        001C90
__ptext7                             text7        001B96
__ptext8                             text8        001D60
__ptext9                             text9        001B26
__ramtop                             ramtop       000F00
__size_of_ADC_GetConversion          (abs)        000000
__size_of_ADC_ISR                    (abs)        000000
__size_of_ADC_Initialize             (abs)        000000
__size_of_EUSART1_Initialize         (abs)        000000
__size_of_EUSART1_Read               (abs)        000000
__size_of_EUSART1_Write              (abs)        000000
__size_of_EUSART2_Initialize         (abs)        000000
__size_of_EUSART2_Write              (abs)        000000
__size_of_I2C_ISR                    (abs)        000000
__size_of_I2C_Initialize             (abs)        000000
__size_of_INTERRUPT_Initialize       (abs)        000000
__size_of_INTERRUPT_InterruptManager (abs)        000000
__size_of_OSCILLATOR_Initialize      (abs)        000000
__size_of_PIN_MANAGER_Initialize     (abs)        000000
__size_of_SYSTEM_Initialize          (abs)        000000
__size_of_TMR1_Initialize            (abs)        000000
__size_of_TMR1_StartTimer            (abs)        000000
__size_of___awdiv                    (abs)        000000
__size_of_clearState                 (abs)        000000
__size_of_delay_ms                   (abs)        000000
__size_of_getAddressSize             (abs)        000000
__size_of_getByteToSend              (abs)        000000
__size_of_handleByteReceived         (abs)        000000
__size_of_main                       (abs)        000000
__size_of_pingAX                     (abs)        000000
__size_of_printf                     (abs)        000000
__size_of_putch                      (abs)        000000
__size_of_readAXData                 (abs)        000000
__size_of_sendAX                     (abs)        000000
__size_of_setLedOff                  (abs)        000000
__size_of_setLedOn                   (abs)        000000
__size_of_writeAXData                (abs)        000000
__size_ofi2_EUSART2_Write            (abs)        000000
__size_ofi2_printf                   (abs)        000000
__size_ofi2_putch                    (abs)        000000
__smallconst                         smallconst   000F00
_adc_values                          bssBANK0     000080
_bytesSent                           bssBANK0     000094
_clearState                          text32       001C02
_currentCommand                      dataCOMRAM   00005E
_dataToSend                          bssBANK0     000060
_delay_ms                            text4        00186C
_first                               dataBANK0    0000D1
_getAddressSize                      text27       0019EE
_getByteToSend                       text24       001194
_handleByteReceived                  text21       0014AA
_index_i2c                           bssBANK0     00009A
_junk                                bssBANK0     00009E
_main                                text0        001332
_nbBytesToSend                       bssBANK0     000096
_parameter1                          bssCOMRAM    00005D
_parameter2                          bssCOMRAM    00005C
_parameter3                          bssCOMRAM    00005B
_parameter4                          bssCOMRAM    00005A
_parameter5                          bssBANK0     00009D
_parameter6                          bssBANK0     00009C
_pingAX                              text28       001A66
_printf                              text1        001B60
_putch                               text2        001D22
_readAXData                          text26       001668
_readIndex                           bssCOMRAM    000056
_sendAX                              text29       000F2A
_setLedOff                           text23       001974
_setLedOn                            text22       0018FA
_timer1ReloadVal                     bssCOMRAM    000058
_writeAXData                         text25       0017C6
btemp                                temp         00005F
delay_ms@i                           cstackBANK1  00010D
delay_ms@ms                          cstackBANK1  000108
delay_ms@n                           cstackBANK1  00010B
end_of_initialization                cinit        001B1C
getAddressSize@address               cstackCOMRAM 000001
getByteToSend@d                      cstackCOMRAM 000041
getByteToSend@error                  cstackCOMRAM 000039
getByteToSend@error_1447             cstackCOMRAM 00003B
getByteToSend@r                      cstackCOMRAM 000046
getByteToSend@value                  cstackCOMRAM 000042
getByteToSend@value_1450             cstackCOMRAM 000044
getByteToSend@xhigh                  cstackCOMRAM 00003E
getByteToSend@xhigh_1452             cstackCOMRAM 000040
getByteToSend@xlow                   cstackCOMRAM 00003D
getByteToSend@xlow_1451              cstackCOMRAM 00003F
handleByteReceived@data              cstackCOMRAM 000007
handleByteReceived@i                 cstackCOMRAM 000005
i2EUSART2_Write@txData               cstackCOMRAM 000001
i2_EUSART2_Write                     text20       001D3E
i2_printf                            text18       001C64
i2_putch                             text19       001D56
i2printf@ap                          cstackCOMRAM 000005
i2printf@c                           cstackCOMRAM 000007
i2printf@f                           cstackCOMRAM 000003
i2putch@txData                       cstackCOMRAM 000002
int$flags                            temp         00005F
intlevel0                            text         000000
intlevel1                            text         000000
intlevel2                            text         000000
intlevel3                            text         000000
main@adc                             cstackBANK1  000111
main@delay                           cstackBANK1  000113
main@i                               cstackBANK1  00010F
pingAX@error                         cstackBANK0  0000CD
pingAX@id                            cstackCOMRAM 000030
pingAX@instruction                   cstackBANK0  0000CB
pingAX@length                        cstackBANK0  0000C9
pingAX@nbParameters                  cstackBANK0  0000C7
pingAX@packet                        cstackBANK0  0000B3
pingAX@result                        cstackBANK0  00009F
printf@ap                            cstackBANK1  000104
printf@c                             cstackBANK1  000106
printf@f                             cstackBANK1  000102
putch@txData                         cstackBANK1  000101
readAXData@address                   cstackCOMRAM 000032
readAXData@error                     cstackBANK0  0000B3
readAXData@id                        cstackCOMRAM 000030
readAXData@instruction               cstackBANK0  0000CD
readAXData@length                    cstackBANK0  0000CB
readAXData@nbParameters              cstackBANK0  0000C9
readAXData@packet                    cstackBANK0  0000B5
readAXData@result                    cstackBANK0  00009F
readAXData@size                      cstackBANK0  0000CF
sendAX@buffer                        cstackCOMRAM 000003
sendAX@checksum                      cstackCOMRAM 00002C
sendAX@checksumResult                cstackCOMRAM 00002D
sendAX@count                         cstackCOMRAM 00001E
sendAX@i                             cstackCOMRAM 000020
sendAX@i_1374                        cstackCOMRAM 000022
sendAX@i_1377                        cstackCOMRAM 000024
sendAX@i_1381                        cstackCOMRAM 000028
sendAX@i_1390                        cstackCOMRAM 00002A
sendAX@packetSize                    cstackCOMRAM 000005
sendAX@param0                        cstackCOMRAM 000010
sendAX@param1                        cstackCOMRAM 000012
sendAX@param2                        cstackCOMRAM 000014
sendAX@param3                        cstackCOMRAM 000016
sendAX@param4                        cstackCOMRAM 000018
sendAX@param5                        cstackCOMRAM 00001A
sendAX@param6                        cstackCOMRAM 00001C
sendAX@parametersToRead              cstackCOMRAM 000009
sendAX@r0                            cstackCOMRAM 000026
sendAX@result                        cstackCOMRAM 000007
sendAX@stop                          cstackCOMRAM 00002E
setLedOff@led                        cstackCOMRAM 000001
setLedOn@led                         cstackCOMRAM 000001
stackhi                              (abs)        000E40
stacklo                              (abs)        000115
start                                init         000096
start_initialization                 cinit        001ADA
writeAXData@address                  cstackCOMRAM 000032
writeAXData@data                     cstackCOMRAM 000034
writeAXData@error                    cstackBANK0  0000CB
writeAXData@id                       cstackCOMRAM 000030
writeAXData@instruction              cstackBANK0  0000C9
writeAXData@length                   cstackBANK0  0000C7
writeAXData@packet                   cstackBANK0  0000B3
writeAXData@result                   cstackBANK0  00009F
writeAXData@size                     cstackBANK0  0000CD


FUNCTION INFORMATION:

 *************** function _main *****************
 Defined at:
		line 52 in file "main.c"
 Parameters:    Size  Location     Type
		None
 Auto vars:     Size  Location     Type
  i               2   15[BANK1 ] int 
  adc             2   17[BANK1 ] int 
  delay           2   19[BANK1 ] int 
 Return value:  Size  Location     Type
                  1    wreg      void 
 Registers used:
		wreg, fsr2l, fsr2h, status,2, status,0, tblptrl, tblptrh, tblptru, cstack
 Tracked objects:
		On entry : 
		On exit  : 
		Unchanged: 
 Data sizes:     COMRAM   BANK0   BANK1   BANK2   BANK3   BANK4   BANK5   BANK6   BANK7   BANK8   BANK9  BANK10  BANK11  BANK12  BANK13  BANK14
      Params:         0       0       0       0       0       0       0       0       0       0       0       0       0       0       0       0
      Locals:         0       0       6       0       0       0       0       0       0       0       0       0       0       0       0       0
      Temps:          0       0       0       0       0       0       0       0       0       0       0       0       0       0       0       0
      Totals:         0       0       6       0       0       0       0       0       0       0       0       0       0       0       0       0
Total ram usage:        6 bytes
 Hardware stack levels required when called:    9
 This function calls:
		_SYSTEM_Initialize
		_delay_ms
		_printf
 This function is called by:
		Startup code after reset
 This function uses a non-reentrant model


 *************** function _printf *****************
 Defined at:
		line 464 in file "C:\Program Files (x86)\Microchip\xc8\v1.42\sources\common\doprnt.c"
 Parameters:    Size  Location     Type
  f               2    2[BANK1 ] PTR const unsigned char 
		 -> STR_3(17), STR_2(13), STR_1(10), 
 Auto vars:     Size  Location     Type
  tmpval          4    0        struct .
  cp              3    0        PTR const unsigned char 
  ap              2    4[BANK1 ] PTR void [1]
		 -> ?i2_printf(2), ?_printf(2), 
  len             2    0        unsigned int 
  val             2    0        unsigned int 
  c               1    6[BANK1 ] char 
  flag            1    0        unsigned char 
  prec            1    0        char 
 Return value:  Size  Location     Type
                  2    2[BANK1 ] int 
 Registers used:
		wreg, status,2, status,0, tblptrl, tblptrh, tblptru, cstack
 Tracked objects:
		On entry : 
		On exit  : 
		Unchanged: 
 Data sizes:     COMRAM   BANK0   BANK1   BANK2   BANK3   BANK4   BANK5   BANK6   BANK7   BANK8   BANK9  BANK10  BANK11  BANK12  BANK13  BANK14
      Params:         0       0       2       0       0       0       0       0       0       0       0       0       0       0       0       0
      Locals:         0       0       3       0       0       0       0       0       0       0       0       0       0       0       0       0
      Temps:          0       0       0       0       0       0       0       0       0       0       0       0       0       0       0       0
      Totals:         0       0       5       0       0       0       0       0       0       0       0       0       0       0       0       0
Total ram usage:        5 bytes
 Hardware stack levels used:    1
 Hardware stack levels required when called:    8
 This function calls:
		_putch
 This function is called by:
		_main
 This function uses a non-reentrant model


 *************** function _putch *****************
 Defined at:
		line 110 in file "mcc_generated_files/eusart2.c"
 Parameters:    Size  Location     Type
  txData          1    wreg     unsigned char 
 Auto vars:     Size  Location     Type
  txData          1    1[BANK1 ] unsigned char 
 Return value:  Size  Location     Type
                  1    wreg      void 
 Registers used:
		wreg, status,2, cstack
 Tracked objects:
		On entry : 
		On exit  : 
		Unchanged: 
 Data sizes:     COMRAM   BANK0   BANK1   BANK2   BANK3   BANK4   BANK5   BANK6   BANK7   BANK8   BANK9  BANK10  BANK11  BANK12  BANK13  BANK14
      Params:         0       0       0       0       0       0       0       0       0       0       0       0       0       0       0       0
      Locals:         0       0       1       0       0       0       0       0       0       0       0       0       0       0       0       0
      Temps:          0       0       0       0       0       0       0       0       0       0       0       0       0       0       0       0
      Totals:         0       0       1       0       0       0       0       0       0       0       0       0       0       0       0       0
Total ram usage:        1 bytes
 Hardware stack levels used:    1
 Hardware stack levels required when called:    7
 This function calls:
		_EUSART2_Write
 This function is called by:
		_printf
 This function uses a non-reentrant model


 *************** function _EUSART2_Write *****************
 Defined at:
		line 96 in file "mcc_generated_files/eusart2.c"
 Parameters:    Size  Location     Type
  txData          1    wreg     unsigned char 
 Auto vars:     Size  Location     Type
  txData          1    0[BANK1 ] unsigned char 
 Return value:  Size  Location     Type
                  1    wreg      void 
 Registers used:
		wreg
 Tracked objects:
		On entry : 
		On exit  : 
		Unchanged: 
 Data sizes:     COMRAM   BANK0   BANK1   BANK2   BANK3   BANK4   BANK5   BANK6   BANK7   BANK8   BANK9  BANK10  BANK11  BANK12  BANK13  BANK14
      Params:         0       0       0       0       0       0       0       0       0       0       0       0       0       0       0       0
      Locals:         0       0       1       0       0       0       0       0       0       0       0       0       0       0       0       0
      Temps:          0       0       0       0       0       0       0       0       0       0       0       0       0       0       0       0
      Totals:         0       0       1       0       0       0       0       0       0       0       0       0       0       0       0       0
Total ram usage:        1 bytes
 Hardware stack levels used:    1
 Hardware stack levels required when called:    6
 This function calls:
		Nothing
 This function is called by:
		_putch
 This function uses a non-reentrant model


 *************** function _delay_ms *****************
 Defined at:
		line 13 in file "ax.c"
 Parameters:    Size  Location     Type
  ms              2    8[BANK1 ] int 
 Auto vars:     Size  Location     Type
  i               2   13[BANK1 ] int 
  n               2   11[BANK1 ] int 
 Return value:  Size  Location     Type
                  1    wreg      void 
 Registers used:
		wreg, status,2, status,0, cstack
 Tracked objects:
		On entry : 
		On exit  : 
		Unchanged: 
 Data sizes:     COMRAM   BANK0   BANK1   BANK2   BANK3   BANK4   BANK5   BANK6   BANK7   BANK8   BANK9  BANK10  BANK11  BANK12  BANK13  BANK14
      Params:         0       0       2       0       0       0       0       0       0       0       0       0       0       0       0       0
      Locals:         0       0       4       0       0       0       0       0       0       0       0       0       0       0       0       0
      Temps:          0       0       1       0       0       0       0       0       0       0       0       0       0       0       0       0
      Totals:         0       0       7       0       0       0       0       0       0       0       0       0       0       0       0       0
Total ram usage:        7 bytes
 Hardware stack levels used:    1
 Hardware stack levels required when called:    7
 This function calls:
		___awdiv
 This function is called by:
		_main
 This function uses a non-reentrant model


 *************** function ___awdiv *****************
 Defined at:
		line 8 in file "C:\Program Files (x86)\Microchip\xc8\v1.42\sources\common\awdiv.c"
 Parameters:    Size  Location     Type
  dividend        2    0[BANK1 ] int 
  divisor         2    2[BANK1 ] int 
 Auto vars:     Size  Location     Type
  quotient        2    6[BANK1 ] int 
  sign            1    5[BANK1 ] unsigned char 
  counter         1    4[BANK1 ] unsigned char 
 Return value:  Size  Location     Type
                  2    0[BANK1 ] int 
 Registers used:
		wreg, status,2, status,0
 Tracked objects:
		On entry : 
		On exit  : 
		Unchanged: 
 Data sizes:     COMRAM   BANK0   BANK1   BANK2   BANK3   BANK4   BANK5   BANK6   BANK7   BANK8   BANK9  BANK10  BANK11  BANK12  BANK13  BANK14
      Params:         0       0       4       0       0       0       0       0       0       0       0       0       0       0       0       0
      Locals:         0       0       4       0       0       0       0       0       0       0       0       0       0       0       0       0
      Temps:          0       0       0       0       0       0       0       0       0       0       0       0       0       0       0       0
      Totals:         0       0       8       0       0       0       0       0       0       0       0       0       0       0       0       0
Total ram usage:        8 bytes
 Hardware stack levels used:    1
 Hardware stack levels required when called:    6
 This function calls:
		Nothing
 This function is called by:
		_delay_ms
 This function uses a non-reentrant model


 *************** function _SYSTEM_Initialize *****************
 Defined at:
		line 111 in file "mcc_generated_files/mcc.c"
 Parameters:    Size  Location     Type
		None
 Auto vars:     Size  Location     Type
		None
 Return value:  Size  Location     Type
                  1    wreg      void 
 Registers used:
		wreg, status,2, status,0, cstack
 Tracked objects:
		On entry : 
		On exit  : 
		Unchanged: 
 Data sizes:     COMRAM   BANK0   BANK1   BANK2   BANK3   BANK4   BANK5   BANK6   BANK7   BANK8   BANK9  BANK10  BANK11  BANK12  BANK13  BANK14
      Params:         0       0       0       0       0       0       0       0       0       0       0       0       0       0       0       0
      Locals:         0       0       0       0       0       0       0       0       0       0       0       0       0       0       0       0
      Temps:          0       0       0       0       0       0       0       0       0       0       0       0       0       0       0       0
      Totals:         0       0       0       0       0       0       0       0       0       0       0       0       0       0       0       0
Total ram usage:        0 bytes
 Hardware stack levels used:    1
 Hardware stack levels required when called:    8
 This function calls:
		_ADC_Initialize
		_EUSART1_Initialize
		_EUSART2_Initialize
		_I2C_Initialize
		_INTERRUPT_Initialize
		_OSCILLATOR_Initialize
		_PIN_MANAGER_Initialize
		_TMR1_Initialize
 This function is called by:
		_main
 This function uses a non-reentrant model


 *************** function _TMR1_Initialize *****************
 Defined at:
		line 63 in file "mcc_generated_files/tmr1.c"
 Parameters:    Size  Location     Type
		None
 Auto vars:     Size  Location     Type
		None
 Return value:  Size  Location     Type
                  1    wreg      void 
 Registers used:
		wreg, status,2, status,0, cstack
 Tracked objects:
		On entry : 
		On exit  : 
		Unchanged: 
 Data sizes:     COMRAM   BANK0   BANK1   BANK2   BANK3   BANK4   BANK5   BANK6   BANK7   BANK8   BANK9  BANK10  BANK11  BANK12  BANK13  BANK14
      Params:         0       0       0       0       0       0       0       0       0       0       0       0       0       0       0       0
      Locals:         0       0       0       0       0       0       0       0       0       0       0       0       0       0       0       0
      Temps:          0       0       2       0       0       0       0       0       0       0       0       0       0       0       0       0
      Totals:         0       0       2       0       0       0       0       0       0       0       0       0       0       0       0       0
Total ram usage:        2 bytes
 Hardware stack levels used:    1
 Hardware stack levels required when called:    7
 This function calls:
		_TMR1_StartTimer
 This function is called by:
		_SYSTEM_Initialize
 This function uses a non-reentrant model


 *************** function _TMR1_StartTimer *****************
 Defined at:
		line 89 in file "mcc_generated_files/tmr1.c"
 Parameters:    Size  Location     Type
		None
 Auto vars:     Size  Location     Type
		None
 Return value:  Size  Location     Type
                  1    wreg      void 
 Registers used:
		None
 Tracked objects:
		On entry : 
		On exit  : 
		Unchanged: 
 Data sizes:     COMRAM   BANK0   BANK1   BANK2   BANK3   BANK4   BANK5   BANK6   BANK7   BANK8   BANK9  BANK10  BANK11  BANK12  BANK13  BANK14
      Params:         0       0       0       0       0       0       0       0       0       0       0       0       0       0       0       0
      Locals:         0       0       0       0       0       0       0       0       0       0       0       0       0       0       0       0
      Temps:          0       0       0       0       0       0       0       0       0       0       0       0       0       0       0       0
      Totals:         0       0       0       0       0       0       0       0       0       0       0       0       0       0       0       0
Total ram usage:        0 bytes
 Hardware stack levels used:    1
 Hardware stack levels required when called:    6
 This function calls:
		Nothing
 This function is called by:
		_TMR1_Initialize
 This function uses a non-reentrant model


 *************** function _PIN_MANAGER_Initialize *****************
 Defined at:
		line 51 in file "mcc_generated_files/pin_manager.c"
 Parameters:    Size  Location     Type
		None
 Auto vars:     Size  Location     Type
		None
 Return value:  Size  Location     Type
                  1    wreg      void 
 Registers used:
		wreg, status,2
 Tracked objects:
		On entry : 
		On exit  : 
		Unchanged: 
 Data sizes:     COMRAM   BANK0   BANK1   BANK2   BANK3   BANK4   BANK5   BANK6   BANK7   BANK8   BANK9  BANK10  BANK11  BANK12  BANK13  BANK14
      Params:         0       0       0       0       0       0       0       0       0       0       0       0       0       0       0       0
      Locals:         0       0       0       0       0       0       0       0       0       0       0       0       0       0       0       0
      Temps:          0       0       0       0       0       0       0       0       0       0       0       0       0       0       0       0
      Totals:         0       0       0       0       0       0       0       0       0       0       0       0       0       0       0       0
Total ram usage:        0 bytes
 Hardware stack levels used:    1
 Hardware stack levels required when called:    6
 This function calls:
		Nothing
 This function is called by:
		_SYSTEM_Initialize
 This function uses a non-reentrant model


 *************** function _OSCILLATOR_Initialize *****************
 Defined at:
		line 124 in file "mcc_generated_files/mcc.c"
 Parameters:    Size  Location     Type
		None
 Auto vars:     Size  Location     Type
		None
 Return value:  Size  Location     Type
                  1    wreg      void 
 Registers used:
		wreg, status,2
 Tracked objects:
		On entry : 
		On exit  : 
		Unchanged: 
 Data sizes:     COMRAM   BANK0   BANK1   BANK2   BANK3   BANK4   BANK5   BANK6   BANK7   BANK8   BANK9  BANK10  BANK11  BANK12  BANK13  BANK14
      Params:         0       0       0       0       0       0       0       0       0       0       0       0       0       0       0       0
      Locals:         0       0       0       0       0       0       0       0       0       0       0       0       0       0       0       0
      Temps:          0       0       0       0       0       0       0       0       0       0       0       0       0       0       0       0
      Totals:         0       0       0       0       0       0       0       0       0       0       0       0       0       0       0       0
Total ram usage:        0 bytes
 Hardware stack levels used:    1
 Hardware stack levels required when called:    6
 This function calls:
		Nothing
 This function is called by:
		_SYSTEM_Initialize
 This function uses a non-reentrant model


 *************** function _INTERRUPT_Initialize *****************
 Defined at:
		line 51 in file "mcc_generated_files/interrupt_manager.c"
 Parameters:    Size  Location     Type
		None
 Auto vars:     Size  Location     Type
		None
 Return value:  Size  Location     Type
                  1    wreg      void 
 Registers used:
		None
 Tracked objects:
		On entry : 
		On exit  : 
		Unchanged: 
 Data sizes:     COMRAM   BANK0   BANK1   BANK2   BANK3   BANK4   BANK5   BANK6   BANK7   BANK8   BANK9  BANK10  BANK11  BANK12  BANK13  BANK14
      Params:         0       0       0       0       0       0       0       0       0       0       0       0       0       0       0       0
      Locals:         0       0       0       0       0       0       0       0       0       0       0       0       0       0       0       0
      Temps:          0       0       0       0       0       0       0       0       0       0       0       0       0       0       0       0
      Totals:         0       0       0       0       0       0       0       0       0       0       0       0       0       0       0       0
Total ram usage:        0 bytes
 Hardware stack levels used:    1
 Hardware stack levels required when called:    6
 This function calls:
		Nothing
 This function is called by:
		_SYSTEM_Initialize
 This function uses a non-reentrant model


 *************** function _I2C_Initialize *****************
 Defined at:
		line 79 in file "mcc_generated_files/i2c.c"
 Parameters:    Size  Location     Type
		None
 Auto vars:     Size  Location     Type
		None
 Return value:  Size  Location     Type
                  1    wreg      void 
 Registers used:
		wreg, status,2
 Tracked objects:
		On entry : 
		On exit  : 
		Unchanged: 
 Data sizes:     COMRAM   BANK0   BANK1   BANK2   BANK3   BANK4   BANK5   BANK6   BANK7   BANK8   BANK9  BANK10  BANK11  BANK12  BANK13  BANK14
      Params:         0       0       0       0       0       0       0       0       0       0       0       0       0       0       0       0
      Locals:         0       0       0       0       0       0       0       0       0       0       0       0       0       0       0       0
      Temps:          0       0       0       0       0       0       0       0       0       0       0       0       0       0       0       0
      Totals:         0       0       0       0       0       0       0       0       0       0       0       0       0       0       0       0
Total ram usage:        0 bytes
 Hardware stack levels used:    1
 Hardware stack levels required when called:    6
 This function calls:
		Nothing
 This function is called by:
		_SYSTEM_Initialize
 This function uses a non-reentrant model


 *************** function _EUSART2_Initialize *****************
 Defined at:
		line 55 in file "mcc_generated_files/eusart2.c"
 Parameters:    Size  Location     Type
		None
 Auto vars:     Size  Location     Type
		None
 Return value:  Size  Location     Type
                  1    wreg      void 
 Registers used:
		wreg, status,2
 Tracked objects:
		On entry : 
		On exit  : 
		Unchanged: 
 Data sizes:     COMRAM   BANK0   BANK1   BANK2   BANK3   BANK4   BANK5   BANK6   BANK7   BANK8   BANK9  BANK10  BANK11  BANK12  BANK13  BANK14
      Params:         0       0       0       0       0       0       0       0       0       0       0       0       0       0       0       0
      Locals:         0       0       0       0       0       0       0       0       0       0       0       0       0       0       0       0
      Temps:          0       0       0       0       0       0       0       0       0       0       0       0       0       0       0       0
      Totals:         0       0       0       0       0       0       0       0       0       0       0       0       0       0       0       0
Total ram usage:        0 bytes
 Hardware stack levels used:    1
 Hardware stack levels required when called:    6
 This function calls:
		Nothing
 This function is called by:
		_SYSTEM_Initialize
 This function uses a non-reentrant model


 *************** function _EUSART1_Initialize *****************
 Defined at:
		line 55 in file "mcc_generated_files/eusart1.c"
 Parameters:    Size  Location     Type
		None
 Auto vars:     Size  Location     Type
		None
 Return value:  Size  Location     Type
                  1    wreg      void 
 Registers used:
		wreg, status,2
 Tracked objects:
		On entry : 
		On exit  : 
		Unchanged: 
 Data sizes:     COMRAM   BANK0   BANK1   BANK2   BANK3   BANK4   BANK5   BANK6   BANK7   BANK8   BANK9  BANK10  BANK11  BANK12  BANK13  BANK14
      Params:         0       0       0       0       0       0       0       0       0       0       0       0       0       0       0       0
      Locals:         0       0       0       0       0       0       0       0       0       0       0       0       0       0       0       0
      Temps:          0       0       0       0       0       0       0       0       0       0       0       0       0       0       0       0
      Totals:         0       0       0       0       0       0       0       0       0       0       0       0       0       0       0       0
Total ram usage:        0 bytes
 Hardware stack levels used:    1
 Hardware stack levels required when called:    6
 This function calls:
		Nothing
 This function is called by:
		_SYSTEM_Initialize
 This function uses a non-reentrant model


 *************** function _ADC_Initialize *****************
 Defined at:
		line 58 in file "mcc_generated_files/adc.c"
 Parameters:    Size  Location     Type
		None
 Auto vars:     Size  Location     Type
		None
 Return value:  Size  Location     Type
                  1    wreg      void 
 Registers used:
		wreg, status,2
 Tracked objects:
		On entry : 
		On exit  : 
		Unchanged: 
 Data sizes:     COMRAM   BANK0   BANK1   BANK2   BANK3   BANK4   BANK5   BANK6   BANK7   BANK8   BANK9  BANK10  BANK11  BANK12  BANK13  BANK14
      Params:         0       0       0       0       0       0       0       0       0       0       0       0       0       0       0       0
      Locals:         0       0       0       0       0       0       0       0       0       0       0       0       0       0       0       0
      Temps:          0       0       0       0       0       0       0       0       0       0       0       0       0       0       0       0
      Totals:         0       0       0       0       0       0       0       0       0       0       0       0       0       0       0       0
Total ram usage:        0 bytes
 Hardware stack levels used:    1
 Hardware stack levels required when called:    6
 This function calls:
		Nothing
 This function is called by:
		_SYSTEM_Initialize
 This function uses a non-reentrant model


 *************** function _INTERRUPT_InterruptManager *****************
 Defined at:
		line 57 in file "mcc_generated_files/interrupt_manager.c"
 Parameters:    Size  Location     Type
		None
 Auto vars:     Size  Location     Type
		None
 Return value:  Size  Location     Type
                  1    wreg      void 
 Registers used:
		wreg, fsr2l, fsr2h, status,2, status,0, tblptrl, tblptrh, tblptru, prodl, prodh, cstack
 Tracked objects:
		On entry : 
		On exit  : 
		Unchanged: 
 Data sizes:     COMRAM   BANK0   BANK1   BANK2   BANK3   BANK4   BANK5   BANK6   BANK7   BANK8   BANK9  BANK10  BANK11  BANK12  BANK13  BANK14
      Params:         0       0       0       0       0       0       0       0       0       0       0       0       0       0       0       0
      Locals:         0       0       0       0       0       0       0       0       0       0       0       0       0       0       0       0
      Temps:         14       0       0       0       0       0       0       0       0       0       0       0       0       0       0       0
      Totals:        14       0       0       0       0       0       0       0       0       0       0       0       0       0       0       0
Total ram usage:       14 bytes
 Hardware stack levels used:    1
 Hardware stack levels required when called:    5
 This function calls:
		_ADC_ISR
		_I2C_ISR
 This function is called by:
		Interrupt level 2
 This function uses a non-reentrant model


 *************** function _I2C_ISR *****************
 Defined at:
		line 102 in file "mcc_generated_files/i2c.c"
 Parameters:    Size  Location     Type
		None
 Auto vars:     Size  Location     Type
		None
 Return value:  Size  Location     Type
                  1    wreg      void 
 Registers used:
		wreg, fsr2l, fsr2h, status,2, status,0, tblptrl, tblptrh, tblptru, prodl, prodh, cstack
 Tracked objects:
		On entry : 
		On exit  : 
		Unchanged: 
 Data sizes:     COMRAM   BANK0   BANK1   BANK2   BANK3   BANK4   BANK5   BANK6   BANK7   BANK8   BANK9  BANK10  BANK11  BANK12  BANK13  BANK14
      Params:         0       0       0       0       0       0       0       0       0       0       0       0       0       0       0       0
      Locals:         0       0       0       0       0       0       0       0       0       0       0       0       0       0       0       0
      Temps:          0       0       0       0       0       0       0       0       0       0       0       0       0       0       0       0
      Totals:         0       0       0       0       0       0       0       0       0       0       0       0       0       0       0       0
Total ram usage:        0 bytes
 Hardware stack levels used:    1
 Hardware stack levels required when called:    4
 This function calls:
		_getByteToSend
		_handleByteReceived
		i2_printf
 This function is called by:
		_INTERRUPT_InterruptManager
 This function uses a non-reentrant model


 *************** function i2_printf *****************
 Defined at:
		line 464 in file "C:\Program Files (x86)\Microchip\xc8\v1.42\sources\common\doprnt.c"
 Parameters:    Size  Location     Type
  f               2    2[COMRAM] PTR const unsigned char 
		 -> STR_3(17), STR_2(13), STR_1(10), 
 Auto vars:     Size  Location     Type
  printf          4    0        struct .
  printf          3    0        PTR const unsigned char 
  printf          2    4[COMRAM] PTR void [1]
		 -> ?i2_printf(2), ?_printf(2), 
  printf          2    0        unsigned int 
  printf          2    0        unsigned int 
  printf          1    6[COMRAM] char 
  printf          1    0        unsigned char 
  printf          1    0        char 
 Return value:  Size  Location     Type
                  2    2[COMRAM] int 
 Registers used:
		wreg, status,2, status,0, tblptrl, tblptrh, tblptru, cstack
 Tracked objects:
		On entry : 
		On exit  : 
		Unchanged: 
 Data sizes:     COMRAM   BANK0   BANK1   BANK2   BANK3   BANK4   BANK5   BANK6   BANK7   BANK8   BANK9  BANK10  BANK11  BANK12  BANK13  BANK14
      Params:         2       0       0       0       0       0       0       0       0       0       0       0       0       0       0       0
      Locals:         3       0       0       0       0       0       0       0       0       0       0       0       0       0       0       0
      Temps:          0       0       0       0       0       0       0       0       0       0       0       0       0       0       0       0
      Totals:         5       0       0       0       0       0       0       0       0       0       0       0       0       0       0       0
Total ram usage:        5 bytes
 Hardware stack levels used:    1
 Hardware stack levels required when called:    2
 This function calls:
		i2_putch
 This function is called by:
		_I2C_ISR
 This function uses a non-reentrant model


 *************** function i2_putch *****************
 Defined at:
		line 110 in file "mcc_generated_files/eusart2.c"
 Parameters:    Size  Location     Type
  txData          1    wreg     unsigned char 
 Auto vars:     Size  Location     Type
  txData          1    1[COMRAM] unsigned char 
 Return value:  Size  Location     Type
                  1    wreg      void 
 Registers used:
		wreg, status,2, cstack
 Tracked objects:
		On entry : 
		On exit  : 
		Unchanged: 
 Data sizes:     COMRAM   BANK0   BANK1   BANK2   BANK3   BANK4   BANK5   BANK6   BANK7   BANK8   BANK9  BANK10  BANK11  BANK12  BANK13  BANK14
      Params:         0       0       0       0       0       0       0       0       0       0       0       0       0       0       0       0
      Locals:         1       0       0       0       0       0       0       0       0       0       0       0       0       0       0       0
      Temps:          0       0       0       0       0       0       0       0       0       0       0       0       0       0       0       0
      Totals:         1       0       0       0       0       0       0       0       0       0       0       0       0       0       0       0
Total ram usage:        1 bytes
 Hardware stack levels used:    1
 Hardware stack levels required when called:    1
 This function calls:
		i2_EUSART2_Write
 This function is called by:
		i2_printf
 This function uses a non-reentrant model


 *************** function i2_EUSART2_Write *****************
 Defined at:
		line 96 in file "mcc_generated_files/eusart2.c"
 Parameters:    Size  Location     Type
  txData          1    wreg     unsigned char 
 Auto vars:     Size  Location     Type
[...]
 Registers used:
		wreg, fsr2l, fsr2h, status,2, status,0, prodl, prodh, cstack
 Tracked objects:
		On entry : 
		On exit  : 
		Unchanged: 
 Data sizes:     COMRAM   BANK0   BANK1   BANK2   BANK3   BANK4   BANK5   BANK6   BANK7   BANK8   BANK9  BANK10  BANK11  BANK12  BANK13  BANK14
      Params:         0       0       0       0       0       0       0       0       0       0       0       0       0       0       0       0
      Locals:        15       0       0       0       0       0       0       0       0       0       0       0       0       0       0       0
      Temps:          2       0       0       0       0       0       0       0       0       0       0       0       0       0       0       0
      Totals:        17       0       0       0       0       0       0       0       0       0       0       0       0       0       0       0
Total ram usage:       17 bytes
 Hardware stack levels used:    1
 Hardware stack levels required when called:    3
 This function calls:
		_ADC_GetConversion
		_clearState
		_pingAX
		_readAXData
		_writeAXData
 This function is called by:
		_I2C_ISR
		_I2C_ISR_bad
 This function uses a non-reentrant model


 *************** function _writeAXData *****************
 Defined at:
		line 252 in file "ax.c"
 Parameters:    Size  Location     Type
  id              2   47[COMRAM] int 
  address         2   49[COMRAM] int 
  data            2   51[COMRAM] int 
 Auto vars:     Size  Location     Type
  packet         20   20[BANK0 ] unsigned char [20]
  result         20    0[BANK0 ] unsigned char [20]
  size            2   46[BANK0 ] int 
  error           2   44[BANK0 ] int 
  instruction     2   42[BANK0 ] int 
  length          2   40[BANK0 ] int 
 Return value:  Size  Location     Type
                  2   47[COMRAM] int 
 Registers used:
		wreg, fsr2l, fsr2h, status,2, status,0, cstack
 Tracked objects:
		On entry : 
		On exit  : 
		Unchanged: 
 Data sizes:     COMRAM   BANK0   BANK1   BANK2   BANK3   BANK4   BANK5   BANK6   BANK7   BANK8   BANK9  BANK10  BANK11  BANK12  BANK13  BANK14
      Params:         6       0       0       0       0       0       0       0       0       0       0       0       0       0       0       0
      Locals:         0      48       0       0       0       0       0       0       0       0       0       0       0       0       0       0
      Temps:          1       0       0       0       0       0       0       0       0       0       0       0       0       0       0       0
      Totals:         7      48       0       0       0       0       0       0       0       0       0       0       0       0       0       0
Total ram usage:       55 bytes
 Hardware stack levels used:    1
 Hardware stack levels required when called:    2
 This function calls:
		_getAddressSize
		_sendAX
 This function is called by:
		_getByteToSend
 This function uses a non-reentrant model


 *************** function _readAXData *****************
 Defined at:
		line 225 in file "ax.c"
 Parameters:    Size  Location     Type
  id              2   47[COMRAM] int 
  address         2   49[COMRAM] int 
 Auto vars:     Size  Location     Type
  packet         20   22[BANK0 ] unsigned char [20]
  result         20    0[BANK0 ] unsigned char [20]
  size            2   48[BANK0 ] int 
  instruction     2   46[BANK0 ] int 
  length          2   44[BANK0 ] int 
  nbParameters    2   42[BANK0 ] int 
  error           2   20[BANK0 ] int 
 Return value:  Size  Location     Type
                  2   47[COMRAM] int 
 Registers used:
		wreg, fsr2l, fsr2h, status,2, status,0, cstack
 Tracked objects:
		On entry : 
		On exit  : 
		Unchanged: 
 Data sizes:     COMRAM   BANK0   BANK1   BANK2   BANK3   BANK4   BANK5   BANK6   BANK7   BANK8   BANK9  BANK10  BANK11  BANK12  BANK13  BANK14
      Params:         4       0       0       0       0       0       0       0       0       0       0       0       0       0       0       0
      Locals:         0      50       0       0       0       0       0       0       0       0       0       0       0       0       0       0
      Temps:          2       0       0       0       0       0       0       0       0       0       0       0       0       0       0       0
      Totals:         6      50       0       0       0       0       0       0       0       0       0       0       0       0       0       0
Total ram usage:       56 bytes
 Hardware stack levels used:    1
 Hardware stack levels required when called:    2
 This function calls:
		_getAddressSize
		_sendAX
 This function is called by:
		_getByteToSend
 This function uses a non-reentrant model


 *************** function _getAddressSize *****************
 Defined at:
		line 24 in file "ax.c"
 Parameters:    Size  Location     Type
  address         2    0[COMRAM] int 
 Auto vars:     Size  Location     Type
		None
 Return value:  Size  Location     Type
                  2    0[COMRAM] int 
 Registers used:
		wreg, status,2, status,0
 Tracked objects:
		On entry : 
		On exit  : 
		Unchanged: 
 Data sizes:     COMRAM   BANK0   BANK1   BANK2   BANK3   BANK4   BANK5   BANK6   BANK7   BANK8   BANK9  BANK10  BANK11  BANK12  BANK13  BANK14
      Params:         2       0       0       0       0       0       0       0       0       0       0       0       0       0       0       0
      Locals:         0       0       0       0       0       0       0       0       0       0       0       0       0       0       0       0
      Temps:          2       0       0       0       0       0       0       0       0       0       0       0       0       0       0       0
      Totals:         4       0       0       0       0       0       0       0       0       0       0       0       0       0       0       0
Total ram usage:        4 bytes
 Hardware stack levels used:    1
 This function calls:
		Nothing
 This function is called by:
		_readAXData
		_writeAXData
 This function uses a non-reentrant model


 *************** function _pingAX *****************
 Defined at:
		line 208 in file "ax.c"
 Parameters:    Size  Location     Type
  id              2   47[COMRAM] int 
 Auto vars:     Size  Location     Type
  packet         20   20[BANK0 ] unsigned char [20]
  result         20    0[BANK0 ] unsigned char [20]
  error           2   46[BANK0 ] int 
  instruction     2   44[BANK0 ] int 
  length          2   42[BANK0 ] int 
  nbParameters    2   40[BANK0 ] int 
 Return value:  Size  Location     Type
                  2   47[COMRAM] int 
 Registers used:
		wreg, fsr2l, fsr2h, status,2, status,0, cstack
 Tracked objects:
		On entry : 
		On exit  : 
		Unchanged: 
 Data sizes:     COMRAM   BANK0   BANK1   BANK2   BANK3   BANK4   BANK5   BANK6   BANK7   BANK8   BANK9  BANK10  BANK11  BANK12  BANK13  BANK14
      Params:         2       0       0       0       0       0       0       0       0       0       0       0       0       0       0       0
      Locals:         0      48       0       0       0       0       0       0       0       0       0       0       0       0       0       0
      Temps:          1       0       0       0       0       0       0       0       0       0       0       0       0       0       0       0
      Totals:         3      48       0       0       0       0       0       0       0       0       0       0       0       0       0       0
Total ram usage:       51 bytes
 Hardware stack levels used:    1
 Hardware stack levels required when called:    2
 This function calls:
		_sendAX
 This function is called by:
		_getByteToSend
 This function uses a non-reentrant model


 *************** function _sendAX *****************
 Defined at:
		line 131 in file "ax.c"
 Parameters:    Size  Location     Type
  buffer          2    2[COMRAM] PTR unsigned char 
		 -> writeAXData@packet(20), readAXData@packet(20), pingAX@packet(20), 
  packetSize      2    4[COMRAM] int 
  result          2    6[COMRAM] PTR unsigned char 
		 -> writeAXData@result(20), readAXData@result(20), pingAX@result(20), 
  parametersTo    2    8[COMRAM] int 
 Auto vars:     Size  Location     Type
  i               2   41[COMRAM] int 
  i               2   39[COMRAM] int 
  i               2   35[COMRAM] int 
  i               2   33[COMRAM] int 
  i               2   31[COMRAM] int 
  stop            2   45[COMRAM] int 
  r0              2   37[COMRAM] int 
  count           2   29[COMRAM] int 
  param6          2   27[COMRAM] int 
  param5          2   25[COMRAM] int 
  param4          2   23[COMRAM] int 
  param3          2   21[COMRAM] int 
  param2          2   19[COMRAM] int 
  param1          2   17[COMRAM] int 
  param0          2   15[COMRAM] int 
  checksumResu    1   44[COMRAM] unsigned char 
  checksum        1   43[COMRAM] unsigned char 
 Return value:  Size  Location     Type
                  1    wreg      unsigned char 
 Registers used:
		wreg, fsr2l, fsr2h, status,2, status,0, cstack
 Tracked objects:
		On entry : 
		On exit  : 
		Unchanged: 
 Data sizes:     COMRAM   BANK0   BANK1   BANK2   BANK3   BANK4   BANK5   BANK6   BANK7   BANK8   BANK9  BANK10  BANK11  BANK12  BANK13  BANK14
      Params:         8       0       0       0       0       0       0       0       0       0       0       0       0       0       0       0
      Locals:        32       0       0       0       0       0       0       0       0       0       0       0       0       0       0       0
      Temps:          5       0       0       0       0       0       0       0       0       0       0       0       0       0       0       0
      Totals:        45       0       0       0       0       0       0       0       0       0       0       0       0       0       0       0
Total ram usage:       45 bytes
 Hardware stack levels used:    1
 Hardware stack levels required when called:    1
 This function calls:
		_EUSART1_Read
		_EUSART1_Write
 This function is called by:
		_pingAX
		_readAXData
		_writeAXData
 This function uses a non-reentrant model


 *************** function _EUSART1_Write *****************
 Defined at:
		line 95 in file "mcc_generated_files/eusart1.c"
 Parameters:    Size  Location     Type
  txData          1    wreg     unsigned char 
 Auto vars:     Size  Location     Type
  txData          1    0[COMRAM] unsigned char 
 Return value:  Size  Location     Type
                  1    wreg      void 
 Registers used:
		wreg
 Tracked objects:
		On entry : 
		On exit  : 
		Unchanged: 
 Data sizes:     COMRAM   BANK0   BANK1   BANK2   BANK3   BANK4   BANK5   BANK6   BANK7   BANK8   BANK9  BANK10  BANK11  BANK12  BANK13  BANK14
      Params:         0       0       0       0       0       0       0       0       0       0       0       0       0       0       0       0
      Locals:         1       0       0       0       0       0       0       0       0       0       0       0       0       0       0       0
      Temps:          0       0       0       0       0       0       0       0       0       0       0       0       0       0       0       0
      Totals:         1       0       0       0       0       0       0       0       0       0       0       0       0       0       0       0
Total ram usage:        1 bytes
 Hardware stack levels used:    1
 This function calls:
		Nothing
 This function is called by:
		_sendAX
 This function uses a non-reentrant model


 *************** function _EUSART1_Read *****************
 Defined at:
		line 75 in file "mcc_generated_files/eusart1.c"
 Parameters:    Size  Location     Type
		None
 Auto vars:     Size  Location     Type
  i               2    0[COMRAM] int 
 Return value:  Size  Location     Type
                  1    wreg      unsigned char 
 Registers used:
		wreg, status,2, status,0
 Tracked objects:
		On entry : 
		On exit  : 
		Unchanged: 
 Data sizes:     COMRAM   BANK0   BANK1   BANK2   BANK3   BANK4   BANK5   BANK6   BANK7   BANK8   BANK9  BANK10  BANK11  BANK12  BANK13  BANK14
      Params:         0       0       0       0       0       0       0       0       0       0       0       0       0       0       0       0
      Locals:         2       0       0       0       0       0       0       0       0       0       0       0       0       0       0       0
      Temps:          0       0       0       0       0       0       0       0       0       0       0       0       0       0       0       0
      Totals:         2       0       0       0       0       0       0       0       0       0       0       0       0       0       0       0
Total ram usage:        2 bytes
 Hardware stack levels used:    1
 This function calls:
		Nothing
 This function is called by:
		_sendAX
 This function uses a non-reentrant model


 *************** function _clearState *****************
 Defined at:
		line 334 in file "ax.c"
 Parameters:    Size  Location     Type
		None
 Auto vars:     Size  Location     Type
		None
 Return value:  Size  Location     Type
                  1    wreg      void 
 Registers used:
		wreg, status,2
 Tracked objects:
		On entry : 
		On exit  : 
		Unchanged: 
 Data sizes:     COMRAM   BANK0   BANK1   BANK2   BANK3   BANK4   BANK5   BANK6   BANK7   BANK8   BANK9  BANK10  BANK11  BANK12  BANK13  BANK14
      Params:         0       0       0       0       0       0       0       0       0       0       0       0       0       0       0       0
      Locals:         0       0       0       0       0       0       0       0       0       0       0       0       0       0       0       0
      Temps:          0       0       0       0       0       0       0       0       0       0       0       0       0       0       0       0
      Totals:         0       0       0       0       0       0       0       0       0       0       0       0       0       0       0       0
Total ram usage:        0 bytes
 Hardware stack levels used:    1
 This function calls:
		Nothing
 This function is called by:
		_getByteToSend
 This function uses a non-reentrant model


 *************** function _ADC_GetConversion *****************
 Defined at:
		line 105 in file "mcc_generated_files/adc.c"
 Parameters:    Size  Location     Type
  channel         1    wreg     enum E15090
 Auto vars:     Size  Location     Type
  channel         1    4[COMRAM] enum E15090
 Return value:  Size  Location     Type
                  2    0[COMRAM] unsigned int 
 Registers used:
		wreg, status,2, status,0
 Tracked objects:
		On entry : 
		On exit  : 
		Unchanged: 
 Data sizes:     COMRAM   BANK0   BANK1   BANK2   BANK3   BANK4   BANK5   BANK6   BANK7   BANK8   BANK9  BANK10  BANK11  BANK12  BANK13  BANK14
      Params:         2       0       0       0       0       0       0       0       0       0       0       0       0       0       0       0
      Locals:         1       0       0       0       0       0       0       0       0       0       0       0       0       0       0       0
      Temps:          2       0       0       0       0       0       0       0       0       0       0       0       0       0       0       0
      Totals:         5       0       0       0       0       0       0       0       0       0       0       0       0       0       0       0
Total ram usage:        5 bytes
 Hardware stack levels used:    1
 This function calls:
		Nothing
 This function is called by:
		_getByteToSend
		_getADC
 This function uses a non-reentrant model


 *************** function _ADC_ISR *****************
 Defined at:
		line 126 in file "mcc_generated_files/adc.c"
 Parameters:    Size  Location     Type
		None
 Auto vars:     Size  Location     Type
		None
 Return value:  Size  Location     Type
                  1    wreg      void 
 Registers used:
		None
 Tracked objects:
		On entry : 
		On exit  : 
		Unchanged: 
 Data sizes:     COMRAM   BANK0   BANK1   BANK2   BANK3   BANK4   BANK5   BANK6   BANK7   BANK8   BANK9  BANK10  BANK11  BANK12  BANK13  BANK14
      Params:         0       0       0       0       0       0       0       0       0       0       0       0       0       0       0       0
      Locals:         0       0       0       0       0       0       0       0       0       0       0       0       0       0       0       0
      Temps:          0       0       0       0       0       0       0       0       0       0       0       0       0       0       0       0
      Totals:         0       0       0       0       0       0       0       0       0       0       0       0       0       0       0       0
Total ram usage:        0 bytes
 Hardware stack levels used:    1
 This function calls:
		Nothing
 This function is called by:
		_INTERRUPT_InterruptManager
 This function uses a non-reentrant model



MODULE INFORMATION

Module		Function		Class		Link	Load	Size
mcc_generated_files/eusart2.c
		_putch         		CODE           	1D22	0000	15
		_EUSART2_Write 		CODE           	1D30	0000	15
		_EUSART2_Initialize		CODE           	1CE4	0000	23

mcc_generated_files/eusart2.c estimated size: 53

C:\Program Files (x86)\Microchip\xc8\v1.42\sources\common\awdiv.c
		___awdiv       		CODE           	15AA	0000	191

C:\Program Files (x86)\Microchip\xc8\v1.42\sources\common\awdiv.c estimated size: 191

mcc_generated_files/interrupt_manager.c
		_INTERRUPT_Initialize		CODE           	1D64	0000	5
		_INTERRUPT_InterruptManager		CODE           	0008	0000	143

mcc_generated_files/interrupt_manager.c estimated size: 148

mcc_generated_files/i2c.c
		_I2C_ISR       		CODE           	171A	0000	173
		_I2C_Initialize		CODE           	1CB2	0000	27

mcc_generated_files/i2c.c estimated size: 200

mcc_generated_files/pin_manager.c
		_PIN_MANAGER_Initialize		CODE           	1B26	0000	59

mcc_generated_files/pin_manager.c estimated size: 59

mcc_generated_files/adc.c
		_ADC_Initialize		CODE           	1CCC	0000	25
		_ADC_GetConversion		CODE           	1C34	0000	49
		_ADC_ISR       		CODE           	1D68	0000	5

mcc_generated_files/adc.c estimated size: 79

shared
		i2_printf      		CODE           	1C64	0000	45
		i2_putch       		CODE           	1D56	0000	11
		__initialization		CODE           	1ADA	0000	67
		i2_EUSART2_Write		CODE           	1D3E	0000	13

shared estimated size: 136

mcc_generated_files/eusart1.c
		_EUSART1_Initialize		CODE           	1CFA	0000	23
		_EUSART1_Read  		CODE           	1BCC	0000	55
		_EUSART1_Write 		CODE           	1D4A	0000	13

mcc_generated_files/eusart1.c estimated size: 91

mcc_generated_files/mcc.c
		_OSCILLATOR_Initialize		CODE           	1D10	0000	19
		_SYSTEM_Initialize		CODE           	1C90	0000	35

mcc_generated_files/mcc.c estimated size: 54

mcc_generated_files/tmr1.c
		_TMR1_Initialize		CODE           	1B96	0000	55
		_TMR1_StartTimer		CODE           	1D60	0000	5

mcc_generated_files/tmr1.c estimated size: 60

C:\Program Files (x86)\Microchip\xc8\v1.42\sources\common\doprnt.c
		_printf        		CODE           	1B60	0000	55

C:\Program Files (x86)\Microchip\xc8\v1.42\sources\common\doprnt.c estimated size: 55

ax.c
		_clearState    		CODE           	1C02	0000	51
		_setLedOn      		CODE           	18FA	0000	123
		_setLedOff     		CODE           	1974	0000	123
		_getAddressSize		CODE           	19EE	0000	121
		_sendAX        		CODE           	0F2A	0000	619
		_getByteToSend 		CODE           	1194	0000	415
		_readAXData    		CODE           	1668	0000	179
		_pingAX        		CODE           	1A66	0000	117
		_writeAXData   		CODE           	17C6	0000	167
		_handleByteReceived		CODE           	14AA	0000	257
		_delay_ms      		CODE           	186C	0000	143

ax.c estimated size: 2315

main.c
		_main          		CODE           	1332	0000	377

main.c estimated size: 377

